[kernel 0.000 boot] panic console: framebuffer at 0x4000000000 is above the boot map, armed after mm::init
[kernel 0.000 boot] serial: 16550 loopback read 0xff (absent or wrong port)
[kernel 0.000 boot] PAT: IA32_PAT=0x0007040100070406, entry 4 = WC
[kernel 0.000 boot] KernelArgs { memory_map_addr: 1672929304, memory_map_size: 2040, kernel_memory_addr: 1535115264, kernel_memory_size: 11612160, kernel_stack_addr: 3223552, kernel_stack_size: 8388608, rsdp_addr: 2495602708, initrd_addr: 1546825752, initrd_size: 89350144, init_program_addr: 1645157984, init_program_len: 37, kernel_elf_addr: 1636179992, kernel_elf_size: 3785584, gop_framebuffer: 274877906944, gop_framebuffer_size: 8294400, gop_width: 1920, gop_height: 1080, gop_stride: 1920, gop_pixel_format: 1, boot_pml4_addr: 1672876032, boot_partition_start_lba: 2048, boot_partition_blocks: 194136, boot_partition_guid: [237, 60, 46, 226, 195, 235, 55, 68, 174, 153, 90, 54, 67, 251, 51, 113], boot_partition_present: 1, log_partition_guid: [147, 142, 20, 24, 238, 57, 77, 77, 134, 171, 51, 66, 121, 237, 51, 105], rtc_utc_offset_minutes: 0, rtc_utc_offset_known: 0 }
[kernel 0.000 boot] ACPI: MADT cpus=[0, 2, 4, 6, 1, 3, 5, 7]
[kernel 0.000 boot] LAPIC: x2APIC enabled (ID 0)
[kernel 0.000 cpu0] percpu: BSP cpu_id=0 lapic_id=0 smep=on smap=on pcid=on
[kernel 0.000 cpu0] ioapic: id=2 at 0xfec00000 ver=0x20 gsi 0..119 masked 120/120
[kernel 0.000 cpu0] ioapic: iso bus:irq->gsi [0:0->2 edge/high, 0:9->9 level/high]
[kernel 0.000 cpu0] symbols: loaded 5108 kernel symbols
[kernel 0.000 cpu0] ACPI: HPET at 0xfed00000
[kernel 0.050 cpu0] TSC: 2419MHz (period=413293fs, calibrated over 50ms)
[kernel 0.050 cpu0] ACPI: the FADT puts the RTC century register at CMOS 0x32
[kernel 0.050 cpu0] clock: the RTC reads 2026-08-07 22:31:18; firmware named no zone, so it is taken as UTC
[kernel 0.060 cpu0] LAPIC timer: 384064 ticks/10ms
[kernel 0.060 cpu0] Boot: CPU ready (60ms)
[kernel 0.065 cpu0] ACPI: RSDP at 0x94bfe014
[kernel 0.065 cpu0] ACPI: MCFG found at 0x8f428000
[kernel 0.065 cpu0] ACPI: ECAM base address: 0xc0000000
[kernel 0.065 cpu0] PCI: Enumerating devices...
[kernel 0.065 cpu0]   PCI 00:00.0 [0600] vendor=8086 device=9a14 prog_if=00
[kernel 0.065 cpu0]   PCI 00:02.0 [0300] vendor=8086 device=9a49 prog_if=00
[kernel 0.065 cpu0]   PCI 00:04.0 [1180] vendor=8086 device=9a03 prog_if=00
[kernel 0.065 cpu0]   PCI 00:06.0 [0604] vendor=8086 device=9a09 prog_if=00
[kernel 0.065 cpu0]   PCI 00:07.0 [0604] vendor=8086 device=9a25 prog_if=00
[kernel 0.065 cpu0]   PCI 00:07.2 [0604] vendor=8086 device=9a27 prog_if=00
[kernel 0.065 cpu0]   PCI 00:0a.0 [1180] vendor=8086 device=9a0d prog_if=00
[kernel 0.065 cpu0]   PCI 00:0d.0 [0c03] vendor=8086 device=9a13 prog_if=30
[kernel 0.065 cpu0]   PCI 00:0d.2 [0c03] vendor=8086 device=9a1b prog_if=40
[kernel 0.065 cpu0]   PCI 00:0d.3 [0c03] vendor=8086 device=9a1d prog_if=40
[kernel 0.065 cpu0]   PCI 00:14.0 [0c03] vendor=8086 device=a0ed prog_if=30
[kernel 0.065 cpu0]   PCI 00:14.2 [0500] vendor=8086 device=a0ef prog_if=00
[kernel 0.065 cpu0]   PCI 00:16.0 [0780] vendor=8086 device=a0e0 prog_if=00
[kernel 0.065 cpu0]   PCI 00:1c.0 [0604] vendor=8086 device=a0b8 prog_if=00
[kernel 0.066 cpu0]   PCI 00:1c.4 [0604] vendor=8086 device=a0bc prog_if=00
[kernel 0.066 cpu0]   PCI 00:1c.7 [0604] vendor=8086 device=a0bf prog_if=00
[kernel 0.066 cpu0]   PCI 00:1f.0 [0601] vendor=8086 device=a082 prog_if=00
[kernel 0.066 cpu0]   PCI 00:1f.3 [0403] vendor=8086 device=a0c8 prog_if=80
[kernel 0.066 cpu0]   PCI 00:1f.4 [0c05] vendor=8086 device=a0a3 prog_if=00
[kernel 0.066 cpu0]   PCI 00:1f.5 [0c80] vendor=8086 device=a0a4 prog_if=00
[kernel 0.066 cpu0]   PCI 00:1f.6 [0200] vendor=8086 device=15fc prog_if=00
[kernel 0.067 cpu0]   PCI 04:00.0 [0108] vendor=1c5c device=1327 prog_if=02
[kernel 0.068 cpu0]   PCI 09:00.0 [0280] vendor=8086 device=2725 prog_if=00
[kernel 0.072 cpu0]   PCI 0a:00.0 [0805] vendor=17a0 device=9750 prog_if=01
[kernel 0.144 cpu0] PCI: Enumeration complete, 24 functions.
[kernel 0.144 cpu0] iommu: DMAR haw=39 flags=0x05 intr_remap=y x2apic_opt_out=n dma_ctrl_opt_in=y
[kernel 0.144 cpu0] iommu: unit0 @0xfed90000 seg=0 pci_all=n ver=4.0 cap=0x01c0000c40660462 ecap=0x0000029a00f0505e aw=48 sagaw=0x04 mgaw=39 nd=256 sps2m=y cm=n psi=n nfr=1 fro=0x400 qi=y ir=y eim=y pt=y coherent=n sc=n
[kernel 0.144 cpu0] iommu: unit0 scope pci-endpoint 00:02.0 id=0
[kernel 0.147 cpu0] iommu: identity domain aw=48 covers 0x0..0x45f800000 in 8956 2 MiB leaves
[kernel 0.147 cpu0] iommu: unit0 @0xfed90000 translating gsts=0xc4000000 tes=y qies=y root=0x1014000 domain=1 aw=48 streams=24
[kernel 0.147 cpu0] iommu: unit1 @0xfed85000 seg=0 pci_all=n ver=1.0 cap=0x00d2008c40660462 ecap=0x0000000000f050da aw=48 sagaw=0x04 mgaw=39 nd=256 sps2m=y cm=n psi=y nfr=1 fro=0x400 qi=y ir=y eim=y pt=y coherent=n sc=y
[kernel 0.147 cpu0] iommu: unit1 scope pci-bridge 00:07.0 id=0
[kernel 0.147 cpu0] iommu: unit1 @0xfed85000 translating gsts=0xc4000000 tes=y qies=y root=0x101b000 domain=1 aw=48 streams=24
[kernel 0.147 cpu0] iommu: unit2 @0xfed86000 seg=0 pci_all=n ver=1.0 cap=0x00d2008c40660462 ecap=0x0000000000f050da aw=48 sagaw=0x04 mgaw=39 nd=256 sps2m=y cm=n psi=y nfr=1 fro=0x400 qi=y ir=y eim=y pt=y coherent=n sc=y
[kernel 0.147 cpu0] iommu: unit2 scope pci-bridge 00:07.2 id=0
[kernel 0.147 cpu0] iommu: unit2 @0xfed86000 translating gsts=0xc4000000 tes=y qies=y root=0x1022000 domain=1 aw=48 streams=24
[kernel 0.147 cpu0] iommu: unit3 @0xfed91000 seg=0 pci_all=y ver=1.0 cap=0x00d2008c40660462 ecap=0x0000000000f050da aw=48 sagaw=0x04 mgaw=39 nd=256 sps2m=y cm=n psi=y nfr=1 fro=0x400 qi=y ir=y eim=y pt=y coherent=n sc=y
[kernel 0.147 cpu0] iommu: unit3 scope ioapic 00:1e.7 id=2
[kernel 0.147 cpu0] iommu: unit3 scope hpet 00:1e.6 id=0
[kernel 0.147 cpu0] iommu: unit3 @0xfed91000 translating gsts=0xc4000000 tes=y qies=y root=0x1029000 domain=1 aw=48 streams=24
[kernel 0.147 cpu0] iommu: rmrr0 seg=0 0x000000009c000000..0x00000000a07fffff
[kernel 0.147 cpu0] iommu: rmrr0 scope pci-endpoint 00:02.0 id=0
[kernel 0.147 cpu0] file cache: budget 63832 pages (249 MiB)
[kernel 0.147 cpu0] gpt: the boot volume names 18148E93-39EE-4D4D-86AB-334279ED3369 as the log partition
[kernel 0.147 cpu0] gpt: firmware booted us from partition E22E3CED-EBC3-4437-AE99-5A3643FB3371 at LBA 2048+194136
[kernel 0.147 cpu0] NVMe: found at PCI 04:00.0
[kernel 0.147 cpu0] NVMe: BAR0=0xbce00000
[kernel 0.148 cpu0] NVMe: controller enabled
[kernel 0.148 cpu0] NVMe: NS1 size=500118192 sectors, sector_size=512
[kernel 0.148 cpu0] NVMe: block device id=1 blocks=62514774 (244198MB)
[kernel 0.148 cpu0] gpt: device 1 has 4 partitions and none of them is ours
[kernel 0.148 cpu0] page cache: 62514774 device blocks, index sized for 7168 cached blocks, cap 4096 slots
[kernel 0.149 cpu0] storage: no ToyOS volume and no designation stamp at block 0 — this disk is not ours and nothing will be written to it
[kernel 0.149 cpu0] Boot: storage ready (83ms)
[kernel 0.160 cpu0] xHCI: found at PCI 00:0d.0
[kernel 0.160 cpu0] xHCI: BAR0=0x603dbb0000
[kernel 0.160 cpu0] xHCI: MSI enabled (vector 0x21)
[kernel 0.160 cpu0] xHCI: max_slots=64 max_ports=5 ctx_size=32 pagesize=0x1
[kernel 0.160 cpu0] xHCI: dma 2048 KiB: scratchpad=34 device blocks=64 of 12288 B (max_slots=64)
[kernel 0.160 cpu0] xHCI: firmware did not claim the controller (USBLEGSUP 0x01002201)
[kernel 0.160 cpu0] xHCI: USBLEGCTLSTS 0xe0000000 -> 0x00000000 (SMI generation off)
[kernel 0.160 cpu0] xHCI: USB 2.0 on ports 1..=1
[kernel 0.160 cpu0] xHCI: USB 3.1 on ports 2..=5
[kernel 0.160 cpu0] xHCI: 1 USB2 and 4 USB3 port register(s) of 5 named, 0 capability(ies) refused
[kernel 0.160 cpu0] xHCI: controller reset
[kernel 0.160 cpu0] xHCI: 34 scratchpad buffers configured
[kernel 0.160 cpu0] xHCI: controller started
[kernel 0.160 cpu0] xHCI: 5/5 root-hub ports powered (PPC=0)
[kernel 0.160 cpu0] xHCI: found at PCI 00:14.0
[kernel 0.160 cpu0] xHCI: BAR0=0x603dba0000
[kernel 0.160 cpu0] xHCI: MSI enabled (vector 0x21)
[kernel 0.160 cpu0] xHCI: max_slots=64 max_ports=16 ctx_size=32 pagesize=0x1
[kernel 0.160 cpu0] xHCI: dma 2048 KiB: scratchpad=34 device blocks=64 of 12288 B (max_slots=64)
[kernel 0.160 cpu0] xHCI: firmware did not claim the controller (USBLEGSUP 0x01002201)
[kernel 0.160 cpu0] xHCI: USBLEGCTLSTS 0xe0000000 -> 0x00000000 (SMI generation off)
[kernel 0.160 cpu0] xHCI: USB 2.0 on ports 1..=12
[kernel 0.160 cpu0] xHCI: USB 3.1 on ports 13..=16
[kernel 0.160 cpu0] xHCI: 12 USB2 and 4 USB3 port register(s) of 16 named, 0 capability(ies) refused
[kernel 0.160 cpu0] xHCI: controller reset
[kernel 0.161 cpu0] xHCI: 34 scratchpad buffers configured
[kernel 0.161 cpu0] xHCI: controller started
[kernel 0.161 cpu0] xHCI: 16/16 root-hub ports powered (PPC=0)
[kernel 0.366 cpu0] xHCI: no HID devices on the controller at 00:0d.0
[kernel 0.366 cpu0] xHCI: port 3 connected
[kernel 0.421 cpu0] xHCI: port 3 enabled, speed=1
[kernel 0.421 cpu0] xHCI: slot 1 enabled (dma +0x50000)
[kernel 0.422 cpu0] xHCI: device addressed
[kernel 0.422 cpu0] xHCI: device class=0xff vendor=06cb product=00bd
[kernel 0.422 cpu0] xHCI: no HID boot interface found on port 3, skipping it
[kernel 0.422 cpu0] xHCI: port 4 connected
[kernel 0.477 cpu0] xHCI: port 4 enabled, speed=3
[kernel 0.477 cpu0] xHCI: slot 2 enabled (dma +0x53000)
[kernel 0.477 cpu0] xHCI: device addressed
[kernel 0.478 cpu0] xHCI: device class=0xef vendor=13d3 product=5406
[kernel 0.478 cpu0] xHCI: no HID boot interface found on port 4, skipping it
[kernel 0.478 cpu0] xHCI: port 9 connected
[kernel 0.533 cpu0] xHCI: port 9 enabled, speed=1
[kernel 0.533 cpu0] xHCI: slot 3 enabled (dma +0x56000)
[kernel 0.534 cpu0] xHCI: device addressed
[kernel 0.535 cpu0] xHCI: device class=0x0 vendor=058f product=9540
[kernel 0.540 cpu0] xHCI: no HID boot interface found on port 9, skipping it
[kernel 0.540 cpu0] xHCI: port 10 connected
[kernel 0.595 cpu0] xHCI: port 10 enabled, speed=1
[kernel 0.595 cpu0] xHCI: slot 4 enabled (dma +0x59000)
[kernel 0.595 cpu0] xHCI: device addressed
[kernel 0.595 cpu0] xHCI: port 10 EP0 packet size 8 -> 64
[kernel 0.595 cpu0] xHCI: device class=0xe0 vendor=8087 product=0032
[kernel 0.596 cpu0] xHCI: no HID boot interface found on port 10, skipping it
[kernel 0.596 cpu0] xHCI: port 14 connected
[kernel 0.596 cpu0] xHCI: port 14 link already trained, no reset needed
[kernel 0.596 cpu0] xHCI: port 14 enabled, speed=4
[kernel 0.596 cpu0] xHCI: slot 5 enabled (dma +0x5c000)
[kernel 0.596 cpu0] xHCI: device addressed
[kernel 0.596 cpu0] xHCI: device class=0x0 vendor=0781 product=5581
[kernel 0.596 cpu0] xHCI: mass storage iface=0 in=0x81/1024 out=0x2/1024
[kernel 0.596 cpu0] xHCI: configuration set
[kernel 0.596 cpu0] xHCI: endpoint configured
[kernel 0.597 cpu0] usb-storage: slot 5 vendor "SanDisk." product "Ultra..........."
[kernel 0.597 cpu0] usb-storage: disk 0 ready on slot 5, 7507812 blocks of 512 B (29327 MiB), msc_block +0x30000
[kernel 0.597 cpu0] xHCI: no HID devices on the controller at 00:14.0
[kernel 0.597 cpu0] xHCI: 2 controller(s), 0 HID device(s)
[kernel 0.597 cpu0] usb-storage: 1 device(s)
[kernel 0.607 cpu0] gpt: device 16 carries the log partition 18148E93-39EE-4D4D-86AB-334279ED3369 at LBA 196608+69632, entry 1 of 2
[kernel 0.607 cpu0] gpt: device 16 carries the boot partition at LBA 2048+194136 (512-byte blocks), entry 0 of 2 on disk 943145F0-0FE6-4FCA-B0B1-F7A409EA4FCC
[kernel 0.607 cpu0] i8042: FADT rev 6 iapc_boot_arch=0x0011, bit 1 (8042) clear — probing either way
[kernel 0.608 cpu0] i8042: ok selftest=0x55 cfg=0x77->0x64 port1=ok port2=ok
[kernel 0.608 cpu0] i8042: kbd will not report its scancode set (0xF0 0x00 answered 0xee); firmware's own cfg 0x77 has translate on, so the wire is set 1
[kernel 1.001 cpu0] i8042: kbd set2+xlat (assumed, the set query was refused) scanning on, GSI 1 -> vec 0x24 apic 0 on
[kernel 1.001 cpu0] i8042: aux rate=100 res=8/mm, GSI 12 -> vec 0x24 apic 0
[kernel 1.001 cpu0] ACPI: PM1a=0x1804 SLP_TYPa=7
[kernel 1.001 cpu0] Boot: peripherals ready (841ms)
[kernel 1.023 cpu0] SMP: AP cpu1 lapic=2 online
[kernel 1.035 cpu0] SMP: AP cpu2 lapic=4 online
[kernel 1.048 cpu0] SMP: AP cpu3 lapic=6 online
[kernel 1.060 cpu0] SMP: AP cpu4 lapic=1 online
[kernel 1.072 cpu0] SMP: AP cpu5 lapic=3 online
[kernel 1.084 cpu0] SMP: AP cpu6 lapic=5 online
[kernel 1.097 cpu0] SMP: AP cpu7 lapic=7 online
[kernel 1.097 cpu0] storage: /home is a tmpfs — it will not survive a reboot
[kernel 1.097 cpu0] boot-volume: partition mounted, 99397632 bytes of a 99397632-byte partition at device offset 1048576, 512-byte sectors, 512-byte clusters, 191140 clusters
[kernel 1.098 cpu0] log-volume: partition mounted, 35651584 bytes of a 35651584-byte partition at device offset 100663296, 512-byte sectors, 512-byte clusters, 68552 clusters
[kernel 1.109 cpu0] log-file: this boot's kernel log is /log/2026-08-07-223119.log
[kernel 1.109 cpu0] Boot: subsystems ready (98ms)
[kernel 1.123 cpu0] virtio-console: no device found
[kernel 1.126 cpu0] VirtIO net: no device found
[kernel 1.135 cpu0] hda: 00:1f.3 8086:a0c8 version 1.0 gcap=0x9701 statests=0x0005
[kernel 1.135 cpu0] hda: 00:1f.3 bound, statests=0x0005, output stream 7 at 0x160, tag 1, 8 periods of 512 bytes
[kernel 1.139 cpu0] GPU: using UEFI GOP
[kernel 1.139 cpu0] GOP: 1920x1080 stride=1920 format=1 at 0x4000000000 tokens=[SharedToken(2), SharedToken(3)]
[kernel 1.139 cpu0] GOP: scanout memory type WC (MTRR UC, PAT entry 4)
[kernel 1.139 cpu0] mouse: rel scale x=36 y=64 (screen 1920x1080)
[kernel 1.139 cpu0] Boot: devices ready (20ms)
[kernel 1.151 cpu0] ELF: 9110 relocations indexed (RELATIVE + GLOB_DAT + TPOFF)
[kernel 1.151 cpu0] spawn: TLS 1 modules, total_memsz=144
[kernel 1.152 cpu0] spawn: /bin/compositor pid=0 tid=0 base=0x10000000000 entry=0x100001e81e4 cr3=0x1e24000 symbols=2048KiB (layout=0ms relocs=0ms deps=0ms tls=1ms total=2ms)
[kernel 1.152 cpu0] spawned /bin/compositor pid=0
[kernel 1.153 cpu0] ELF: 3152 relocations indexed (RELATIVE + GLOB_DAT + TPOFF)
[kernel 1.153 cpu0] spawn: TLS 1 modules, total_memsz=144
[kernel 1.153 cpu0] spawn: /bin/soundd pid=1 tid=0 base=0x10000000000 entry=0x10000038714 cr3=0xdf9000 symbols=2048KiB (layout=0ms relocs=0ms deps=0ms tls=0ms total=1ms)
[kernel 1.153 cpu0] spawned /bin/soundd pid=1
[kernel 1.154 cpu0] ELF: 3167 relocations indexed (RELATIVE + GLOB_DAT + TPOFF)
[kernel 1.154 cpu0] spawn: TLS 1 modules, total_memsz=144
[kernel 1.154 cpu0] spawn: /bin/netd pid=2 tid=0 base=0x10000000000 entry=0x1000003a0a4 cr3=0x1e57000 symbols=2048KiB (layout=0ms relocs=0ms deps=0ms tls=0ms total=1ms)
[kernel 1.154 cpu0] spawned /bin/netd pid=2
[kernel 1.154 cpu0] log: no serial console - this boot is in /log/2026-08-07-223119.log and on the screen
[kernel 1.154 cpu0] Boot: complete (1154ms)
[kernel 1.163 cpu4] CPU 4: joining scheduler
[kernel 1.163 cpu0] sched: cpu=0 ready=0 parked=0 current=None
[kernel 1.163 cpu4] sched: cpu=4 ready=0 parked=0 current=None
[kernel 1.163 cpu3] CPU 3: joining scheduler
[kernel 1.163 cpu2] CPU 2: joining scheduler
[kernel 1.163 cpu6] CPU 6: joining scheduler
[kernel 1.163 cpu1] CPU 1: joining scheduler
[kernel 1.163 cpu5] CPU 5: joining scheduler
[kernel 1.163 cpu3] sched: cpu=3 ready=0 parked=0 current=None
[kernel 1.163 cpu7] CPU 7: joining scheduler
[kernel 1.163 cpu6] sched: cpu=6 ready=0 parked=0 current=None
[kernel 1.163 cpu2] sched: cpu=2 ready=0 parked=0 current=None
[kernel 1.163 cpu1] sched: cpu=1 ready=0 parked=0 current=None
[kernel 1.163 cpu5] sched: cpu=5 ready=0 parked=0 current=None
[kernel 1.163 cpu7] sched: cpu=7 ready=0 parked=0 current=None
[kernel 1.163 cpu3] i8042: armed at 1001ms, idle at 1163ms, 0 interrupts — the pin has never asserted (kbd GSI 1, aux GSI 12)
netd: no NIC on this machine, exiting
[kernel 1.165 cpu2 tid=0] syscalls: pid=2 total=7 syscall_wall=0ms 0=1 6=1 31=1 63=1
[kernel 1.165 cpu2 tid=0] memory: pid=2 peak=2MB allocs=2 frees=0
[kernel 1.165 cpu2 tid=0] exit: netd pid=2 code=0 cpu=1ms
soundd: hda codec0 vendor=10ec device=0257, 1 function group(s)
soundd: hda codec2 vendor=8086 device=2812, 1 function group(s)
soundd: hda codec0 group 0x01 converter 0x02 -> pin 0x14 (speaker), headphone 0x21, format 0x2011 (44100 Hz 2 ch 16-bit)
soundd: hda path configured in 14 verbs, stream tag 1
soundd: ready, 8 buffers, 44100Hz 2ch, 512 bytes/period, 128 frames/period
soundd: suspended
[kernel 1.304 cpu0] usb-storage: disk 0 does not implement SYNCHRONIZE CACHE (sense 0x05/0x20/0x00); its writes are durable once they complete
[kernel 1.305 cpu0 tid=0] shm: 0x4000000000 mapped WriteCombining into pid 0
compositor: wallpaper 1920x1080, scaling to 1920x1080
compositor: at most 221 windows (8 MiB each of 15958 MiB total)
compositor: ready
[kernel 1.428 cpu0 tid=0] ELF: 3548 relocations indexed (RELATIVE + GLOB_DAT + TPOFF)
[kernel 1.428 cpu0 tid=0] spawn: TLS 1 modules, total_memsz=144
[kernel 1.429 cpu0 tid=0] spawn: /bin/filepicker pid=3 tid=0 base=0x10000000000 entry=0x10000017df4 cr3=0x1e57000 symbols=2048KiB (layout=0ms relocs=0ms deps=0ms tls=0ms total=1ms)
