us	iso	<none>	<none>	<none>	<none>
us	4	a	A	<none>	<none>
us	5	b	B	<none>	<none>
us	6	c	C	<none>	<none>
us	7	d	D	<none>	<none>
us	8	e	E	<none>	<none>
us	9	f	F	<none>	<none>
us	10	g	G	<none>	<none>
us	11	h	H	<none>	<none>
us	12	i	I	<none>	<none>
us	13	j	J	<none>	<none>
us	14	k	K	<none>	<none>
us	15	l	L	<none>	<none>
us	16	m	M	<none>	<none>
us	17	n	N	<none>	<none>
us	18	o	O	<none>	<none>
us	19	p	P	<none>	<none>
us	20	q	Q	<none>	<none>
us	21	r	R	<none>	<none>
us	22	s	S	<none>	<none>
us	23	t	T	<none>	<none>
us	24	u	U	<none>	<none>
us	25	v	V	<none>	<none>
us	26	w	W	<none>	<none>
us	27	x	X	<none>	<none>
us	28	y	Y	<none>	<none>
us	29	z	Z	<none>	<none>
us	30	1	!	<none>	<none>
us	31	2	@	<none>	<none>
us	32	3	#	<none>	<none>
us	33	4	$	<none>	<none>
us	34	5	%	<none>	<none>
us	35	6	^	<none>	<none>
us	36	7	&	<none>	<none>
us	37	8	*	<none>	<none>
us	38	9	(	<none>	<none>
us	39	0	)	<none>	<none>
us	40	<0d>	<0d>	<none>	<none>
us	41	<1b>	<1b>	<none>	<none>
us	42	<08>	<08>	<none>	<none>
us	43	<09>	<09>	<none>	<none>
us	44	 	 	<none>	<none>
us	45	-	_	<none>	<none>
us	46	=	+	<none>	<none>
us	47	[	{	<none>	<none>
us	48	]	}	<none>	<none>
us	49	\	|	<none>	<none>
us	50	<none>	<none>	<none>	<none>
us	51	;	:	<none>	<none>
us	52	'	"	<none>	<none>
us	53	`	~	<none>	<none>
us	54	,	<	<none>	<none>
us	55	.	>	<none>	<none>
us	56	/	?	<none>	<none>
de	iso	<	>	|	<none>
de	4	a	A	<none>	<none>
de	5	b	B	<none>	<none>
de	6	c	C	<none>	<none>
de	7	d	D	<none>	<none>
de	8	e	E	€	<none>
de	9	f	F	<none>	<none>
de	10	g	G	<none>	<none>
de	11	h	H	<none>	<none>
de	12	i	I	<none>	<none>
de	13	j	J	<none>	<none>
de	14	k	K	<none>	<none>
de	15	l	L	<none>	<none>
de	16	m	M	µ	<none>
de	17	n	N	<none>	<none>
de	18	o	O	<none>	<none>
de	19	p	P	<none>	<none>
de	20	q	Q	@	<none>
de	21	r	R	<none>	<none>
de	22	s	S	<none>	<none>
de	23	t	T	<none>	<none>
de	24	u	U	<none>	<none>
de	25	v	V	<none>	<none>
de	26	w	W	<none>	<none>
de	27	x	X	<none>	<none>
de	28	z	Z	<none>	<none>
de	29	y	Y	<none>	<none>
de	30	1	!	<none>	<none>
de	31	2	"	<none>	<none>
de	32	3	§	#	<none>
de	33	4	$	<none>	<none>
de	34	5	%	<none>	<none>
de	35	6	&	<none>	<none>
de	36	7	/	{	<none>
de	37	8	(	[	<none>
de	38	9	)	]	<none>
de	39	0	=	}	<none>
de	40	<0d>	<0d>	<none>	<none>
de	41	<1b>	<1b>	<none>	<none>
de	42	<08>	<08>	<none>	<none>
de	43	<09>	<09>	<none>	<none>
de	44	 	 	<none>	<none>
de	45	ß	?	\	<none>
de	46	´	`	<none>	<none>
de	47	ü	Ü	<none>	<none>
de	48	+	*	~	<none>
de	49	#	'	<none>	<none>
de	50	<none>	<none>	<none>	<none>
de	51	ö	Ö	<none>	<none>
de	52	ä	Ä	<none>	<none>
de	53	^	°	<none>	<none>
de	54	,	;	<none>	<none>
de	55	.	:	<none>	<none>
de	56	-	_	<none>	<none>
swiss-german	iso	<	>	\	¦
swiss-german	4	a	A	æ	Æ
swiss-german	5	b	B	“	‘
swiss-german	6	c	C	¢	©
swiss-german	7	d	D	ð	Ð
swiss-german	8	e	E	€	<none>
swiss-german	9	f	F	đ	ª
swiss-german	10	g	G	ŋ	Ŋ
swiss-german	11	h	H	ħ	Ħ
swiss-german	12	i	I	→	ı
swiss-german	13	j	J	<none>	<none>
swiss-german	14	k	K	ĸ	&
swiss-german	15	l	L	ł	Ł
swiss-german	16	m	M	µ	º
swiss-german	17	n	N	”	’
swiss-german	18	o	O	œ	Œ
swiss-german	19	p	P	þ	Þ
swiss-german	20	q	Q	@	Ω
swiss-german	21	r	R	¶	®
swiss-german	22	s	S	ß	ẞ
swiss-german	23	t	T	ŧ	Ŧ
swiss-german	24	u	U	↓	↑
swiss-german	25	v	V	„	‚
swiss-german	26	w	W	ſ	§
swiss-german	27	x	X	»	>
swiss-german	28	z	Z	<none>	<none>
swiss-german	29	y	Y	<none>	<none>
swiss-german	30	1	+	|	¡
swiss-german	31	2	"	@	⅛
swiss-german	32	3	*	#	<none>
swiss-german	33	4	ç	<none>	<none>
swiss-german	34	5	%	<none>	<none>
swiss-german	35	6	&	¬	<none>
swiss-german	36	7	/	|	<none>
swiss-german	37	8	(	¢	<none>
swiss-german	38	9	)	<none>	<none>
swiss-german	39	0	=	<none>	<none>
swiss-german	40	<0d>	<0d>	<none>	<none>
swiss-german	41	<1b>	<1b>	<none>	<none>
swiss-german	42	<08>	<08>	<none>	<none>
swiss-german	43	<09>	<09>	<none>	<none>
swiss-german	44	 	 	<none>	<none>
swiss-german	45	'	?	<dead Acute>	<none>
swiss-german	46	<dead Circumflex>	<dead Grave>	<dead Tilde>	<none>
swiss-german	47	ü	è	[	<none>
swiss-german	48	<dead Diaeresis>	!	]	<none>
swiss-german	49	$	£	}	<none>
swiss-german	50	<none>	<none>	<none>	<none>
swiss-german	51	ö	é	<none>	<none>
swiss-german	52	ä	à	{	<none>
swiss-german	53	§	°	<none>	<none>
swiss-german	54	,	;	<none>	<none>
swiss-german	55	.	:	<none>	<none>
swiss-german	56	-	_	<none>	<none>
swiss-german-mac	iso	§	°	<none>	<none>
swiss-german-mac	4	a	A	<none>	<none>
swiss-german-mac	5	b	B	<none>	<none>
swiss-german-mac	6	c	C	<none>	<none>
swiss-german-mac	7	d	D	<none>	<none>
swiss-german-mac	8	e	E	<none>	<none>
swiss-german-mac	9	f	F	<none>	<none>
swiss-german-mac	10	g	G	@	<none>
swiss-german-mac	11	h	H	<none>	<none>
swiss-german-mac	12	i	I	<none>	<none>
swiss-german-mac	13	j	J	<none>	<none>
swiss-german-mac	14	k	K	<none>	<none>
swiss-german-mac	15	l	L	<none>	<none>
swiss-german-mac	16	m	M	<none>	<none>
swiss-german-mac	17	n	N	~	<none>
swiss-german-mac	18	o	O	<none>	<none>
swiss-german-mac	19	p	P	<none>	<none>
swiss-german-mac	20	q	Q	<none>	<none>
swiss-german-mac	21	r	R	<none>	<none>
swiss-german-mac	22	s	S	<none>	<none>
swiss-german-mac	23	t	T	<none>	<none>
swiss-german-mac	24	u	U	<none>	<none>
swiss-german-mac	25	v	V	<none>	<none>
swiss-german-mac	26	w	W	<none>	<none>
swiss-german-mac	27	x	X	<none>	<none>
swiss-german-mac	28	z	Z	<none>	<none>
swiss-german-mac	29	y	Y	<none>	<none>
swiss-german-mac	30	1	+	<none>	<none>
swiss-german-mac	31	2	"	<none>	<none>
swiss-german-mac	32	3	*	#	<none>
swiss-german-mac	33	4	ç	<none>	<none>
swiss-german-mac	34	5	%	[	<none>
swiss-german-mac	35	6	&	]	<none>
swiss-german-mac	36	7	/	|	\
swiss-german-mac	37	8	(	{	<none>
swiss-german-mac	38	9	)	}	<none>
swiss-german-mac	39	0	=	<none>	<none>
swiss-german-mac	40	<0d>	<0d>	<none>	<none>
swiss-german-mac	41	<1b>	<1b>	<none>	<none>
swiss-german-mac	42	<08>	<08>	<none>	<none>
swiss-german-mac	43	<09>	<09>	<none>	<none>
swiss-german-mac	44	 	 	<none>	<none>
swiss-german-mac	45	'	?	<none>	<none>
swiss-german-mac	46	^	`	<none>	<none>
swiss-german-mac	47	ü	è	<none>	<none>
swiss-german-mac	48	¨	!	<none>	<none>
swiss-german-mac	49	$	£	<none>	<none>
swiss-german-mac	50	<none>	<none>	<none>	<none>
swiss-german-mac	51	ö	é	<none>	<none>
swiss-german-mac	52	ä	à	<none>	<none>
swiss-german-mac	53	<	>	<none>	<none>
swiss-german-mac	54	,	;	<none>	<none>
swiss-german-mac	55	.	:	<none>	<none>
swiss-german-mac	56	-	_	<none>	<none>
