[kernel 0.000 boot] panic console: framebuffer at 0x4000000000 is above the boot map, armed after mm::init
[kernel 0.000 boot] serial: 16550 loopback read 0xff (absent or wrong port)
[kernel 0.000 boot] PAT: IA32_PAT=0x0007040100070406, entry 4 = WC
[kernel 0.000 boot] KernelArgs { memory_map_addr: 1672929304, memory_map_size: 1992, kernel_memory_addr: 1541406720, kernel_memory_size: 11657216, kernel_stack_addr: 3268608, kernel_stack_size: 8388608, rsdp_addr: 2495602708, initrd_addr: 1553379352, initrd_size: 82747392, init_program_addr: 1645157984, init_program_len: 37, kernel_elf_addr: 1636130840, kernel_elf_size: 3834464, gop_framebuffer: 274877906944, gop_framebuffer_size: 8294400, gop_width: 1920, gop_height: 1080, gop_stride: 1920, gop_pixel_format: 1, boot_pml4_addr: 1672876032, boot_partition_start_lba: 2048, boot_partition_blocks: 181136, boot_partition_guid: [192, 220, 226, 252, 233, 180, 121, 72, 145, 90, 7, 246, 6, 119, 182, 10], boot_partition_present: 1, log_partition_guid: [69, 97, 83, 174, 254, 222, 49, 72, 185, 195, 207, 109, 146, 195, 68, 96], rtc_utc_offset_minutes: 0, rtc_utc_offset_known: 0 }
[kernel 0.000 boot] ACPI: MADT cpus=[0, 2, 4, 6, 1, 3, 5, 7]
[kernel 0.000 boot] LAPIC: x2APIC enabled (ID 0)
[kernel 0.000 cpu0] percpu: BSP cpu_id=0 lapic_id=0 smep=on smap=on pcid=on
[kernel 0.000 cpu0] ioapic: id=2 at 0xfec00000 ver=0x20 gsi 0..119 masked 120/120
[kernel 0.000 cpu0] ioapic: iso bus:irq->gsi [0:0->2 edge/high, 0:9->9 level/high]
[kernel 0.000 cpu0] symbols: loaded 5152 kernel symbols
[kernel 0.000 cpu0] ACPI: HPET at 0xfed00000
[kernel 0.050 cpu0] TSC: 2419MHz (period=413293fs, calibrated over 50ms)
[kernel 0.050 cpu0] ACPI: the FADT puts the RTC century register at CMOS 0x32
[kernel 0.050 cpu0] clock: the RTC reads 2026-08-08 11:57:52; firmware named no zone, so it is taken as UTC
[kernel 0.060 cpu0] LAPIC timer: 384065 ticks/10ms
[kernel 0.060 cpu0] Boot: CPU ready (60ms)
[kernel 0.065 cpu0] ACPI: RSDP at 0x94bfe014
[kernel 0.065 cpu0] ACPI: MCFG found at 0x8f428000
[kernel 0.065 cpu0] ACPI: ECAM base address: 0xc0000000
[kernel 0.065 cpu0] PCI: Enumerating devices...
[kernel 0.065 cpu0]   PCI 00:00.0 [0600] vendor=8086 device=9a14 prog_if=00
[kernel 0.065 cpu0]   PCI 00:02.0 [0300] vendor=8086 device=9a49 prog_if=00
[kernel 0.065 cpu0]   PCI 00:04.0 [1180] vendor=8086 device=9a03 prog_if=00
[kernel 0.065 cpu0]   PCI 00:06.0 [0604] vendor=8086 device=9a09 prog_if=00
[kernel 0.065 cpu0]   PCI 00:07.0 [0604] vendor=8086 device=9a25 prog_if=00
[kernel 0.065 cpu0]   PCI 00:07.2 [0604] vendor=8086 device=9a27 prog_if=00
[kernel 0.065 cpu0]   PCI 00:0a.0 [1180] vendor=8086 device=9a0d prog_if=00
[kernel 0.065 cpu0]   PCI 00:0d.0 [0c03] vendor=8086 device=9a13 prog_if=30
[kernel 0.066 cpu0]   PCI 00:0d.2 [0c03] vendor=8086 device=9a1b prog_if=40
[kernel 0.066 cpu0]   PCI 00:0d.3 [0c03] vendor=8086 device=9a1d prog_if=40
[kernel 0.066 cpu0]   PCI 00:14.0 [0c03] vendor=8086 device=a0ed prog_if=30
[kernel 0.066 cpu0]   PCI 00:14.2 [0500] vendor=8086 device=a0ef prog_if=00
[kernel 0.066 cpu0]   PCI 00:16.0 [0780] vendor=8086 device=a0e0 prog_if=00
[kernel 0.066 cpu0]   PCI 00:1c.0 [0604] vendor=8086 device=a0b8 prog_if=00
[kernel 0.066 cpu0]   PCI 00:1c.4 [0604] vendor=8086 device=a0bc prog_if=00
[kernel 0.066 cpu0]   PCI 00:1c.7 [0604] vendor=8086 device=a0bf prog_if=00
[kernel 0.066 cpu0]   PCI 00:1f.0 [0601] vendor=8086 device=a082 prog_if=00
[kernel 0.066 cpu0]   PCI 00:1f.3 [0403] vendor=8086 device=a0c8 prog_if=80
[kernel 0.066 cpu0]   PCI 00:1f.4 [0c05] vendor=8086 device=a0a3 prog_if=00
[kernel 0.066 cpu0]   PCI 00:1f.5 [0c80] vendor=8086 device=a0a4 prog_if=00
[kernel 0.066 cpu0]   PCI 00:1f.6 [0200] vendor=8086 device=15fc prog_if=00
[kernel 0.067 cpu0]   PCI 04:00.0 [0108] vendor=1c5c device=1327 prog_if=02
[kernel 0.069 cpu0]   PCI 09:00.0 [0280] vendor=8086 device=2725 prog_if=00
[kernel 0.072 cpu0]   PCI 0a:00.0 [0805] vendor=17a0 device=9750 prog_if=01
[kernel 0.145 cpu0] PCI: Enumeration complete, 24 functions.
[kernel 0.145 cpu0] iommu: DMAR haw=39 flags=0x05 intr_remap=y x2apic_opt_out=n dma_ctrl_opt_in=y
[kernel 0.145 cpu0] iommu: unit0 @0xfed90000 seg=0 pci_all=n ver=4.0 cap=0x01c0000c40660462 ecap=0x0000029a00f0505e aw=48 sagaw=0x04 mgaw=39 nd=256 sps2m=y cm=n psi=n nfr=1 fro=0x400 qi=y ir=y eim=y pt=y coherent=n sc=n
[kernel 0.145 cpu0] iommu: unit0 scope pci-endpoint 00:02.0 id=0
[kernel 0.147 cpu0] iommu: identity domain aw=48 covers 0x0..0x45f800000 in 8956 2 MiB leaves
[kernel 0.147 cpu0] iommu: unit0 @0xfed90000 translating gsts=0xc4000000 tes=y qies=y root=0x1014000 domain=1 aw=48 streams=24
[kernel 0.147 cpu0] iommu: unit1 @0xfed85000 seg=0 pci_all=n ver=1.0 cap=0x00d2008c40660462 ecap=0x0000000000f050da aw=48 sagaw=0x04 mgaw=39 nd=256 sps2m=y cm=n psi=y nfr=1 fro=0x400 qi=y ir=y eim=y pt=y coherent=n sc=y
[kernel 0.147 cpu0] iommu: unit1 scope pci-bridge 00:07.0 id=0
[kernel 0.148 cpu0] iommu: unit1 @0xfed85000 translating gsts=0xc4000000 tes=y qies=y root=0x101b000 domain=1 aw=48 streams=24
[kernel 0.148 cpu0] iommu: unit2 @0xfed86000 seg=0 pci_all=n ver=1.0 cap=0x00d2008c40660462 ecap=0x0000000000f050da aw=48 sagaw=0x04 mgaw=39 nd=256 sps2m=y cm=n psi=y nfr=1 fro=0x400 qi=y ir=y eim=y pt=y coherent=n sc=y
[kernel 0.148 cpu0] iommu: unit2 scope pci-bridge 00:07.2 id=0
[kernel 0.148 cpu0] iommu: unit2 @0xfed86000 translating gsts=0xc4000000 tes=y qies=y root=0x1022000 domain=1 aw=48 streams=24
[kernel 0.148 cpu0] iommu: unit3 @0xfed91000 seg=0 pci_all=y ver=1.0 cap=0x00d2008c40660462 ecap=0x0000000000f050da aw=48 sagaw=0x04 mgaw=39 nd=256 sps2m=y cm=n psi=y nfr=1 fro=0x400 qi=y ir=y eim=y pt=y coherent=n sc=y
[kernel 0.148 cpu0] iommu: unit3 scope ioapic 00:1e.7 id=2
[kernel 0.148 cpu0] iommu: unit3 scope hpet 00:1e.6 id=0
[kernel 0.148 cpu0] iommu: unit3 @0xfed91000 translating gsts=0xc4000000 tes=y qies=y root=0x1029000 domain=1 aw=48 streams=24
[kernel 0.148 cpu0] iommu: rmrr0 seg=0 0x000000009c000000..0x00000000a07fffff
[kernel 0.148 cpu0] iommu: rmrr0 scope pci-endpoint 00:02.0 id=0
[kernel 0.148 cpu0] file cache: budget 63856 pages (249 MiB)
[kernel 0.148 cpu0] gpt: the boot volume names AE536145-DEFE-4831-B9C3-CF6D92C34460 as the log partition
[kernel 0.148 cpu0] gpt: firmware booted us from partition FCE2DCC0-B4E9-4879-915A-07F60677B60A at LBA 2048+181136
[kernel 0.148 cpu0] NVMe: found at PCI 04:00.0
[kernel 0.148 cpu0] NVMe: BAR0=0xbce00000
[kernel 0.148 cpu0] NVMe: controller enabled
[kernel 0.148 cpu0] NVMe: NS1 size=500118192 sectors, sector_size=512
[kernel 0.148 cpu0] NVMe: block device id=1 blocks=62514774 (244198MB)
[kernel 0.149 cpu0] gpt: device 1 has 4 partitions and none of them is ours
[kernel 0.149 cpu0] page cache: 62514774 device blocks, index sized for 7168 cached blocks, cap 4096 slots
[kernel 0.149 cpu0] storage: no ToyOS volume and no designation stamp at block 0 — this disk is not ours and nothing will be written to it
[kernel 0.149 cpu0] Boot: storage ready (84ms)
[kernel 0.161 cpu0] xHCI: found at PCI 00:0d.0
[kernel 0.161 cpu0] xHCI: BAR0=0x603dbb0000
[kernel 0.161 cpu0] xHCI: MSI enabled (vector 0x21)
[kernel 0.161 cpu0] xHCI: max_slots=64 max_ports=5 ctx_size=32 pagesize=0x1
[kernel 0.161 cpu0] xHCI: dma 2048 KiB: scratchpad=34 device blocks=64 of 12288 B (max_slots=64)
[kernel 0.161 cpu0] xHCI: firmware did not claim the controller (USBLEGSUP 0x01002201)
[kernel 0.161 cpu0] xHCI: USBLEGCTLSTS 0xe0000000 -> 0x00000000 (SMI generation off)
[kernel 0.161 cpu0] xHCI: USB 2.0 on ports 1..=1
[kernel 0.161 cpu0] xHCI: USB 3.1 on ports 2..=5
[kernel 0.161 cpu0] xHCI: 1 USB2 and 4 USB3 port register(s) of 5 named, 0 capability(ies) refused
[kernel 0.161 cpu0] xHCI: controller reset
[kernel 0.161 cpu0] xHCI: 34 scratchpad buffers configured
[kernel 0.161 cpu0] xHCI: controller started
[kernel 0.161 cpu0] xHCI: 5/5 root-hub ports powered (PPC=0)
[kernel 0.161 cpu0] xHCI: found at PCI 00:14.0
[kernel 0.161 cpu0] xHCI: BAR0=0x603dba0000
[kernel 0.161 cpu0] xHCI: MSI enabled (vector 0x21)
[kernel 0.161 cpu0] xHCI: max_slots=64 max_ports=16 ctx_size=32 pagesize=0x1
[kernel 0.161 cpu0] xHCI: dma 2048 KiB: scratchpad=34 device blocks=64 of 12288 B (max_slots=64)
[kernel 0.161 cpu0] xHCI: firmware did not claim the controller (USBLEGSUP 0x01002201)
[kernel 0.161 cpu0] xHCI: USBLEGCTLSTS 0xe0000000 -> 0x00000000 (SMI generation off)
[kernel 0.161 cpu0] xHCI: USB 2.0 on ports 1..=12
[kernel 0.161 cpu0] xHCI: USB 3.1 on ports 13..=16
[kernel 0.161 cpu0] xHCI: 12 USB2 and 4 USB3 port register(s) of 16 named, 0 capability(ies) refused
[kernel 0.161 cpu0] xHCI: controller reset
[kernel 0.161 cpu0] xHCI: 34 scratchpad buffers configured
[kernel 0.161 cpu0] xHCI: controller started
[kernel 0.161 cpu0] xHCI: 16/16 root-hub ports powered (PPC=0)
[kernel 0.283 cpu0] xHCI: no HID devices on the controller at 00:0d.0
[kernel 0.283 cpu0] xHCI: port 3 connected
[kernel 0.338 cpu0] xHCI: port 3 enabled, speed=1
[kernel 0.338 cpu0] xHCI: slot 1 enabled (dma +0x50000)
[kernel 0.339 cpu0] xHCI: device addressed
[kernel 0.339 cpu0] xHCI: device class=0xff vendor=06cb product=00bd
[kernel 0.339 cpu0] xHCI: no HID boot interface found on port 3, skipping it
[kernel 0.339 cpu0] xHCI: port 4 connected
[kernel 0.394 cpu0] xHCI: port 4 enabled, speed=3
[kernel 0.394 cpu0] xHCI: slot 2 enabled (dma +0x53000)
[kernel 0.394 cpu0] xHCI: device addressed
[kernel 0.394 cpu0] xHCI: device class=0xef vendor=13d3 product=5406
[kernel 0.395 cpu0] xHCI: no HID boot interface found on port 4, skipping it
[kernel 0.395 cpu0] xHCI: port 6 connected
[kernel 0.500 cpu0] xHCI: port 6 enabled, speed=3
[kernel 0.500 cpu0] xHCI: slot 3 enabled (dma +0x56000)
[kernel 0.561 cpu0] xHCI: device addressed
[kernel 0.561 cpu0] xHCI: device class=0x0 vendor=0781 product=5581
[kernel 0.561 cpu0] xHCI: mass storage iface=0 in=0x81/512 out=0x2/512
[kernel 0.561 cpu0] xHCI: configuration set
[kernel 0.562 cpu0] xHCI: endpoint configured
[kernel 0.562 cpu0] usb-storage: slot 3 vendor "SanDisk." product "Ultra..........."
[kernel 0.562 cpu0] usb-storage: disk 0 ready on slot 3, 7507812 blocks of 512 B (29327 MiB), msc_block +0x30000
[kernel 0.562 cpu0] xHCI: port 9 connected
[kernel 0.617 cpu0] xHCI: port 9 enabled, speed=1
[kernel 0.617 cpu0] xHCI: slot 4 enabled (dma +0x59000)
[kernel 0.618 cpu0] xHCI: device addressed
[kernel 0.618 cpu0] xHCI: device class=0x0 vendor=058f product=9540
[kernel 0.624 cpu0] xHCI: no HID boot interface found on port 9, skipping it
[kernel 0.624 cpu0] xHCI: port 10 connected
[kernel 0.679 cpu0] xHCI: port 10 enabled, speed=1
[kernel 0.679 cpu0] xHCI: slot 5 enabled (dma +0x5c000)
[kernel 0.679 cpu0] xHCI: device addressed
[kernel 0.679 cpu0] xHCI: port 10 EP0 packet size 8 -> 64
[kernel 0.679 cpu0] xHCI: device class=0xe0 vendor=8087 product=0032
[kernel 0.679 cpu0] xHCI: no HID boot interface found on port 10, skipping it
[kernel 0.679 cpu0] xHCI: no HID devices on the controller at 00:14.0
[kernel 0.679 cpu0] xHCI: 2 controller(s), 0 HID device(s)
[kernel 0.679 cpu0] usb-storage: 1 device(s)
[kernel 0.692 cpu0] gpt: device 16 carries the log partition AE536145-DEFE-4831-B9C3-CF6D92C34460 at LBA 184320+69632, entry 1 of 2
[kernel 0.692 cpu0] gpt: device 16 carries the boot partition at LBA 2048+181136 (512-byte blocks), entry 0 of 2 on disk 6132B94B-D792-4199-A7BA-954CE184A20C
[kernel 0.692 cpu0] i8042: FADT rev 6 iapc_boot_arch=0x0011, bit 1 (8042) clear — probing either way
[kernel 0.692 cpu0] i8042: ok selftest=0x55 cfg=0x77->0x64 port1=ok port2=ok
[kernel 0.693 cpu0] i8042: kbd will not report its scancode set (0xF0 0x00 answered 0xee); firmware's own cfg 0x77 has translate on, so the wire is set 1
[kernel 1.085 cpu0] i8042: kbd set2+xlat (assumed, the set query was refused) scanning on, GSI 1 -> vec 0x24 apic 0 on
[kernel 1.085 cpu0] i8042: aux rate=100 res=8/mm, GSI 12 -> vec 0x24 apic 0
[kernel 1.085 cpu0] ACPI: PM1a=0x1804 SLP_TYPa=7
[kernel 1.085 cpu0] Boot: peripherals ready (924ms)
[kernel 1.107 cpu0] SMP: AP cpu1 lapic=2 online
[kernel 1.119 cpu0] SMP: AP cpu2 lapic=4 online
[kernel 1.132 cpu0] SMP: AP cpu3 lapic=6 online
[kernel 1.144 cpu0] SMP: AP cpu4 lapic=1 online
[kernel 1.156 cpu0] SMP: AP cpu5 lapic=3 online
[kernel 1.168 cpu0] SMP: AP cpu6 lapic=5 online
[kernel 1.181 cpu0] SMP: AP cpu7 lapic=7 online
[kernel 1.181 cpu0] storage: /home is a tmpfs — it will not survive a reboot
[kernel 1.181 cpu0] boot-volume: partition mounted, 92741632 bytes of a 92741632-byte partition at device offset 1048576, 512-byte sectors, 512-byte clusters, 178340 clusters
[kernel 1.182 cpu0] log-volume: partition mounted, 35651584 bytes of a 35651584-byte partition at device offset 94371840, 512-byte sectors, 512-byte clusters, 68552 clusters
[kernel 1.188 cpu0] log-file: this boot's kernel log is /log/2026-08-08-115753.log
[kernel 1.188 cpu0] Boot: subsystems ready (93ms)
[kernel 1.202 cpu0] virtio-console: no device found
[kernel 1.205 cpu0] VirtIO net: no device found
[kernel 1.214 cpu0] hda: 00:1f.3 8086:a0c8 version 1.0 gcap=0x9701 statests=0x0005
[kernel 1.215 cpu0] hda: 00:1f.3 bound, statests=0x0005, output stream 7 at 0x160, tag 1, 8 periods of 512 bytes
[kernel 1.218 cpu0] GPU: using UEFI GOP
[kernel 1.218 cpu0] GOP: 1920x1080 stride=1920 format=1 at 0x4000000000 tokens=[SharedToken(2), SharedToken(3)]
[kernel 1.218 cpu0] GOP: scanout memory type WC (MTRR UC, PAT entry 4)
[kernel 1.218 cpu0] mouse: rel scale x=36 y=64 (screen 1920x1080)
[kernel 1.218 cpu0] Boot: devices ready (20ms)
[kernel 1.230 cpu0] ELF: 9110 relocations indexed (RELATIVE + GLOB_DAT + TPOFF)
[kernel 1.230 cpu0] spawn: TLS 1 modules, total_memsz=144
[kernel 1.231 cpu0] spawn: /bin/compositor pid=0 tid=0 base=0x10000000000 entry=0x100001e81e4 cr3=0x1e24000 symbols=2048KiB (layout=0ms relocs=0ms deps=0ms tls=1ms total=2ms)
[kernel 1.231 cpu0] spawned /bin/compositor pid=0
[kernel 1.232 cpu0] ELF: 3162 relocations indexed (RELATIVE + GLOB_DAT + TPOFF)
[kernel 1.232 cpu0] spawn: TLS 1 modules, total_memsz=144
[kernel 1.232 cpu0] spawn: /bin/soundd pid=1 tid=0 base=0x10000000000 entry=0x10000038b04 cr3=0xdf9000 symbols=2048KiB (layout=0ms relocs=0ms deps=0ms tls=0ms total=1ms)
[kernel 1.232 cpu0] spawned /bin/soundd pid=1
[kernel 1.233 cpu0] ELF: 3167 relocations indexed (RELATIVE + GLOB_DAT + TPOFF)
[kernel 1.233 cpu0] spawn: TLS 1 modules, total_memsz=144
[kernel 1.234 cpu0] spawn: /bin/netd pid=2 tid=0 base=0x10000000000 entry=0x1000003a0a4 cr3=0x1e57000 symbols=2048KiB (layout=0ms relocs=0ms deps=0ms tls=0ms total=1ms)
[kernel 1.234 cpu0] spawned /bin/netd pid=2
[kernel 1.234 cpu0] log: no serial console - this boot is in /log/2026-08-08-115753.log and on the screen
[kernel 1.234 cpu0] Boot: complete (1234ms)
[kernel 1.243 cpu4] CPU 4: joining scheduler
[kernel 1.243 cpu3] CPU 3: joining scheduler
[kernel 1.243 cpu6] CPU 6: joining scheduler
[kernel 1.243 cpu1] CPU 1: joining scheduler
[kernel 1.243 cpu5] CPU 5: joining scheduler
[kernel 1.243 cpu7] CPU 7: joining scheduler
[kernel 1.243 cpu6] sched: cpu=6 ready=0 parked=0 current=None
[kernel 1.243 cpu2] CPU 2: joining scheduler
[kernel 1.243 cpu0] sched: cpu=0 ready=0 parked=0 current=None
[kernel 1.243 cpu1] sched: cpu=1 ready=0 parked=0 current=None
[kernel 1.243 cpu5] sched: cpu=5 ready=0 parked=0 current=None
[kernel 1.243 cpu3] sched: cpu=3 ready=0 parked=0 current=None
[kernel 1.243 cpu2] sched: cpu=2 ready=0 parked=0 current=None
[kernel 1.243 cpu4] sched: cpu=4 ready=0 parked=0 current=None
[kernel 1.243 cpu7] sched: cpu=7 ready=0 parked=0 current=None
[kernel 1.243 cpu5] i8042: armed at 1085ms, idle at 1243ms, 0 interrupts — the pin has never asserted (kbd GSI 1, aux GSI 12)
netd: no NIC on this machine, exiting
[kernel 1.244 cpu2 tid=0] syscalls: pid=2 total=7 syscall_wall=0ms 0=1 6=1 31=1 63=1
[kernel 1.244 cpu2 tid=0] memory: pid=2 peak=2MB allocs=2 frees=0
[kernel 1.245 cpu2 tid=0] exit: netd pid=2 code=0 cpu=1ms
soundd: hda codec0 vendor=10ec device=0257, 1 function group(s)
soundd: hda codec2 vendor=8086 device=2812, 1 function group(s)
soundd: hda codec0 group 0x01 converter 0x02 -> pin 0x14 (speaker), headphone 0x21, format 0x2011 (44100 Hz 2 ch 16-bit)
[kernel 1.252 cpu0 tid=0] shm: 0x4000000000 mapped WriteCombining into pid 0
soundd: hda path configured in 14 verbs, stream tag 1
soundd: ready, 8 buffers, 44100Hz 2ch, 512 bytes/period, 128 frames/period
soundd: suspended
[kernel 1.390 cpu6] usb-storage: disk 0 does not implement SYNCHRONIZE CACHE (sense 0x05/0x20/0x00); its writes are durable once they complete
compositor: wallpaper 1920x1080, scaling to 1920x1080
compositor: at most 221 windows (8 MiB each of 15964 MiB total)
compositor: ready
[kernel 1.469 cpu0 tid=0] ELF: 3548 relocations indexed (RELATIVE + GLOB_DAT + TPOFF)
[kernel 1.469 cpu0 tid=0] spawn: TLS 1 modules, total_memsz=144
[kernel 1.470 cpu0 tid=0] spawn: /bin/filepicker pid=3 tid=0 base=0x10000000000 entry=0x10000017df4 cr3=0x1ea7000 symbols=2048KiB (layout=0ms relocs=0ms deps=0ms tls=1ms total=1ms)
[kernel 1.493 cpu0] heartbeat: t=1.493s alive=8/8 mask=0xff ran=5 gap=0.250s
[kernel 1.493 cpu0] i8042: line status=0x1c irqs=0 bytes=0 kbd gsi=1 rte=0x0000000000000024 aux gsi=12 rte=0x0000000000000024
[kernel 1.750 cpu5] heartbeat: t=1.750s alive=8/8 mask=0xff ran=14 gap=0.256s
[kernel 1.750 cpu5] i8042: line status=0x1c irqs=0 bytes=0 kbd gsi=1 rte=0x0000000000000024 aux gsi=12 rte=0x0000000000000024
[kernel 2.010 cpu4] heartbeat: t=2.010s alive=8/8 mask=0xff ran=0 gap=0.260s
[kernel 2.010 cpu4] i8042: line status=0x1c irqs=0 bytes=0 kbd gsi=1 rte=0x0000000000000024 aux gsi=12 rte=0x0000000000000024
[kernel 2.290 cpu1] heartbeat: t=2.290s alive=7/8 mask=0xfe ran=0 gap=0.279s
[kernel 2.290 cpu1] i8042: line status=0x1c irqs=0 bytes=0 kbd gsi=1 rte=0x0000000000000024 aux gsi=12 rte=0x0000000000000024
[kernel 2.290 cpu1] heartbeat: cpu0 last reached one 0.534s ago
[kernel 2.554 cpu4] heartbeat: t=2.554s alive=7/8 mask=0xfe ran=0 gap=0.264s
[kernel 2.554 cpu4] i8042: line status=0x1c irqs=0 bytes=0 kbd gsi=1 rte=0x0000000000000024 aux gsi=12 rte=0x0000000000000024
[kernel 2.554 cpu4] heartbeat: cpu0 last reached one 0.799s ago
[kernel 2.784 cpu4] i8042: 2 interrupts and 2 bytes, nothing decoded — first seen at 2782ms
[kernel 2.790 cpu3] i8042: the pin asserts — 3 interrupts, 3 bytes, 0 keys, 1 motion, first seen at 2782ms
[kernel 2.804 cpu3] heartbeat: t=2.804s alive=7/8 mask=0xfe ran=0 gap=0.250s
[kernel 2.804 cpu3] i8042: line status=0x3c irqs=6 bytes=6 kbd gsi=1 rte=0x0000000000000024 aux gsi=12 rte=0x0000000000000024
[kernel 2.804 cpu3] heartbeat: cpu0 last reached one 1.049s ago
[kernel 3.062 cpu5] heartbeat: t=3.062s alive=7/8 mask=0xfe ran=0 gap=0.257s
[kernel 3.062 cpu5] i8042: line status=0x3c irqs=66 bytes=63 kbd gsi=1 rte=0x0000000000000024 aux gsi=12 rte=0x0000000000000024
[kernel 3.062 cpu5] heartbeat: cpu0 last reached one 1.306s ago
[kernel 3.319 cpu4] heartbeat: t=3.319s alive=7/8 mask=0xfe ran=0 gap=0.257s
[kernel 3.319 cpu4] i8042: line status=0x3c irqs=125 bytes=125 kbd gsi=1 rte=0x0000000000000024 aux gsi=12 rte=0x0000000000000024
[kernel 3.319 cpu4] heartbeat: cpu0 last reached one 1.563s ago
[kernel 3.572 cpu1] heartbeat: t=3.572s alive=7/8 mask=0xfe ran=0 gap=0.252s
[kernel 3.572 cpu1] i8042: line status=0x3c irqs=183 bytes=180 kbd gsi=1 rte=0x0000000000000024 aux gsi=12 rte=0x0000000000000024
[kernel 3.572 cpu1] heartbeat: cpu0 last reached one 1.816s ago
[kernel 3.856 cpu4] heartbeat: t=3.856s alive=7/8 mask=0xfe ran=0 gap=0.284s
[kernel 3.856 cpu4] i8042: line status=0x3c irqs=227 bytes=222 kbd gsi=1 rte=0x0000000000000024 aux gsi=12 rte=0x0000000000000024
[kernel 3.856 cpu4] heartbeat: cpu0 last reached one 2.101s ago
[kernel 4.119 cpu6] heartbeat: t=4.119s alive=7/8 mask=0xfe ran=0 gap=0.263s
[kernel 4.119 cpu6] i8042: line status=0x3c irqs=228 bytes=228 kbd gsi=1 rte=0x0000000000000024 aux gsi=12 rte=0x0000000000000024
[kernel 4.120 cpu6] heartbeat: cpu0 last reached one 2.364s ago
[kernel 4.370 cpu2] heartbeat: t=4.370s alive=7/8 mask=0xfe ran=0 gap=0.250s
[kernel 4.370 cpu2] i8042: line status=0x3c irqs=228 bytes=228 kbd gsi=1 rte=0x0000000000000024 aux gsi=12 rte=0x0000000000000024
[kernel 4.370 cpu2] heartbeat: cpu0 last reached one 2.614s ago
[kernel 4.629 cpu6] heartbeat: t=4.629s alive=7/8 mask=0xfe ran=0 gap=0.259s
[kernel 4.629 cpu6] i8042: line status=0x3c irqs=228 bytes=228 kbd gsi=1 rte=0x0000000000000024 aux gsi=12 rte=0x0000000000000024
[kernel 4.629 cpu6] heartbeat: cpu0 last reached one 2.874s ago
[kernel 4.879 cpu4] heartbeat: t=4.879s alive=7/8 mask=0xfe ran=0 gap=0.250s
[kernel 4.879 cpu4] i8042: line status=0x3c irqs=228 bytes=228 kbd gsi=1 rte=0x0000000000000024 aux gsi=12 rte=0x0000000000000024
[kernel 4.880 cpu4] heartbeat: cpu0 last reached one 3.124s ago
[kernel 5.130 cpu4] heartbeat: t=5.130s alive=7/8 mask=0xfe ran=0 gap=0.250s
[kernel 5.130 cpu4] i8042: line status=0x3c irqs=228 bytes=228 kbd gsi=1 rte=0x0000000000000024 aux gsi=12 rte=0x0000000000000024
[kernel 5.130 cpu4] heartbeat: cpu0 last reached one 3.374s ago
[kernel 5.387 cpu2] heartbeat: t=5.387s alive=7/8 mask=0xfe ran=0 gap=0.257s
[kernel 5.387 cpu2] i8042: line status=0x3c irqs=228 bytes=228 kbd gsi=1 rte=0x0000000000000024 aux gsi=12 rte=0x0000000000000024
[kernel 5.387 cpu2] heartbeat: cpu0 last reached one 3.631s ago
[kernel 5.657 cpu7] heartbeat: t=5.657s alive=7/8 mask=0xfe ran=0 gap=0.269s
[kernel 5.657 cpu7] i8042: line status=0x3c irqs=228 bytes=228 kbd gsi=1 rte=0x0000000000000024 aux gsi=12 rte=0x0000000000000024
[kernel 5.657 cpu7] heartbeat: cpu0 last reached one 3.901s ago
[kernel 5.934 cpu2] heartbeat: t=5.934s alive=7/8 mask=0xfe ran=0 gap=0.276s
[kernel 5.934 cpu2] i8042: line status=0x3c irqs=228 bytes=228 kbd gsi=1 rte=0x0000000000000024 aux gsi=12 rte=0x0000000000000024
[kernel 5.934 cpu2] heartbeat: cpu0 last reached one 4.178s ago
[kernel 6.193 cpu5] heartbeat: t=6.193s alive=7/8 mask=0xfe ran=0 gap=0.258s
[kernel 6.193 cpu5] i8042: line status=0x3c irqs=228 bytes=228 kbd gsi=1 rte=0x0000000000000024 aux gsi=12 rte=0x0000000000000024
[kernel 6.193 cpu5] heartbeat: cpu0 last reached one 4.437s ago
[kernel 6.457 cpu3] heartbeat: t=6.457s alive=7/8 mask=0xfe ran=0 gap=0.264s
[kernel 6.457 cpu3] i8042: line status=0x3c irqs=228 bytes=228 kbd gsi=1 rte=0x0000000000000024 aux gsi=12 rte=0x0000000000000024
[kernel 6.457 cpu3] heartbeat: cpu0 last reached one 4.701s ago
[kernel 6.732 cpu5] heartbeat: t=6.732s alive=7/8 mask=0xfe ran=0 gap=0.275s
[kernel 6.732 cpu5] i8042: line status=0x3c irqs=228 bytes=228 kbd gsi=1 rte=0x0000000000000024 aux gsi=12 rte=0x0000000000000024
[kernel 6.732 cpu5] heartbeat: cpu0 last reached one 4.976s ago
[kernel 6.982 cpu3] heartbeat: t=6.982s alive=7/8 mask=0xfe ran=0 gap=0.250s
[kernel 6.982 cpu3] i8042: line status=0x3c irqs=228 bytes=228 kbd gsi=1 rte=0x0000000000000024 aux gsi=12 rte=0x0000000000000024
[kernel 6.983 cpu3] heartbeat: cpu0 last reached one 5.227s ago
[kernel 7.265 cpu2] heartbeat: t=7.265s alive=7/8 mask=0xfe ran=0 gap=0.282s
[kernel 7.265 cpu2] i8042: line status=0x3c irqs=228 bytes=228 kbd gsi=1 rte=0x0000000000000024 aux gsi=12 rte=0x0000000000000024
[kernel 7.265 cpu2] heartbeat: cpu0 last reached one 5.509s ago
[kernel 7.566 cpu5] heartbeat: t=7.566s alive=7/8 mask=0xfe ran=0 gap=0.301s
[kernel 7.566 cpu5] i8042: line status=0x3c irqs=228 bytes=228 kbd gsi=1 rte=0x0000000000000024 aux gsi=12 rte=0x0000000000000024
[kernel 7.566 cpu5] heartbeat: cpu0 last reached one 5.810s ago
[kernel 7.875 cpu6] heartbeat: t=7.875s alive=7/8 mask=0xfe ran=0 gap=0.309s
[kernel 7.875 cpu6] i8042: line status=0x3c irqs=243 bytes=231 kbd gsi=1 rte=0x0000000000000024 aux gsi=12 rte=0x0000000000000024
[kernel 7.876 cpu6] heartbeat: cpu0 last reached one 6.120s ago
[kernel 8.179 cpu4] heartbeat: t=8.179s alive=7/8 mask=0xfe ran=0 gap=0.304s
[kernel 8.179 cpu4] i8042: line status=0x3c irqs=297 bytes=279 kbd gsi=1 rte=0x0000000000000024 aux gsi=12 rte=0x0000000000000024
[kernel 8.180 cpu4] heartbeat: cpu0 last reached one 6.424s ago
[kernel 8.481 cpu5] heartbeat: t=8.481s alive=7/8 mask=0xfe ran=0 gap=0.301s
[kernel 8.481 cpu5] i8042: line status=0x3c irqs=366 bytes=348 kbd gsi=1 rte=0x0000000000000024 aux gsi=12 rte=0x0000000000000024
[kernel 8.481 cpu5] heartbeat: cpu0 last reached one 6.725s ago
[kernel 8.789 cpu6] heartbeat: t=8.789s alive=7/8 mask=0xfe ran=0 gap=0.307s
[kernel 8.789 cpu6] i8042: line status=0x3c irqs=396 bytes=396 kbd gsi=1 rte=0x0000000000000024 aux gsi=12 rte=0x0000000000000024
[kernel 8.789 cpu6] heartbeat: cpu0 last reached one 7.033s ago
[kernel 9.089 cpu4] heartbeat: t=9.089s alive=7/8 mask=0xfe ran=0 gap=0.300s
[kernel 9.089 cpu4] i8042: line status=0x3c irqs=396 bytes=396 kbd gsi=1 rte=0x0000000000000024 aux gsi=12 rte=0x0000000000000024
[kernel 9.089 cpu4] heartbeat: cpu0 last reached one 7.334s ago
[kernel 9.344 cpu4] heartbeat: t=9.344s alive=7/8 mask=0xfe ran=0 gap=0.254s
[kernel 9.344 cpu4] i8042: line status=0x3c irqs=396 bytes=396 kbd gsi=1 rte=0x0000000000000024 aux gsi=12 rte=0x0000000000000024
[kernel 9.344 cpu4] heartbeat: cpu0 last reached one 7.588s ago
[kernel 9.597 cpu1] heartbeat: t=9.597s alive=7/8 mask=0xfe ran=0 gap=0.253s
[kernel 9.597 cpu1] i8042: line status=0x3c irqs=396 bytes=396 kbd gsi=1 rte=0x0000000000000024 aux gsi=12 rte=0x0000000000000024
[kernel 9.598 cpu1] heartbeat: cpu0 last reached one 7.842s ago
[kernel 9.884 cpu4] heartbeat: t=9.884s alive=7/8 mask=0xfe ran=0 gap=0.286s
[kernel 9.884 cpu4] i8042: line status=0x3c irqs=396 bytes=396 kbd gsi=1 rte=0x0000000000000024 aux gsi=12 rte=0x0000000000000024
[kernel 9.884 cpu4] heartbeat: cpu0 last reached one 8.128s ago
[kernel 10.144 cpu1] heartbeat: t=10.144s alive=7/8 mask=0xfe ran=0 gap=0.260s
[kernel 10.144 cpu1] i8042: line status=0x3c irqs=396 bytes=396 kbd gsi=1 rte=0x0000000000000024 aux gsi=12 rte=0x0000000000000024
[kernel 10.144 cpu1] heartbeat: cpu0 last reached one 8.388s ago
[kernel 10.402 cpu7] heartbeat: t=10.402s alive=7/8 mask=0xfe ran=0 gap=0.258s
[kernel 10.402 cpu7] i8042: line status=0x3c irqs=396 bytes=396 kbd gsi=1 rte=0x0000000000000024 aux gsi=12 rte=0x0000000000000024
[kernel 10.402 cpu7] heartbeat: cpu0 last reached one 8.646s ago
[kernel 10.675 cpu1] heartbeat: t=10.675s alive=7/8 mask=0xfe ran=0 gap=0.272s
[kernel 10.675 cpu1] i8042: line status=0x3c irqs=396 bytes=396 kbd gsi=1 rte=0x0000000000000024 aux gsi=12 rte=0x0000000000000024
[kernel 10.675 cpu1] heartbeat: cpu0 last reached one 8.919s ago
[kernel 10.928 cpu4] heartbeat: t=10.928s alive=7/8 mask=0xfe ran=0 gap=0.253s
[kernel 10.928 cpu4] i8042: line status=0x3c irqs=396 bytes=396 kbd gsi=1 rte=0x0000000000000024 aux gsi=12 rte=0x0000000000000024
[kernel 10.928 cpu4] heartbeat: cpu0 last reached one 9.172s ago
[kernel 11.190 cpu5] heartbeat: t=11.190s alive=7/8 mask=0xfe ran=0 gap=0.261s
[kernel 11.190 cpu5] i8042: line status=0x3c irqs=396 bytes=396 kbd gsi=1 rte=0x0000000000000024 aux gsi=12 rte=0x0000000000000024
[kernel 11.190 cpu5] heartbeat: cpu0 last reached one 9.434s ago
[kernel 11.252 cpu4] sched: cpu=4 ready=0 parked=1 current=None
[kernel 11.252 cpu4] PMM: 114/15964MB used (7925 pages free)
[kernel 11.252 cpu4]   kernel-heap  alloc=     6 free=     0 held=     6 (12MB) rate=0/s
[kernel 11.252 cpu4]   demand-page  alloc=     5 free=     1 held=     4 (8MB) rate=0/s
[kernel 11.252 cpu4]   mmap         alloc=    19 free=     1 held=    18 (36MB) rate=0/s
[kernel 11.252 cpu4]   shared-mem   alloc=     3 free=     0 held=     3 (6MB) rate=0/s
[kernel 11.252 cpu4]   elf          alloc=     4 free=     1 held=     3 (6MB) rate=0/s
[kernel 11.252 cpu4]   dma          alloc=     6 free=     0 held=     6 (12MB) rate=0/s
[kernel 11.252 cpu4]   framebuffer  alloc=     1 free=     0 held=     1 (2MB) rate=0/s
[kernel 11.252 cpu4]   stack        alloc=    16 free=     4 held=    12 (24MB) rate=0/s
[kernel 11.252 cpu4]   init-tls     alloc=     5 free=     1 held=     4 (8MB) rate=0/s
[kernel 11.294 cpu2] sched: cpu=2 ready=0 parked=0 current=None
[kernel 11.303 cpu6] sched: cpu=6 ready=0 parked=0 current=None
[kernel 11.303 cpu3] sched: cpu=3 ready=0 parked=1 current=None
[kernel 11.310 cpu5] sched: cpu=5 ready=0 parked=0 current=None
[kernel 11.311 cpu1] sched: cpu=1 ready=0 parked=1 current=None
[kernel 11.341 cpu7] sched: cpu=7 ready=0 parked=0 current=None
[kernel 11.445 cpu7] heartbeat: t=11.445s alive=7/8 mask=0xfe ran=0 gap=0.255s
[kernel 11.445 cpu7] i8042: line status=0x3c irqs=396 bytes=396 kbd gsi=1 rte=0x0000000000000024 aux gsi=12 rte=0x0000000000000024
[kernel 11.445 cpu7] heartbeat: cpu0 last reached one 9.689s ago
[kernel 11.704 cpu3] heartbeat: t=11.704s alive=7/8 mask=0xfe ran=0 gap=0.258s
[kernel 11.704 cpu3] i8042: line status=0x3c irqs=396 bytes=396 kbd gsi=1 rte=0x0000000000000024 aux gsi=12 rte=0x0000000000000024
[kernel 11.704 cpu3] heartbeat: cpu0 last reached one 9.948s ago
[kernel 11.959 cpu3] heartbeat: t=11.959s alive=7/8 mask=0xfe ran=0 gap=0.255s
[kernel 11.959 cpu3] i8042: line status=0x3c irqs=396 bytes=396 kbd gsi=1 rte=0x0000000000000024 aux gsi=12 rte=0x0000000000000024
[kernel 11.960 cpu3] heartbeat: cpu0 last reached one 10.204s ago
[kernel 12.210 cpu3] heartbeat: t=12.210s alive=7/8 mask=0xfe ran=0 gap=0.250s
[kernel 12.210 cpu3] i8042: line status=0x3c irqs=396 bytes=396 kbd gsi=1 rte=0x0000000000000024 aux gsi=12 rte=0x0000000000000024
[kernel 12.210 cpu3] heartbeat: cpu0 last reached one 10.454s ago
[kernel 12.479 cpu4] heartbeat: t=12.479s alive=7/8 mask=0xfe ran=0 gap=0.269s
[kernel 12.479 cpu4] i8042: line status=0x3c irqs=396 bytes=396 kbd gsi=1 rte=0x0000000000000024 aux gsi=12 rte=0x0000000000000024
[kernel 12.479 cpu4] heartbeat: cpu0 last reached one 10.723s ago
[kernel 12.749 cpu7] heartbeat: t=12.749s alive=7/8 mask=0xfe ran=0 gap=0.269s
[kernel 12.749 cpu7] i8042: line status=0x3c irqs=396 bytes=396 kbd gsi=1 rte=0x0000000000000024 aux gsi=12 rte=0x0000000000000024
[kernel 12.749 cpu7] heartbeat: cpu0 last reached one 10.993s ago
[kernel 12.804 cpu2] i8042: 396 interrupts, 396 bytes, 0 keys, 123 motion, 27 undecoded, 0 discarded, 0 overruns, 0 dropped, 0 lost edges — last byte at 8651ms
[kernel 13.014 cpu6] heartbeat: t=13.014s alive=7/8 mask=0xfe ran=0 gap=0.264s
[kernel 13.014 cpu6] i8042: line status=0x3c irqs=396 bytes=396 kbd gsi=1 rte=0x0000000000000024 aux gsi=12 rte=0x0000000000000024
[kernel 13.014 cpu6] heartbeat: cpu0 last reached one 11.258s ago
[kernel 13.280 cpu7] heartbeat: t=13.280s alive=7/8 mask=0xfe ran=0 gap=0.266s
[kernel 13.280 cpu7] i8042: line status=0x3c irqs=396 bytes=396 kbd gsi=1 rte=0x0000000000000024 aux gsi=12 rte=0x0000000000000024
[kernel 13.280 cpu7] heartbeat: cpu0 last reached one 11.524s ago
[kernel 13.545 cpu2] heartbeat: t=13.545s alive=7/8 mask=0xfe ran=0 gap=0.264s
[kernel 13.545 cpu2] i8042: line status=0x3c irqs=396 bytes=396 kbd gsi=1 rte=0x0000000000000024 aux gsi=12 rte=0x0000000000000024
[kernel 13.545 cpu2] heartbeat: cpu0 last reached one 11.789s ago
[kernel 13.806 cpu7] heartbeat: t=13.806s alive=7/8 mask=0xfe ran=0 gap=0.260s
[kernel 13.806 cpu7] i8042: line status=0x3c irqs=396 bytes=396 kbd gsi=1 rte=0x0000000000000024 aux gsi=12 rte=0x0000000000000024
[kernel 13.806 cpu7] heartbeat: cpu0 last reached one 12.050s ago
[kernel 14.059 cpu3] heartbeat: t=14.059s alive=7/8 mask=0xfe ran=0 gap=0.253s
[kernel 14.059 cpu3] i8042: line status=0x3c irqs=396 bytes=396 kbd gsi=1 rte=0x0000000000000024 aux gsi=12 rte=0x0000000000000024
[kernel 14.059 cpu3] heartbeat: cpu0 last reached one 12.303s ago
[kernel 14.314 cpu5] heartbeat: t=14.314s alive=7/8 mask=0xfe ran=0 gap=0.254s
[kernel 14.314 cpu5] i8042: line status=0x1c irqs=398 bytes=398 kbd gsi=1 rte=0x0000000000000024 aux gsi=12 rte=0x0000000000000024
[kernel 14.314 cpu5] heartbeat: cpu0 last reached one 12.558s ago
[kernel 14.437 cpu5] === blocked-task dump: 8 cpu(s), and this report takes the screen ===
[kernel 14.437 cpu5]   cpu5 running nothing
[kernel 14.437 cpu1]   cpu1 running nothing
[kernel 14.437 cpu1]   cpu1 pid=1 tid=0 io parked 13183ms no deadline rt
[kernel 14.437 cpu2]   cpu2 running nothing
[kernel 14.437 cpu3]   cpu3 running nothing
[kernel 14.437 cpu7]   cpu7 running nothing
[kernel 14.437 cpu6]   cpu6 running nothing
[kernel 14.437 cpu3]   cpu3 pid=1 tid=1 io parked 13183ms no deadline
[kernel 14.447 cpu4]   cpu4 running nothing
[kernel 14.447 cpu4]   cpu4 pid=3 tid=0 ipc parked 12937ms no deadline
[kernel 14.647 cpu7] heartbeat: t=14.647s alive=7/8 mask=0xfe ran=0 gap=0.333s
[kernel 14.647 cpu7] i8042: line status=0x1c irqs=402 bytes=402 kbd gsi=1 rte=0x0000000000000024 aux gsi=12 rte=0x0000000000000024
[kernel 14.647 cpu7] heartbeat: cpu0 last reached one 12.891s ago
[kernel 14.687 cpu5]   cpu0 !! no answer: it did not reach a scheduler pass
[kernel 14.687 cpu5]   cpu0 NMI answered, it is here:
[kernel 14.687 cpu5]     0xffff80005bee6c9d  kernel::arch::apic::arm_one_shot+0x8d
[kernel 14.687 cpu5]   ready: pid=0 tid=0 compositor cpu=230ms
[kernel 14.687 cpu5] == census: 4 thread(s) — 0 running, 1 ready, 3 blocked, 0 zombie, 0 unscheduled
[kernel 14.687 cpu5] == sched: 7/8 cpu(s) answered — 0 running, 0 queued, 3 parked
[kernel 14.687 cpu5] == deadlines: 3 event-only, 0 pending, 0 OVERDUE, 0 ABSURD
[kernel 14.687 cpu5] == VERDICT: 0 overdue, 0 absurd, 1 unheld, 0 never ran (of the cpus that answered)
[kernel 14.687 cpu5] === end of dump ===
[kernel 14.947 cpu6] heartbeat: t=14.947s alive=7/8 mask=0xfe ran=0 gap=0.300s
[kernel 14.947 cpu6] i8042: line status=0x1c irqs=402 bytes=402 kbd gsi=1 rte=0x0000000000000024 aux gsi=12 rte=0x0000000000000024
[kernel 14.948 cpu6] heartbeat: cpu0 last reached one 13.192s ago
[kernel 15.248 cpu5] heartbeat: t=15.248s alive=7/8 mask=0xfe ran=0 gap=0.300s
[kernel 15.248 cpu5] i8042: line status=0x1c irqs=402 bytes=402 kbd gsi=1 rte=0x0000000000000024 aux gsi=12 rte=0x0000000000000024
[kernel 15.248 cpu5] heartbeat: cpu0 last reached one 13.492s ago
[kernel 15.551 cpu2] heartbeat: t=15.551s alive=7/8 mask=0xfe ran=0 gap=0.303s
[kernel 15.551 cpu2] i8042: line status=0x1c irqs=402 bytes=402 kbd gsi=1 rte=0x0000000000000024 aux gsi=12 rte=0x0000000000000024
[kernel 15.551 cpu2] heartbeat: cpu0 last reached one 13.795s ago
[kernel 15.855 cpu7] heartbeat: t=15.855s alive=7/8 mask=0xfe ran=0 gap=0.303s
[kernel 15.855 cpu7] i8042: line status=0x1c irqs=402 bytes=402 kbd gsi=1 rte=0x0000000000000024 aux gsi=12 rte=0x0000000000000024
[kernel 15.855 cpu7] heartbeat: cpu0 last reached one 14.099s ago
[kernel 16.155 cpu4] heartbeat: t=16.155s alive=7/8 mask=0xfe ran=0 gap=0.300s
[kernel 16.155 cpu4] i8042: line status=0x1c irqs=402 bytes=402 kbd gsi=1 rte=0x0000000000000024 aux gsi=12 rte=0x0000000000000024
[kernel 16.156 cpu4] heartbeat: cpu0 last reached one 14.400s ago
[kernel 16.417 cpu4] heartbeat: t=16.417s alive=7/8 mask=0xfe ran=0 gap=0.261s
[kernel 16.417 cpu4] i8042: line status=0x1c irqs=402 bytes=402 kbd gsi=1 rte=0x0000000000000024 aux gsi=12 rte=0x0000000000000024
[kernel 16.417 cpu4] heartbeat: cpu0 last reached one 14.661s ago
[kernel 16.681 cpu1] heartbeat: t=16.681s alive=7/8 mask=0xfe ran=0 gap=0.264s
[kernel 16.681 cpu1] i8042: line status=0x1c irqs=402 bytes=402 kbd gsi=1 rte=0x0000000000000024 aux gsi=12 rte=0x0000000000000024
[kernel 16.681 cpu1] heartbeat: cpu0 last reached one 14.925s ago
[kernel 16.932 cpu6] heartbeat: t=16.932s alive=7/8 mask=0xfe ran=0 gap=0.251s
[kernel 16.932 cpu6] i8042: line status=0x1c irqs=402 bytes=402 kbd gsi=1 rte=0x0000000000000024 aux gsi=12 rte=0x0000000000000024
[kernel 16.932 cpu6] heartbeat: cpu0 last reached one 15.176s ago
[kernel 17.212 cpu3] heartbeat: t=17.212s alive=7/8 mask=0xfe ran=0 gap=0.279s
[kernel 17.212 cpu3] i8042: line status=0x1c irqs=402 bytes=402 kbd gsi=1 rte=0x0000000000000024 aux gsi=12 rte=0x0000000000000024
[kernel 17.212 cpu3] heartbeat: cpu0 last reached one 15.456s ago
[kernel 17.512 cpu2] heartbeat: t=17.512s alive=7/8 mask=0xfe ran=0 gap=0.300s
[kernel 17.512 cpu2] i8042: line status=0x1c irqs=402 bytes=402 kbd gsi=1 rte=0x0000000000000024 aux gsi=12 rte=0x0000000000000024
[kernel 17.512 cpu2] heartbeat: cpu0 last reached one 15.756s ago
[kernel 17.822 cpu5] heartbeat: t=17.822s alive=7/8 mask=0xfe ran=0 gap=0.309s
[kernel 17.822 cpu5] i8042: line status=0x1c irqs=402 bytes=402 kbd gsi=1 rte=0x0000000000000024 aux gsi=12 rte=0x0000000000000024
[kernel 17.822 cpu5] heartbeat: cpu0 last reached one 16.066s ago
[kernel 18.132 cpu5] heartbeat: t=18.132s alive=7/8 mask=0xfe ran=0 gap=0.309s
[kernel 18.132 cpu5] i8042: line status=0x1c irqs=402 bytes=402 kbd gsi=1 rte=0x0000000000000024 aux gsi=12 rte=0x0000000000000024
[kernel 18.132 cpu5] heartbeat: cpu0 last reached one 16.376s ago
[kernel 18.436 cpu2] heartbeat: t=18.436s alive=7/8 mask=0xfe ran=0 gap=0.303s
[kernel 18.436 cpu2] i8042: line status=0x1c irqs=402 bytes=402 kbd gsi=1 rte=0x0000000000000024 aux gsi=12 rte=0x0000000000000024
[kernel 18.436 cpu2] heartbeat: cpu0 last reached one 16.680s ago
[kernel 18.691 cpu2] heartbeat: t=18.691s alive=7/8 mask=0xfe ran=0 gap=0.255s
[kernel 18.691 cpu2] i8042: line status=0x1c irqs=402 bytes=402 kbd gsi=1 rte=0x0000000000000024 aux gsi=12 rte=0x0000000000000024
[kernel 18.691 cpu2] heartbeat: cpu0 last reached one 16.935s ago
[kernel 18.941 cpu4] heartbeat: t=18.941s alive=7/8 mask=0xfe ran=0 gap=0.250s
[kernel 18.941 cpu4] i8042: line status=0x1c irqs=402 bytes=402 kbd gsi=1 rte=0x0000000000000024 aux gsi=12 rte=0x0000000000000024
[kernel 18.941 cpu4] heartbeat: cpu0 last reached one 17.185s ago
[kernel 19.238 cpu1] heartbeat: t=19.238s alive=7/8 mask=0xfe ran=0 gap=0.296s
[kernel 19.238 cpu1] i8042: line status=0x1c irqs=402 bytes=402 kbd gsi=1 rte=0x0000000000000024 aux gsi=12 rte=0x0000000000000024
[kernel 19.238 cpu1] heartbeat: cpu0 last reached one 17.482s ago
[kernel 19.540 cpu5] heartbeat: t=19.540s alive=7/8 mask=0xfe ran=0 gap=0.301s
[kernel 19.540 cpu5] i8042: line status=0x1c irqs=402 bytes=402 kbd gsi=1 rte=0x0000000000000024 aux gsi=12 rte=0x0000000000000024
[kernel 19.540 cpu5] heartbeat: cpu0 last reached one 17.784s ago
[kernel 19.843 cpu2] heartbeat: t=19.843s alive=7/8 mask=0xfe ran=0 gap=0.302s
[kernel 19.843 cpu2] i8042: line status=0x1c irqs=402 bytes=402 kbd gsi=1 rte=0x0000000000000024 aux gsi=12 rte=0x0000000000000024
[kernel 19.843 cpu2] heartbeat: cpu0 last reached one 18.087s ago
[kernel 20.151 cpu7] heartbeat: t=20.151s alive=7/8 mask=0xfe ran=0 gap=0.307s
[kernel 20.151 cpu7] i8042: line status=0x1c irqs=402 bytes=402 kbd gsi=1 rte=0x0000000000000024 aux gsi=12 rte=0x0000000000000024
[kernel 20.151 cpu7] heartbeat: cpu0 last reached one 18.395s ago
[kernel 20.408 cpu7] heartbeat: t=20.408s alive=7/8 mask=0xfe ran=0 gap=0.256s
[kernel 20.408 cpu7] i8042: line status=0x1c irqs=402 bytes=402 kbd gsi=1 rte=0x0000000000000024 aux gsi=12 rte=0x0000000000000024
[kernel 20.408 cpu7] heartbeat: cpu0 last reached one 18.652s ago
[kernel 20.674 cpu2] heartbeat: t=20.674s alive=7/8 mask=0xfe ran=0 gap=0.266s
[kernel 20.674 cpu2] i8042: line status=0x1c irqs=402 bytes=402 kbd gsi=1 rte=0x0000000000000024 aux gsi=12 rte=0x0000000000000024
[kernel 20.674 cpu2] heartbeat: cpu0 last reached one 18.918s ago
[kernel 20.943 cpu7] heartbeat: t=20.943s alive=7/8 mask=0xfe ran=0 gap=0.268s
[kernel 20.943 cpu7] i8042: line status=0x1c irqs=402 bytes=402 kbd gsi=1 rte=0x0000000000000024 aux gsi=12 rte=0x0000000000000024
[kernel 20.943 cpu7] heartbeat: cpu0 last reached one 19.187s ago
[kernel 21.198 cpu2] heartbeat: t=21.198s alive=7/8 mask=0xfe ran=0 gap=0.255s
[kernel 21.198 cpu2] i8042: line status=0x1c irqs=402 bytes=402 kbd gsi=1 rte=0x0000000000000024 aux gsi=12 rte=0x0000000000000024
[kernel 21.198 cpu2] heartbeat: cpu0 last reached one 19.442s ago
[kernel 21.261 cpu7] PMM: 114/15964MB used (7925 pages free)
[kernel 21.261 cpu7]   kernel-heap  alloc=     6 free=     0 held=     6 (12MB) rate=0/s
[kernel 21.261 cpu7]   demand-page  alloc=     5 free=     1 held=     4 (8MB) rate=0/s
[kernel 21.261 cpu7]   mmap         alloc=    19 free=     1 held=    18 (36MB) rate=0/s
[kernel 21.261 cpu7]   shared-mem   alloc=     3 free=     0 held=     3 (6MB) rate=0/s
[kernel 21.261 cpu7]   elf          alloc=     4 free=     1 held=     3 (6MB) rate=0/s
[kernel 21.261 cpu7]   dma          alloc=     6 free=     0 held=     6 (12MB) rate=0/s
[kernel 21.261 cpu7]   framebuffer  alloc=     1 free=     0 held=     1 (2MB) rate=0/s
[kernel 21.261 cpu7]   stack        alloc=    16 free=     4 held=    12 (24MB) rate=0/s
[kernel 21.261 cpu7]   init-tls     alloc=     5 free=     1 held=     4 (8MB) rate=0/s
[kernel 21.282 cpu4] sched: cpu=4 ready=0 parked=1 current=None
[kernel 21.322 cpu2] sched: cpu=2 ready=0 parked=0 current=None
[kernel 21.351 cpu6] sched: cpu=6 ready=0 parked=0 current=None
[kernel 21.351 cpu3] sched: cpu=3 ready=0 parked=1 current=None
[kernel 21.373 cpu7] sched: cpu=7 ready=0 parked=0 current=None
[kernel 21.385 cpu1] sched: cpu=1 ready=0 parked=1 current=None
[kernel 21.385 cpu5] sched: cpu=5 ready=0 parked=0 current=None
[kernel 21.455 cpu6] heartbeat: t=21.455s alive=7/8 mask=0xfe ran=0 gap=0.257s
[kernel 21.455 cpu6] i8042: line status=0x1c irqs=402 bytes=402 kbd gsi=1 rte=0x0000000000000024 aux gsi=12 rte=0x0000000000000024
[kernel 21.455 cpu6] heartbeat: cpu0 last reached one 19.699s ago
[kernel 21.706 cpu6] heartbeat: t=21.706s alive=7/8 mask=0xfe ran=0 gap=0.250s
[kernel 21.706 cpu6] i8042: line status=0x1c irqs=402 bytes=402 kbd gsi=1 rte=0x0000000000000024 aux gsi=12 rte=0x0000000000000024
[kernel 21.706 cpu6] heartbeat: cpu0 last reached one 19.950s ago
[kernel 21.959 cpu3] heartbeat: t=21.959s alive=7/8 mask=0xfe ran=0 gap=0.253s
[kernel 21.959 cpu3] i8042: line status=0x1c irqs=402 bytes=402 kbd gsi=1 rte=0x0000000000000024 aux gsi=12 rte=0x0000000000000024
[kernel 21.959 cpu3] heartbeat: cpu0 last reached one 20.203s ago
[kernel 22.227 cpu2] heartbeat: t=22.227s alive=7/8 mask=0xfe ran=0 gap=0.267s
[kernel 22.227 cpu2] i8042: line status=0x1c irqs=402 bytes=402 kbd gsi=1 rte=0x0000000000000024 aux gsi=12 rte=0x0000000000000024
[kernel 22.227 cpu2] heartbeat: cpu0 last reached one 20.471s ago
[kernel 22.477 cpu7] heartbeat: t=22.477s alive=7/8 mask=0xfe ran=0 gap=0.250s
[kernel 22.477 cpu7] i8042: line status=0x1c irqs=402 bytes=402 kbd gsi=1 rte=0x0000000000000024 aux gsi=12 rte=0x0000000000000024
[kernel 22.478 cpu7] heartbeat: cpu0 last reached one 20.722s ago
[kernel 22.741 cpu1] heartbeat: t=22.741s alive=7/8 mask=0xfe ran=0 gap=0.263s
[kernel 22.741 cpu1] i8042: line status=0x1c irqs=402 bytes=402 kbd gsi=1 rte=0x0000000000000024 aux gsi=12 rte=0x0000000000000024
[kernel 22.741 cpu1] heartbeat: cpu0 last reached one 20.985s ago
[kernel 22.806 cpu3] i8042: 402 interrupts, 402 bytes, 5 keys, 123 motion, 28 undecoded, 0 discarded, 0 overruns, 0 dropped, 0 lost edges — last byte at 14562ms
[kernel 23.019 cpu7] heartbeat: t=23.019s alive=7/8 mask=0xfe ran=0 gap=0.277s
[kernel 23.019 cpu7] i8042: line status=0x1c irqs=402 bytes=402 kbd gsi=1 rte=0x0000000000000024 aux gsi=12 rte=0x0000000000000024
[kernel 23.019 cpu7] heartbeat: cpu0 last reached one 21.263s ago
[kernel 23.281 cpu1] heartbeat: t=23.281s alive=7/8 mask=0xfe ran=0 gap=0.261s
[kernel 23.281 cpu1] i8042: line status=0x1c irqs=402 bytes=402 kbd gsi=1 rte=0x0000000000000024 aux gsi=12 rte=0x0000000000000024
[kernel 23.281 cpu1] heartbeat: cpu0 last reached one 21.525s ago
[kernel 23.532 cpu3] heartbeat: t=23.532s alive=7/8 mask=0xfe ran=0 gap=0.251s
[kernel 23.532 cpu3] i8042: line status=0x1c irqs=402 bytes=402 kbd gsi=1 rte=0x0000000000000024 aux gsi=12 rte=0x0000000000000024
[kernel 23.532 cpu3] heartbeat: cpu0 last reached one 21.776s ago
[kernel 23.786 cpu4] heartbeat: t=23.786s alive=7/8 mask=0xfe ran=0 gap=0.253s
[kernel 23.786 cpu4] i8042: line status=0x1c irqs=402 bytes=402 kbd gsi=1 rte=0x0000000000000024 aux gsi=12 rte=0x0000000000000024
[kernel 23.786 cpu4] heartbeat: cpu0 last reached one 22.030s ago
[kernel 24.051 cpu3] heartbeat: t=24.051s alive=7/8 mask=0xfe ran=0 gap=0.265s
[kernel 24.051 cpu3] i8042: line status=0x1c irqs=402 bytes=402 kbd gsi=1 rte=0x0000000000000024 aux gsi=12 rte=0x0000000000000024
[kernel 24.051 cpu3] heartbeat: cpu0 last reached one 22.295s ago
[kernel 24.311 cpu5] heartbeat: t=24.311s alive=7/8 mask=0xfe ran=0 gap=0.259s
[kernel 24.311 cpu5] i8042: line status=0x1c irqs=402 bytes=402 kbd gsi=1 rte=0x0000000000000024 aux gsi=12 rte=0x0000000000000024
[kernel 24.311 cpu5] heartbeat: cpu0 last reached one 22.555s ago
[kernel 24.562 cpu2] heartbeat: t=24.562s alive=7/8 mask=0xfe ran=0 gap=0.250s
[kernel 24.562 cpu2] i8042: line status=0x1c irqs=402 bytes=402 kbd gsi=1 rte=0x0000000000000024 aux gsi=12 rte=0x0000000000000024
[kernel 24.562 cpu2] heartbeat: cpu0 last reached one 22.806s ago
[kernel 24.821 cpu1] heartbeat: t=24.821s alive=7/8 mask=0xfe ran=0 gap=0.259s
[kernel 24.821 cpu1] i8042: line status=0x1c irqs=402 bytes=402 kbd gsi=1 rte=0x0000000000000024 aux gsi=12 rte=0x0000000000000024
[kernel 24.822 cpu1] heartbeat: cpu0 last reached one 23.066s ago
[kernel 25.076 cpu1] heartbeat: t=25.076s alive=7/8 mask=0xfe ran=0 gap=0.255s
[kernel 25.076 cpu1] i8042: line status=0x1c irqs=402 bytes=402 kbd gsi=1 rte=0x0000000000000024 aux gsi=12 rte=0x0000000000000024
[kernel 25.077 cpu1] heartbeat: cpu0 last reached one 23.321s ago
[kernel 25.326 cpu4] heartbeat: t=25.326s alive=7/8 mask=0xfe ran=0 gap=0.250s
[kernel 25.326 cpu4] i8042: line status=0x1c irqs=402 bytes=402 kbd gsi=1 rte=0x0000000000000024 aux gsi=12 rte=0x0000000000000024
[kernel 25.327 cpu4] heartbeat: cpu0 last reached one 23.571s ago
[kernel 25.628 cpu1] heartbeat: t=25.628s alive=7/8 mask=0xfe ran=0 gap=0.301s
[kernel 25.628 cpu1] i8042: line status=0x1c irqs=402 bytes=402 kbd gsi=1 rte=0x0000000000000024 aux gsi=12 rte=0x0000000000000024
[kernel 25.628 cpu1] heartbeat: cpu0 last reached one 23.872s ago
[kernel 25.942 cpu5] heartbeat: t=25.942s alive=7/8 mask=0xfe ran=0 gap=0.313s
[kernel 25.942 cpu5] i8042: line status=0x1c irqs=402 bytes=402 kbd gsi=1 rte=0x0000000000000024 aux gsi=12 rte=0x0000000000000024
[kernel 25.942 cpu5] heartbeat: cpu0 last reached one 24.186s ago
[kernel 26.254 cpu7] heartbeat: t=26.254s alive=7/8 mask=0xfe ran=0 gap=0.312s
[kernel 26.254 cpu7] i8042: line status=0x1c irqs=402 bytes=402 kbd gsi=1 rte=0x0000000000000024 aux gsi=12 rte=0x0000000000000024
[kernel 26.254 cpu7] heartbeat: cpu0 last reached one 24.499s ago
[kernel 26.557 cpu6] heartbeat: t=26.557s alive=7/8 mask=0xfe ran=0 gap=0.302s
[kernel 26.557 cpu6] i8042: line status=0x1c irqs=402 bytes=402 kbd gsi=1 rte=0x0000000000000024 aux gsi=12 rte=0x0000000000000024
[kernel 26.557 cpu6] heartbeat: cpu0 last reached one 24.801s ago
[kernel 26.865 cpu3] heartbeat: t=26.865s alive=7/8 mask=0xfe ran=0 gap=0.308s
[kernel 26.865 cpu3] i8042: line status=0x1c irqs=402 bytes=402 kbd gsi=1 rte=0x0000000000000024 aux gsi=12 rte=0x0000000000000024
[kernel 26.866 cpu3] heartbeat: cpu0 last reached one 25.110s ago
[kernel 27.166 cpu4] heartbeat: t=27.166s alive=7/8 mask=0xfe ran=0 gap=0.300s
[kernel 27.166 cpu4] i8042: line status=0x1c irqs=402 bytes=402 kbd gsi=1 rte=0x0000000000000024 aux gsi=12 rte=0x0000000000000024
[kernel 27.166 cpu4] heartbeat: cpu0 last reached one 25.411s ago
[kernel 27.470 cpu2] heartbeat: t=27.470s alive=7/8 mask=0xfe ran=0 gap=0.304s
[kernel 27.470 cpu2] i8042: line status=0x1c irqs=402 bytes=402 kbd gsi=1 rte=0x0000000000000024 aux gsi=12 rte=0x0000000000000024
[kernel 27.470 cpu2] heartbeat: cpu0 last reached one 25.715s ago
[kernel 27.775 cpu1] heartbeat: t=27.775s alive=7/8 mask=0xfe ran=0 gap=0.304s
[kernel 27.775 cpu1] i8042: line status=0x1c irqs=402 bytes=402 kbd gsi=1 rte=0x0000000000000024 aux gsi=12 rte=0x0000000000000024
[kernel 27.775 cpu1] heartbeat: cpu0 last reached one 26.019s ago
[kernel 28.086 cpu7] heartbeat: t=28.086s alive=7/8 mask=0xfe ran=0 gap=0.310s
[kernel 28.086 cpu7] i8042: line status=0x1c irqs=402 bytes=402 kbd gsi=1 rte=0x0000000000000024 aux gsi=12 rte=0x0000000000000024
[kernel 28.086 cpu7] heartbeat: cpu0 last reached one 26.330s ago
[kernel 28.387 cpu5] heartbeat: t=28.387s alive=7/8 mask=0xfe ran=0 gap=0.300s
[kernel 28.387 cpu5] i8042: line status=0x1c irqs=402 bytes=402 kbd gsi=1 rte=0x0000000000000024 aux gsi=12 rte=0x0000000000000024
[kernel 28.387 cpu5] heartbeat: cpu0 last reached one 26.631s ago
[kernel 28.691 cpu4] heartbeat: t=28.691s alive=7/8 mask=0xfe ran=0 gap=0.303s
[kernel 28.691 cpu4] i8042: line status=0x1c irqs=402 bytes=402 kbd gsi=1 rte=0x0000000000000024 aux gsi=12 rte=0x0000000000000024
[kernel 28.691 cpu4] heartbeat: cpu0 last reached one 26.935s ago
[kernel 28.991 cpu2] heartbeat: t=28.991s alive=7/8 mask=0xfe ran=0 gap=0.300s
[kernel 28.991 cpu2] i8042: line status=0x1c irqs=402 bytes=402 kbd gsi=1 rte=0x0000000000000024 aux gsi=12 rte=0x0000000000000024
[kernel 28.991 cpu2] heartbeat: cpu0 last reached one 27.235s ago
[kernel 29.295 cpu2] heartbeat: t=29.295s alive=7/8 mask=0xfe ran=0 gap=0.304s
[kernel 29.295 cpu2] i8042: line status=0x1c irqs=402 bytes=402 kbd gsi=1 rte=0x0000000000000024 aux gsi=12 rte=0x0000000000000024
[kernel 29.295 cpu2] heartbeat: cpu0 last reached one 27.539s ago
[kernel 29.550 cpu2] heartbeat: t=29.550s alive=7/8 mask=0xfe ran=0 gap=0.255s
[kernel 29.550 cpu2] i8042: line status=0x1c irqs=402 bytes=402 kbd gsi=1 rte=0x0000000000000024 aux gsi=12 rte=0x0000000000000024
[kernel 29.550 cpu2] heartbeat: cpu0 last reached one 27.794s ago
[kernel 29.801 cpu5] heartbeat: t=29.801s alive=7/8 mask=0xfe ran=0 gap=0.250s
[kernel 29.801 cpu5] i8042: line status=0x1c irqs=402 bytes=402 kbd gsi=1 rte=0x0000000000000024 aux gsi=12 rte=0x0000000000000024
[kernel 29.801 cpu5] heartbeat: cpu0 last reached one 28.045s ago
[kernel 30.092 cpu2] heartbeat: t=30.092s alive=7/8 mask=0xfe ran=0 gap=0.291s
[kernel 30.092 cpu2] i8042: line status=0x1c irqs=402 bytes=402 kbd gsi=1 rte=0x0000000000000024 aux gsi=12 rte=0x0000000000000024
[kernel 30.092 cpu2] heartbeat: cpu0 last reached one 28.336s ago
[kernel 30.351 cpu5] heartbeat: t=30.351s alive=7/8 mask=0xfe ran=0 gap=0.258s
[kernel 30.351 cpu5] i8042: line status=0x1c irqs=402 bytes=402 kbd gsi=1 rte=0x0000000000000024 aux gsi=12 rte=0x0000000000000024
[kernel 30.351 cpu5] heartbeat: cpu0 last reached one 28.595s ago
[kernel 30.601 cpu7] heartbeat: t=30.601s alive=7/8 mask=0xfe ran=0 gap=0.250s
[kernel 30.601 cpu7] i8042: line status=0x1c irqs=402 bytes=402 kbd gsi=1 rte=0x0000000000000024 aux gsi=12 rte=0x0000000000000024
[kernel 30.602 cpu7] heartbeat: cpu0 last reached one 28.846s ago
[kernel 30.873 cpu7] heartbeat: t=30.873s alive=7/8 mask=0xfe ran=0 gap=0.271s
[kernel 30.873 cpu7] i8042: line status=0x1c irqs=402 bytes=402 kbd gsi=1 rte=0x0000000000000024 aux gsi=12 rte=0x0000000000000024
[kernel 30.873 cpu7] heartbeat: cpu0 last reached one 29.118s ago
[kernel 31.132 cpu4] heartbeat: t=31.132s alive=7/8 mask=0xfe ran=0 gap=0.258s
[kernel 31.132 cpu4] i8042: line status=0x1c irqs=402 bytes=402 kbd gsi=1 rte=0x0000000000000024 aux gsi=12 rte=0x0000000000000024
[kernel 31.132 cpu4] heartbeat: cpu0 last reached one 29.376s ago
[kernel 31.294 cpu4] sched: cpu=4 ready=0 parked=1 current=None
[kernel 31.294 cpu4] PMM: 114/15964MB used (7925 pages free)
[kernel 31.294 cpu4]   kernel-heap  alloc=     6 free=     0 held=     6 (12MB) rate=0/s
[kernel 31.294 cpu4]   demand-page  alloc=     5 free=     1 held=     4 (8MB) rate=0/s
[kernel 31.294 cpu4]   mmap         alloc=    19 free=     1 held=    18 (36MB) rate=0/s
[kernel 31.294 cpu4]   shared-mem   alloc=     3 free=     0 held=     3 (6MB) rate=0/s
[kernel 31.294 cpu4]   elf          alloc=     4 free=     1 held=     3 (6MB) rate=0/s
[kernel 31.294 cpu4]   dma          alloc=     6 free=     0 held=     6 (12MB) rate=0/s
[kernel 31.294 cpu4]   framebuffer  alloc=     1 free=     0 held=     1 (2MB) rate=0/s
[kernel 31.294 cpu4]   stack        alloc=    16 free=     4 held=    12 (24MB) rate=0/s
[kernel 31.294 cpu4]   init-tls     alloc=     5 free=     1 held=     4 (8MB) rate=0/s
[kernel 31.358 cpu2] sched: cpu=2 ready=0 parked=0 current=None
[kernel 31.395 cpu5] sched: cpu=5 ready=0 parked=0 current=None
[kernel 31.395 cpu5] heartbeat: t=31.395s alive=7/8 mask=0xfe ran=0 gap=0.262s
[kernel 31.395 cpu5] i8042: line status=0x1c irqs=402 bytes=402 kbd gsi=1 rte=0x0000000000000024 aux gsi=12 rte=0x0000000000000024
[kernel 31.395 cpu5] heartbeat: cpu0 last reached one 29.639s ago
[kernel 31.397 cpu6] sched: cpu=6 ready=0 parked=0 current=None
[kernel 31.413 cpu7] sched: cpu=7 ready=0 parked=0 current=None
[kernel 31.432 cpu3] sched: cpu=3 ready=0 parked=1 current=None
[kernel 31.462 cpu1] sched: cpu=1 ready=0 parked=1 current=None
