[kernel 0.000 boot] panic console: framebuffer at 0x4000000000 is above the boot map, armed after mm::init
[kernel 0.000 boot] serial: 16550 loopback read 0xff (absent or wrong port)
[kernel 0.000 boot] PAT: IA32_PAT=0x0007040100070406, entry 4 = WC
[kernel 0.000 boot] KernelArgs { memory_map_addr: 1672929304, memory_map_size: 2040, kernel_memory_addr: 1541406720, kernel_memory_size: 11657216, kernel_stack_addr: 3268608, kernel_stack_size: 8388608, rsdp_addr: 2495602708, initrd_addr: 1553379352, initrd_size: 82747392, init_program_addr: 1645157984, init_program_len: 37, kernel_elf_addr: 1636130840, kernel_elf_size: 3834464, gop_framebuffer: 274877906944, gop_framebuffer_size: 8294400, gop_width: 1920, gop_height: 1080, gop_stride: 1920, gop_pixel_format: 1, boot_pml4_addr: 1672876032, boot_partition_start_lba: 2048, boot_partition_blocks: 181136, boot_partition_guid: [192, 220, 226, 252, 233, 180, 121, 72, 145, 90, 7, 246, 6, 119, 182, 10], boot_partition_present: 1, log_partition_guid: [69, 97, 83, 174, 254, 222, 49, 72, 185, 195, 207, 109, 146, 195, 68, 96], rtc_utc_offset_minutes: 0, rtc_utc_offset_known: 0 }
[kernel 0.000 boot] ACPI: MADT cpus=[0, 2, 4, 6, 1, 3, 5, 7]
[kernel 0.000 boot] LAPIC: x2APIC enabled (ID 0)
[kernel 0.000 cpu0] percpu: BSP cpu_id=0 lapic_id=0 smep=on smap=on pcid=on
[kernel 0.000 cpu0] ioapic: id=2 at 0xfec00000 ver=0x20 gsi 0..119 masked 120/120
[kernel 0.000 cpu0] ioapic: iso bus:irq->gsi [0:0->2 edge/high, 0:9->9 level/high]
[kernel 0.000 cpu0] symbols: loaded 5152 kernel symbols
[kernel 0.000 cpu0] ACPI: HPET at 0xfed00000
[kernel 0.050 cpu0] TSC: 2419MHz (period=413356fs, calibrated over 50ms)
[kernel 0.050 cpu0] ACPI: the FADT puts the RTC century register at CMOS 0x32
[kernel 0.050 cpu0] clock: the RTC reads 2026-08-08 12:01:56; firmware named no zone, so it is taken as UTC
[kernel 0.060 cpu0] LAPIC timer: 384007 ticks/10ms
[kernel 0.060 cpu0] Boot: CPU ready (60ms)
[kernel 0.065 cpu0] ACPI: RSDP at 0x94bfe014
[kernel 0.065 cpu0] ACPI: MCFG found at 0x8f428000
[kernel 0.065 cpu0] ACPI: ECAM base address: 0xc0000000
[kernel 0.065 cpu0] PCI: Enumerating devices...
[kernel 0.065 cpu0]   PCI 00:00.0 [0600] vendor=8086 device=9a14 prog_if=00
[kernel 0.065 cpu0]   PCI 00:02.0 [0300] vendor=8086 device=9a49 prog_if=00
[kernel 0.065 cpu0]   PCI 00:04.0 [1180] vendor=8086 device=9a03 prog_if=00
[kernel 0.065 cpu0]   PCI 00:06.0 [0604] vendor=8086 device=9a09 prog_if=00
[kernel 0.065 cpu0]   PCI 00:07.0 [0604] vendor=8086 device=9a25 prog_if=00
[kernel 0.065 cpu0]   PCI 00:07.2 [0604] vendor=8086 device=9a27 prog_if=00
[kernel 0.065 cpu0]   PCI 00:0a.0 [1180] vendor=8086 device=9a0d prog_if=00
[kernel 0.066 cpu0]   PCI 00:0d.0 [0c03] vendor=8086 device=9a13 prog_if=30
[kernel 0.066 cpu0]   PCI 00:0d.2 [0c03] vendor=8086 device=9a1b prog_if=40
[kernel 0.066 cpu0]   PCI 00:0d.3 [0c03] vendor=8086 device=9a1d prog_if=40
[kernel 0.066 cpu0]   PCI 00:14.0 [0c03] vendor=8086 device=a0ed prog_if=30
[kernel 0.066 cpu0]   PCI 00:14.2 [0500] vendor=8086 device=a0ef prog_if=00
[kernel 0.066 cpu0]   PCI 00:16.0 [0780] vendor=8086 device=a0e0 prog_if=00
[kernel 0.066 cpu0]   PCI 00:1c.0 [0604] vendor=8086 device=a0b8 prog_if=00
[kernel 0.066 cpu0]   PCI 00:1c.4 [0604] vendor=8086 device=a0bc prog_if=00
[kernel 0.066 cpu0]   PCI 00:1c.7 [0604] vendor=8086 device=a0bf prog_if=00
[kernel 0.066 cpu0]   PCI 00:1f.0 [0601] vendor=8086 device=a082 prog_if=00
[kernel 0.066 cpu0]   PCI 00:1f.3 [0403] vendor=8086 device=a0c8 prog_if=80
[kernel 0.066 cpu0]   PCI 00:1f.4 [0c05] vendor=8086 device=a0a3 prog_if=00
[kernel 0.066 cpu0]   PCI 00:1f.5 [0c80] vendor=8086 device=a0a4 prog_if=00
[kernel 0.066 cpu0]   PCI 00:1f.6 [0200] vendor=8086 device=15fc prog_if=00
[kernel 0.067 cpu0]   PCI 04:00.0 [0108] vendor=1c5c device=1327 prog_if=02
[kernel 0.069 cpu0]   PCI 09:00.0 [0280] vendor=8086 device=2725 prog_if=00
[kernel 0.072 cpu0]   PCI 0a:00.0 [0805] vendor=17a0 device=9750 prog_if=01
[kernel 0.145 cpu0] PCI: Enumeration complete, 24 functions.
[kernel 0.145 cpu0] iommu: DMAR haw=39 flags=0x05 intr_remap=y x2apic_opt_out=n dma_ctrl_opt_in=y
[kernel 0.145 cpu0] iommu: unit0 @0xfed90000 seg=0 pci_all=n ver=4.0 cap=0x01c0000c40660462 ecap=0x0000029a00f0505e aw=48 sagaw=0x04 mgaw=39 nd=256 sps2m=y cm=n psi=n nfr=1 fro=0x400 qi=y ir=y eim=y pt=y coherent=n sc=n
[kernel 0.145 cpu0] iommu: unit0 scope pci-endpoint 00:02.0 id=0
[kernel 0.147 cpu0] iommu: identity domain aw=48 covers 0x0..0x45f800000 in 8956 2 MiB leaves
[kernel 0.147 cpu0] iommu: unit0 @0xfed90000 translating gsts=0xc4000000 tes=y qies=y root=0x1014000 domain=1 aw=48 streams=24
[kernel 0.147 cpu0] iommu: unit1 @0xfed85000 seg=0 pci_all=n ver=1.0 cap=0x00d2008c40660462 ecap=0x0000000000f050da aw=48 sagaw=0x04 mgaw=39 nd=256 sps2m=y cm=n psi=y nfr=1 fro=0x400 qi=y ir=y eim=y pt=y coherent=n sc=y
[kernel 0.147 cpu0] iommu: unit1 scope pci-bridge 00:07.0 id=0
[kernel 0.148 cpu0] iommu: unit1 @0xfed85000 translating gsts=0xc4000000 tes=y qies=y root=0x101b000 domain=1 aw=48 streams=24
[kernel 0.148 cpu0] iommu: unit2 @0xfed86000 seg=0 pci_all=n ver=1.0 cap=0x00d2008c40660462 ecap=0x0000000000f050da aw=48 sagaw=0x04 mgaw=39 nd=256 sps2m=y cm=n psi=y nfr=1 fro=0x400 qi=y ir=y eim=y pt=y coherent=n sc=y
[kernel 0.148 cpu0] iommu: unit2 scope pci-bridge 00:07.2 id=0
[kernel 0.148 cpu0] iommu: unit2 @0xfed86000 translating gsts=0xc4000000 tes=y qies=y root=0x1022000 domain=1 aw=48 streams=24
[kernel 0.148 cpu0] iommu: unit3 @0xfed91000 seg=0 pci_all=y ver=1.0 cap=0x00d2008c40660462 ecap=0x0000000000f050da aw=48 sagaw=0x04 mgaw=39 nd=256 sps2m=y cm=n psi=y nfr=1 fro=0x400 qi=y ir=y eim=y pt=y coherent=n sc=y
[kernel 0.148 cpu0] iommu: unit3 scope ioapic 00:1e.7 id=2
[kernel 0.148 cpu0] iommu: unit3 scope hpet 00:1e.6 id=0
[kernel 0.148 cpu0] iommu: unit3 @0xfed91000 translating gsts=0xc4000000 tes=y qies=y root=0x1029000 domain=1 aw=48 streams=24
[kernel 0.148 cpu0] iommu: rmrr0 seg=0 0x000000009c000000..0x00000000a07fffff
[kernel 0.148 cpu0] iommu: rmrr0 scope pci-endpoint 00:02.0 id=0
[kernel 0.148 cpu0] file cache: budget 63848 pages (249 MiB)
[kernel 0.148 cpu0] gpt: the boot volume names AE536145-DEFE-4831-B9C3-CF6D92C34460 as the log partition
[kernel 0.148 cpu0] gpt: firmware booted us from partition FCE2DCC0-B4E9-4879-915A-07F60677B60A at LBA 2048+181136
[kernel 0.148 cpu0] NVMe: found at PCI 04:00.0
[kernel 0.148 cpu0] NVMe: BAR0=0xbce00000
[kernel 0.148 cpu0] NVMe: controller enabled
[kernel 0.148 cpu0] NVMe: NS1 size=500118192 sectors, sector_size=512
[kernel 0.148 cpu0] NVMe: block device id=1 blocks=62514774 (244198MB)
[kernel 0.149 cpu0] gpt: device 1 has 4 partitions and none of them is ours
[kernel 0.149 cpu0] page cache: 62514774 device blocks, index sized for 7168 cached blocks, cap 4096 slots
[kernel 0.149 cpu0] storage: no ToyOS volume and no designation stamp at block 0 — this disk is not ours and nothing will be written to it
[kernel 0.149 cpu0] Boot: storage ready (83ms)
[kernel 0.161 cpu0] xHCI: found at PCI 00:0d.0
[kernel 0.161 cpu0] xHCI: BAR0=0x603dbb0000
[kernel 0.161 cpu0] xHCI: MSI enabled (vector 0x21)
[kernel 0.161 cpu0] xHCI: max_slots=64 max_ports=5 ctx_size=32 pagesize=0x1
[kernel 0.161 cpu0] xHCI: dma 2048 KiB: scratchpad=34 device blocks=64 of 12288 B (max_slots=64)
[kernel 0.161 cpu0] xHCI: firmware did not claim the controller (USBLEGSUP 0x01002201)
[kernel 0.161 cpu0] xHCI: USBLEGCTLSTS 0xe0000000 -> 0x00000000 (SMI generation off)
[kernel 0.161 cpu0] xHCI: USB 2.0 on ports 1..=1
[kernel 0.161 cpu0] xHCI: USB 3.1 on ports 2..=5
[kernel 0.161 cpu0] xHCI: 1 USB2 and 4 USB3 port register(s) of 5 named, 0 capability(ies) refused
[kernel 0.161 cpu0] xHCI: controller reset
[kernel 0.161 cpu0] xHCI: 34 scratchpad buffers configured
[kernel 0.161 cpu0] xHCI: controller started
[kernel 0.161 cpu0] xHCI: 5/5 root-hub ports powered (PPC=0)
[kernel 0.161 cpu0] xHCI: found at PCI 00:14.0
[kernel 0.161 cpu0] xHCI: BAR0=0x603dba0000
[kernel 0.161 cpu0] xHCI: MSI enabled (vector 0x21)
[kernel 0.161 cpu0] xHCI: max_slots=64 max_ports=16 ctx_size=32 pagesize=0x1
[kernel 0.161 cpu0] xHCI: dma 2048 KiB: scratchpad=34 device blocks=64 of 12288 B (max_slots=64)
[kernel 0.161 cpu0] xHCI: firmware did not claim the controller (USBLEGSUP 0x01002201)
[kernel 0.161 cpu0] xHCI: USBLEGCTLSTS 0xe0010000 -> 0x00010000 (SMI generation off)
[kernel 0.161 cpu0] xHCI: USB 2.0 on ports 1..=12
[kernel 0.161 cpu0] xHCI: USB 3.1 on ports 13..=16
[kernel 0.161 cpu0] xHCI: 12 USB2 and 4 USB3 port register(s) of 16 named, 0 capability(ies) refused
[kernel 0.161 cpu0] xHCI: controller reset
[kernel 0.161 cpu0] xHCI: 34 scratchpad buffers configured
[kernel 0.161 cpu0] xHCI: controller started
[kernel 0.161 cpu0] xHCI: 16/16 root-hub ports powered (PPC=0)
[kernel 0.283 cpu0] xHCI: no HID devices on the controller at 00:0d.0
[kernel 0.283 cpu0] xHCI: port 3 connected
[kernel 0.338 cpu0] xHCI: port 3 enabled, speed=1
[kernel 0.338 cpu0] xHCI: slot 1 enabled (dma +0x50000)
[kernel 0.339 cpu0] xHCI: device addressed
[kernel 0.339 cpu0] xHCI: device class=0xff vendor=06cb product=00bd
[kernel 0.339 cpu0] xHCI: no HID boot interface found on port 3, skipping it
[kernel 0.339 cpu0] xHCI: port 4 connected
[kernel 0.394 cpu0] xHCI: port 4 enabled, speed=3
[kernel 0.394 cpu0] xHCI: slot 2 enabled (dma +0x53000)
[kernel 0.394 cpu0] xHCI: device addressed
[kernel 0.394 cpu0] xHCI: device class=0xef vendor=13d3 product=5406
[kernel 0.395 cpu0] xHCI: no HID boot interface found on port 4, skipping it
[kernel 0.395 cpu0] xHCI: port 6 connected
[kernel 0.492 cpu0] xHCI: port 6 enabled, speed=3
[kernel 0.492 cpu0] xHCI: slot 3 enabled (dma +0x56000)
[kernel 0.553 cpu0] xHCI: device addressed
[kernel 0.553 cpu0] xHCI: device class=0x0 vendor=0781 product=5581
[kernel 0.553 cpu0] xHCI: mass storage iface=0 in=0x81/512 out=0x2/512
[kernel 0.553 cpu0] xHCI: configuration set
[kernel 0.553 cpu0] xHCI: endpoint configured
[kernel 0.554 cpu0] usb-storage: slot 3 vendor "SanDisk." product "Ultra..........."
[kernel 0.554 cpu0] usb-storage: disk 0 ready on slot 3, 7507812 blocks of 512 B (29327 MiB), msc_block +0x30000
[kernel 0.554 cpu0] xHCI: port 9 connected
[kernel 0.609 cpu0] xHCI: port 9 enabled, speed=1
[kernel 0.609 cpu0] xHCI: slot 4 enabled (dma +0x59000)
[kernel 0.610 cpu0] xHCI: device addressed
[kernel 0.611 cpu0] xHCI: device class=0x0 vendor=058f product=9540
[kernel 0.616 cpu0] xHCI: no HID boot interface found on port 9, skipping it
[kernel 0.616 cpu0] xHCI: port 10 connected
[kernel 0.671 cpu0] xHCI: port 10 enabled, speed=1
[kernel 0.671 cpu0] xHCI: slot 5 enabled (dma +0x5c000)
[kernel 0.671 cpu0] xHCI: device addressed
[kernel 0.671 cpu0] xHCI: port 10 EP0 packet size 8 -> 64
[kernel 0.671 cpu0] xHCI: device class=0xe0 vendor=8087 product=0032
[kernel 0.671 cpu0] xHCI: no HID boot interface found on port 10, skipping it
[kernel 0.671 cpu0] xHCI: no HID devices on the controller at 00:14.0
[kernel 0.671 cpu0] xHCI: 2 controller(s), 0 HID device(s)
[kernel 0.671 cpu0] usb-storage: 1 device(s)
[kernel 0.684 cpu0] gpt: device 16 carries the log partition AE536145-DEFE-4831-B9C3-CF6D92C34460 at LBA 184320+69632, entry 1 of 2
[kernel 0.684 cpu0] gpt: device 16 carries the boot partition at LBA 2048+181136 (512-byte blocks), entry 0 of 2 on disk 6132B94B-D792-4199-A7BA-954CE184A20C
[kernel 0.684 cpu0] i8042: FADT rev 6 iapc_boot_arch=0x0011, bit 1 (8042) clear — probing either way
[kernel 0.685 cpu0] i8042: ok selftest=0x55 cfg=0x77->0x64 port1=ok port2=ok
[kernel 0.685 cpu0] i8042: kbd will not report its scancode set (0xF0 0x00 answered 0xee); firmware's own cfg 0x77 has translate on, so the wire is set 1
[kernel 1.079 cpu0] i8042: kbd set2+xlat (assumed, the set query was refused) scanning on, GSI 1 -> vec 0x24 apic 0 on
[kernel 1.079 cpu0] i8042: aux rate=100 res=8/mm, GSI 12 -> vec 0x24 apic 0
[kernel 1.080 cpu0] ACPI: PM1a=0x1804 SLP_TYPa=7
[kernel 1.080 cpu0] Boot: peripherals ready (919ms)
[kernel 1.102 cpu0] SMP: AP cpu1 lapic=2 online
[kernel 1.114 cpu0] SMP: AP cpu2 lapic=4 online
[kernel 1.126 cpu0] SMP: AP cpu3 lapic=6 online
[kernel 1.138 cpu0] SMP: AP cpu4 lapic=1 online
[kernel 1.151 cpu0] SMP: AP cpu5 lapic=3 online
[kernel 1.163 cpu0] SMP: AP cpu6 lapic=5 online
[kernel 1.175 cpu0] SMP: AP cpu7 lapic=7 online
[kernel 1.175 cpu0] storage: /home is a tmpfs — it will not survive a reboot
[kernel 1.176 cpu0] boot-volume: partition mounted, 92741632 bytes of a 92741632-byte partition at device offset 1048576, 512-byte sectors, 512-byte clusters, 178340 clusters
[kernel 1.176 cpu0] log-volume: partition mounted, 35651584 bytes of a 35651584-byte partition at device offset 94371840, 512-byte sectors, 512-byte clusters, 68552 clusters
[kernel 1.183 cpu0] log-file: this boot's kernel log is /log/2026-08-08-120157.log
[kernel 1.183 cpu0] Boot: subsystems ready (93ms)
[kernel 1.197 cpu0] virtio-console: no device found
[kernel 1.201 cpu0] VirtIO net: no device found
[kernel 1.209 cpu0] hda: 00:1f.3 8086:a0c8 version 1.0 gcap=0x9701 statests=0x0005
[kernel 1.210 cpu0] hda: 00:1f.3 bound, statests=0x0005, output stream 7 at 0x160, tag 1, 8 periods of 512 bytes
[kernel 1.213 cpu0] GPU: using UEFI GOP
[kernel 1.213 cpu0] GOP: 1920x1080 stride=1920 format=1 at 0x4000000000 tokens=[SharedToken(2), SharedToken(3)]
[kernel 1.213 cpu0] GOP: scanout memory type WC (MTRR UC, PAT entry 4)
[kernel 1.214 cpu0] mouse: rel scale x=36 y=64 (screen 1920x1080)
[kernel 1.214 cpu0] Boot: devices ready (20ms)
[kernel 1.226 cpu0] ELF: 9110 relocations indexed (RELATIVE + GLOB_DAT + TPOFF)
[kernel 1.226 cpu0] spawn: TLS 1 modules, total_memsz=144
[kernel 1.226 cpu0] spawn: /bin/compositor pid=0 tid=0 base=0x10000000000 entry=0x100001e81e4 cr3=0x1e24000 symbols=2048KiB (layout=0ms relocs=0ms deps=0ms tls=1ms total=2ms)
[kernel 1.226 cpu0] spawned /bin/compositor pid=0
[kernel 1.227 cpu0] ELF: 3162 relocations indexed (RELATIVE + GLOB_DAT + TPOFF)
[kernel 1.227 cpu0] spawn: TLS 1 modules, total_memsz=144
[kernel 1.228 cpu0] spawn: /bin/soundd pid=1 tid=0 base=0x10000000000 entry=0x10000038b04 cr3=0xdf9000 symbols=2048KiB (layout=0ms relocs=0ms deps=0ms tls=0ms total=1ms)
[kernel 1.228 cpu0] spawned /bin/soundd pid=1
[kernel 1.228 cpu0] ELF: 3167 relocations indexed (RELATIVE + GLOB_DAT + TPOFF)
[kernel 1.228 cpu0] spawn: TLS 1 modules, total_memsz=144
[kernel 1.229 cpu0] spawn: /bin/netd pid=2 tid=0 base=0x10000000000 entry=0x1000003a0a4 cr3=0x1e57000 symbols=2048KiB (layout=0ms relocs=0ms deps=0ms tls=0ms total=1ms)
[kernel 1.229 cpu0] spawned /bin/netd pid=2
[kernel 1.229 cpu0] log: no serial console - this boot is in /log/2026-08-08-120157.log and on the screen
[kernel 1.229 cpu0] Boot: complete (1229ms)
[kernel 1.238 cpu4] CPU 4: joining scheduler
[kernel 1.238 cpu2] CPU 2: joining scheduler
[kernel 1.238 cpu6] CPU 6: joining scheduler
[kernel 1.238 cpu1] CPU 1: joining scheduler
[kernel 1.238 cpu4] sched: cpu=4 ready=0 parked=0 current=None
[kernel 1.238 cpu0] sched: cpu=0 ready=0 parked=0 current=None
[kernel 1.238 cpu1] sched: cpu=1 ready=0 parked=0 current=None
[kernel 1.238 cpu2] sched: cpu=2 ready=0 parked=0 current=None
[kernel 1.238 cpu7] CPU 7: joining scheduler
[kernel 1.238 cpu3] CPU 3: joining scheduler
[kernel 1.238 cpu5] CPU 5: joining scheduler
[kernel 1.238 cpu6] sched: cpu=6 ready=0 parked=0 current=None
[kernel 1.238 cpu7] sched: cpu=7 ready=0 parked=0 current=None
[kernel 1.238 cpu3] sched: cpu=3 ready=0 parked=0 current=None
[kernel 1.238 cpu5] sched: cpu=5 ready=0 parked=0 current=None
[kernel 1.238 cpu3] i8042: armed at 1079ms, idle at 1238ms, 0 interrupts — the pin has never asserted (kbd GSI 1, aux GSI 12)
netd: no NIC on this machine, exiting
[kernel 1.240 cpu2 tid=0] syscalls: pid=2 total=7 syscall_wall=0ms 0=1 6=1 31=1 63=1
[kernel 1.240 cpu2 tid=0] memory: pid=2 peak=2MB allocs=2 frees=0
[kernel 1.240 cpu2 tid=0] exit: netd pid=2 code=0 cpu=1ms
[kernel 1.246 cpu0 tid=0] shm: 0x4000000000 mapped WriteCombining into pid 0
soundd: hda codec0 vendor=10ec device=0257, 1 function group(s)
soundd: hda codec2 vendor=8086 device=2812, 1 function group(s)
soundd: hda codec0 group 0x01 converter 0x02 -> pin 0x14 (speaker), headphone 0x21, format 0x2011 (44100 Hz 2 ch 16-bit)
soundd: hda path configured in 14 verbs, stream tag 1
soundd: ready, 8 buffers, 44100Hz 2ch, 512 bytes/period, 128 frames/period
soundd: suspended
[kernel 1.398 cpu4] usb-storage: disk 0 does not implement SYNCHRONIZE CACHE (sense 0x05/0x20/0x00); its writes are durable once they complete
compositor: wallpaper 1920x1080, scaling to 1920x1080
compositor: at most 221 windows (8 MiB each of 15962 MiB total)
compositor: ready
[kernel 1.479 cpu0 tid=0] ELF: 3548 relocations indexed (RELATIVE + GLOB_DAT + TPOFF)
[kernel 1.479 cpu0 tid=0] spawn: TLS 1 modules, total_memsz=144
[kernel 1.479 cpu0 tid=0] spawn: /bin/filepicker pid=3 tid=0 base=0x10000000000 entry=0x10000017df4 cr3=0x1ea9000 symbols=2048KiB (layout=0ms relocs=0ms deps=0ms tls=0ms total=1ms)
[kernel 1.488 cpu0] heartbeat: t=1.488s alive=8/8 mask=0xff ran=4 gap=0.250s
[kernel 1.488 cpu0] i8042: line status=0x1c irqs=0 bytes=0 kbd gsi=1 rte=0x0000000000000024 aux gsi=12 rte=0x0000000000000024
[kernel 1.750 cpu0] heartbeat: t=1.750s alive=8/8 mask=0xff ran=16 gap=0.261s
[kernel 1.750 cpu0] i8042: line status=0x1c irqs=0 bytes=0 kbd gsi=1 rte=0x0000000000000024 aux gsi=12 rte=0x0000000000000024
[kernel 2.014 cpu0] heartbeat: t=2.014s alive=8/8 mask=0xff ran=13 gap=0.264s
[kernel 2.014 cpu0] i8042: line status=0x1c irqs=0 bytes=0 kbd gsi=1 rte=0x0000000000000024 aux gsi=12 rte=0x0000000000000024
[kernel 2.265 cpu1] heartbeat: t=2.265s alive=8/8 mask=0xff ran=13 gap=0.251s
[kernel 2.265 cpu1] i8042: line status=0x1c irqs=0 bytes=0 kbd gsi=1 rte=0x0000000000000024 aux gsi=12 rte=0x0000000000000024
[kernel 2.461 cpu0] i8042: the pin asserts — 1 interrupts, 1 bytes, 1 keys, 0 motion, first seen at 2461ms
[kernel 2.520 cpu0] heartbeat: t=2.520s alive=8/8 mask=0xff ran=14 gap=0.254s
[kernel 2.520 cpu0] i8042: line status=0x1c irqs=1 bytes=1 kbd gsi=1 rte=0x0000000000000024 aux gsi=12 rte=0x0000000000000024
[kernel 2.643 cpu0 tid=0] ELF: 3609 relocations indexed (RELATIVE + GLOB_DAT + TPOFF)
[kernel 2.643 cpu0 tid=0] spawn: TLS 1 modules, total_memsz=144
[kernel 2.644 cpu0 tid=0] spawn: /bin/terminal pid=4 tid=0 base=0x10000000000 entry=0x1000001ec28 cr3=0x1e82000 symbols=2048KiB (layout=0ms relocs=0ms deps=0ms tls=0ms total=1ms)
[kernel 2.670 cpu5 tid=0] ELF: 2771 relocations indexed (RELATIVE + GLOB_DAT + TPOFF)
[kernel 2.670 cpu5 tid=0] spawn: TLS 1 modules, total_memsz=144
[kernel 2.670 cpu5 tid=0] spawn: /bin/shell pid=5 tid=0 base=0x10000000000 entry=0x1000001d93c cr3=0x1e9f000 symbols=2048KiB (layout=0ms relocs=0ms deps=0ms tls=0ms total=1ms)
terminal: ready
[kernel 2.782 cpu0] heartbeat: t=2.782s alive=8/8 mask=0xff ran=17 gap=0.261s
[kernel 2.782 cpu0] i8042: line status=0x1c irqs=3 bytes=3 kbd gsi=1 rte=0x0000000000000024 aux gsi=12 rte=0x0000000000000024
[kernel 3.044 cpu0] heartbeat: t=3.044s alive=8/8 mask=0xff ran=16 gap=0.261s
[kernel 3.044 cpu0] i8042: line status=0x1c irqs=4 bytes=4 kbd gsi=1 rte=0x0000000000000024 aux gsi=12 rte=0x0000000000000024
[kernel 3.296 cpu0] heartbeat: t=3.296s alive=8/8 mask=0xff ran=19 gap=0.252s
[kernel 3.296 cpu0] i8042: line status=0x1c irqs=5 bytes=5 kbd gsi=1 rte=0x0000000000000024 aux gsi=12 rte=0x0000000000000024
compositor: frames=6 rects=7 damage_px=5659404 damage_px_max=2073600 composite_us_min=9 composite_us_max=3172 composite_us_total=9266 scanout_wr_bytes=22637616 scanout_blits=7 back_rd_bytes=1032960 cursor=3 windows=1
[kernel 3.562 cpu0] heartbeat: t=3.562s alive=8/8 mask=0xff ran=16 gap=0.266s
[kernel 3.562 cpu0] i8042: line status=0x1c irqs=6 bytes=6 kbd gsi=1 rte=0x0000000000000024 aux gsi=12 rte=0x0000000000000024
[kernel 3.824 cpu0] heartbeat: t=3.824s alive=8/8 mask=0xff ran=15 gap=0.261s
[kernel 3.824 cpu0] i8042: line status=0x1c irqs=6 bytes=6 kbd gsi=1 rte=0x0000000000000024 aux gsi=12 rte=0x0000000000000024
[kernel 4.077 cpu0] heartbeat: t=4.077s alive=8/8 mask=0xff ran=22 gap=0.253s
[kernel 4.077 cpu0] i8042: line status=0x1c irqs=8 bytes=8 kbd gsi=1 rte=0x0000000000000024 aux gsi=12 rte=0x0000000000000024
[kernel 4.329 cpu2] heartbeat: t=4.329s alive=8/8 mask=0xff ran=29 gap=0.251s
[kernel 4.329 cpu2] i8042: line status=0x1c irqs=12 bytes=12 kbd gsi=1 rte=0x0000000000000024 aux gsi=12 rte=0x0000000000000024
[kernel 4.585 cpu5] heartbeat: t=4.585s alive=8/8 mask=0xff ran=15 gap=0.256s
[kernel 4.585 cpu5] i8042: line status=0x1c irqs=12 bytes=12 kbd gsi=1 rte=0x0000000000000024 aux gsi=12 rte=0x0000000000000024
[kernel 4.838 cpu4] heartbeat: t=4.838s alive=8/8 mask=0xff ran=2 gap=0.253s
[kernel 4.838 cpu4] i8042: line status=0x1c irqs=14 bytes=14 kbd gsi=1 rte=0x0000000000000024 aux gsi=12 rte=0x0000000000000024
[kernel 5.097 cpu1] heartbeat: t=5.097s alive=7/8 mask=0xfe ran=0 gap=0.259s
[kernel 5.097 cpu1] i8042: line status=0x1c irqs=14 bytes=14 kbd gsi=1 rte=0x0000000000000024 aux gsi=12 rte=0x0000000000000024
[kernel 5.098 cpu1] heartbeat: cpu0 last reached one 0.478s ago
[kernel 5.348 cpu1] heartbeat: t=5.348s alive=7/8 mask=0xfe ran=0 gap=0.250s
[kernel 5.348 cpu1] i8042: line status=0x1c irqs=14 bytes=14 kbd gsi=1 rte=0x0000000000000024 aux gsi=12 rte=0x0000000000000024
[kernel 5.348 cpu1] heartbeat: cpu0 last reached one 0.729s ago
[kernel 5.624 cpu6] heartbeat: t=5.624s alive=7/8 mask=0xfe ran=0 gap=0.276s
[kernel 5.624 cpu6] i8042: line status=0x1c irqs=14 bytes=14 kbd gsi=1 rte=0x0000000000000024 aux gsi=12 rte=0x0000000000000024
[kernel 5.625 cpu6] heartbeat: cpu0 last reached one 1.005s ago
[kernel 5.880 cpu4] heartbeat: t=5.880s alive=7/8 mask=0xfe ran=0 gap=0.255s
[kernel 5.880 cpu4] i8042: line status=0x1c irqs=14 bytes=14 kbd gsi=1 rte=0x0000000000000024 aux gsi=12 rte=0x0000000000000024
[kernel 5.880 cpu4] heartbeat: cpu0 last reached one 1.261s ago
[kernel 6.134 cpu7] heartbeat: t=6.134s alive=7/8 mask=0xfe ran=0 gap=0.253s
[kernel 6.134 cpu7] i8042: line status=0x1c irqs=14 bytes=14 kbd gsi=1 rte=0x0000000000000024 aux gsi=12 rte=0x0000000000000024
[kernel 6.134 cpu7] heartbeat: cpu0 last reached one 1.514s ago
[kernel 6.395 cpu1] heartbeat: t=6.395s alive=7/8 mask=0xfe ran=0 gap=0.261s
[kernel 6.395 cpu1] i8042: line status=0x3c irqs=32 bytes=26 kbd gsi=1 rte=0x0000000000000024 aux gsi=12 rte=0x0000000000000024
[kernel 6.395 cpu1] heartbeat: cpu0 last reached one 1.776s ago
[kernel 6.676 cpu2] heartbeat: t=6.676s alive=7/8 mask=0xfe ran=0 gap=0.280s
[kernel 6.676 cpu2] i8042: line status=0x3c irqs=80 bytes=80 kbd gsi=1 rte=0x0000000000000024 aux gsi=12 rte=0x0000000000000024
[kernel 6.676 cpu2] heartbeat: cpu0 last reached one 2.056s ago
[kernel 6.929 cpu3] heartbeat: t=6.929s alive=7/8 mask=0xfe ran=0 gap=0.253s
[kernel 6.929 cpu3] i8042: line status=0x3c irqs=80 bytes=80 kbd gsi=1 rte=0x0000000000000024 aux gsi=12 rte=0x0000000000000024
[kernel 6.929 cpu3] heartbeat: cpu0 last reached one 2.310s ago
[kernel 7.200 cpu2] heartbeat: t=7.200s alive=7/8 mask=0xfe ran=0 gap=0.271s
[kernel 7.200 cpu2] i8042: line status=0x3c irqs=80 bytes=80 kbd gsi=1 rte=0x0000000000000024 aux gsi=12 rte=0x0000000000000024
[kernel 7.201 cpu2] heartbeat: cpu0 last reached one 2.581s ago
[kernel 7.461 cpu3] heartbeat: t=7.461s alive=7/8 mask=0xfe ran=0 gap=0.260s
[kernel 7.461 cpu3] i8042: line status=0x3c irqs=80 bytes=80 kbd gsi=1 rte=0x0000000000000024 aux gsi=12 rte=0x0000000000000024
[kernel 7.461 cpu3] heartbeat: cpu0 last reached one 2.841s ago
[kernel 7.712 cpu4] heartbeat: t=7.712s alive=7/8 mask=0xfe ran=0 gap=0.251s
[kernel 7.712 cpu4] i8042: line status=0x3c irqs=80 bytes=80 kbd gsi=1 rte=0x0000000000000024 aux gsi=12 rte=0x0000000000000024
[kernel 7.712 cpu4] heartbeat: cpu0 last reached one 3.093s ago
[kernel 7.976 cpu7] heartbeat: t=7.976s alive=7/8 mask=0xfe ran=0 gap=0.263s
[kernel 7.976 cpu7] i8042: line status=0x3c irqs=80 bytes=80 kbd gsi=1 rte=0x0000000000000024 aux gsi=12 rte=0x0000000000000024
[kernel 7.976 cpu7] heartbeat: cpu0 last reached one 3.357s ago
[kernel 8.226 cpu4] heartbeat: t=8.226s alive=7/8 mask=0xfe ran=0 gap=0.250s
[kernel 8.226 cpu4] i8042: line status=0x3c irqs=80 bytes=80 kbd gsi=1 rte=0x0000000000000024 aux gsi=12 rte=0x0000000000000024
[kernel 8.226 cpu4] heartbeat: cpu0 last reached one 3.607s ago
[kernel 8.487 cpu6] heartbeat: t=8.487s alive=7/8 mask=0xfe ran=0 gap=0.260s
[kernel 8.487 cpu6] i8042: line status=0x3c irqs=80 bytes=80 kbd gsi=1 rte=0x0000000000000024 aux gsi=12 rte=0x0000000000000024
[kernel 8.487 cpu6] heartbeat: cpu0 last reached one 3.867s ago
[kernel 8.745 cpu6] heartbeat: t=8.745s alive=7/8 mask=0xfe ran=0 gap=0.258s
[kernel 8.745 cpu6] i8042: line status=0x3c irqs=80 bytes=80 kbd gsi=1 rte=0x0000000000000024 aux gsi=12 rte=0x0000000000000024
[kernel 8.745 cpu6] heartbeat: cpu0 last reached one 4.126s ago
[kernel 8.995 cpu7] heartbeat: t=8.995s alive=7/8 mask=0xfe ran=0 gap=0.250s
[kernel 8.995 cpu7] i8042: line status=0x3c irqs=80 bytes=80 kbd gsi=1 rte=0x0000000000000024 aux gsi=12 rte=0x0000000000000024
[kernel 8.995 cpu7] heartbeat: cpu0 last reached one 4.376s ago
[kernel 9.246 cpu7] heartbeat: t=9.246s alive=7/8 mask=0xfe ran=0 gap=0.250s
[kernel 9.246 cpu7] i8042: line status=0x3c irqs=80 bytes=80 kbd gsi=1 rte=0x0000000000000024 aux gsi=12 rte=0x0000000000000024
[kernel 9.246 cpu7] heartbeat: cpu0 last reached one 4.626s ago
[kernel 9.497 cpu6] heartbeat: t=9.497s alive=7/8 mask=0xfe ran=0 gap=0.251s
[kernel 9.497 cpu6] i8042: line status=0x3c irqs=80 bytes=80 kbd gsi=1 rte=0x0000000000000024 aux gsi=12 rte=0x0000000000000024
[kernel 9.497 cpu6] heartbeat: cpu0 last reached one 4.878s ago
[kernel 9.787 cpu3] heartbeat: t=9.787s alive=7/8 mask=0xfe ran=0 gap=0.290s
[kernel 9.787 cpu3] i8042: line status=0x3c irqs=80 bytes=80 kbd gsi=1 rte=0x0000000000000024 aux gsi=12 rte=0x0000000000000024
[kernel 9.787 cpu3] heartbeat: cpu0 last reached one 5.168s ago
[kernel 10.091 cpu7] heartbeat: t=10.091s alive=7/8 mask=0xfe ran=0 gap=0.303s
[kernel 10.091 cpu7] i8042: line status=0x3c irqs=80 bytes=80 kbd gsi=1 rte=0x0000000000000024 aux gsi=12 rte=0x0000000000000024
[kernel 10.091 cpu7] heartbeat: cpu0 last reached one 5.472s ago
[kernel 10.414 cpu5] heartbeat: t=10.414s alive=7/8 mask=0xfe ran=0 gap=0.323s
[kernel 10.414 cpu5] i8042: line status=0x3c irqs=80 bytes=80 kbd gsi=1 rte=0x0000000000000024 aux gsi=12 rte=0x0000000000000024
[kernel 10.414 cpu5] heartbeat: cpu0 last reached one 5.795s ago
[kernel 10.720 cpu2] heartbeat: t=10.720s alive=7/8 mask=0xfe ran=0 gap=0.305s
[kernel 10.720 cpu2] i8042: line status=0x3c irqs=80 bytes=80 kbd gsi=1 rte=0x0000000000000024 aux gsi=12 rte=0x0000000000000024
[kernel 10.720 cpu2] heartbeat: cpu0 last reached one 6.101s ago
[kernel 11.021 cpu7] heartbeat: t=11.021s alive=7/8 mask=0xfe ran=0 gap=0.300s
[kernel 11.021 cpu7] i8042: line status=0x3c irqs=80 bytes=80 kbd gsi=1 rte=0x0000000000000024 aux gsi=12 rte=0x0000000000000024
[kernel 11.021 cpu7] heartbeat: cpu0 last reached one 6.402s ago
[kernel 11.245 cpu2] sched: cpu=2 ready=0 parked=0 current=None
[kernel 11.245 cpu2] PMM: 178/15962MB used (7892 pages free)
[kernel 11.245 cpu2]   kernel-heap  alloc=     6 free=     0 held=     6 (12MB) rate=0/s
[kernel 11.245 cpu2]   demand-page  alloc=     7 free=     1 held=     6 (12MB) rate=0/s
[kernel 11.245 cpu2]   mmap         alloc=    27 free=     1 held=    26 (52MB) rate=0/s
[kernel 11.245 cpu2]   shared-mem   alloc=     9 free=     0 held=     9 (18MB) rate=0/s
[kernel 11.245 cpu2]   pipe         alloc=     4 free=     0 held=     4 (8MB) rate=0/s
[kernel 11.245 cpu2]   elf          alloc=     6 free=     1 held=     5 (10MB) rate=0/s
[kernel 11.245 cpu2]   dma          alloc=     6 free=     0 held=     6 (12MB) rate=0/s
[kernel 11.245 cpu2]   framebuffer  alloc=     1 free=     0 held=     1 (2MB) rate=0/s
[kernel 11.245 cpu2]   stack        alloc=    24 free=     4 held=    20 (40MB) rate=0/s
[kernel 11.245 cpu2]   init-tls     alloc=     7 free=     1 held=     6 (12MB) rate=0/s
[kernel 11.251 cpu5] sched: cpu=5 ready=0 parked=1 current=None
[kernel 11.253 cpu7] sched: cpu=7 ready=0 parked=0 current=None
[kernel 11.324 cpu1] sched: cpu=1 ready=0 parked=1 current=None
[kernel 11.324 cpu1] heartbeat: t=11.324s alive=7/8 mask=0xfe ran=0 gap=0.302s
[kernel 11.324 cpu1] i8042: line status=0x3c irqs=80 bytes=80 kbd gsi=1 rte=0x0000000000000024 aux gsi=12 rte=0x0000000000000024
[kernel 11.324 cpu1] heartbeat: cpu0 last reached one 6.705s ago
[kernel 11.329 cpu3] sched: cpu=3 ready=0 parked=1 current=None
[kernel 11.331 cpu4] sched: cpu=4 ready=0 parked=1 current=None
[kernel 11.334 cpu6] sched: cpu=6 ready=0 parked=1 current=None
[kernel 11.600 cpu6] heartbeat: t=11.600s alive=7/8 mask=0xfe ran=0 gap=0.275s
[kernel 11.600 cpu6] i8042: line status=0x3c irqs=80 bytes=80 kbd gsi=1 rte=0x0000000000000024 aux gsi=12 rte=0x0000000000000024
[kernel 11.600 cpu6] heartbeat: cpu0 last reached one 6.980s ago
[kernel 11.854 cpu6] heartbeat: t=11.854s alive=7/8 mask=0xfe ran=0 gap=0.254s
[kernel 11.854 cpu6] i8042: line status=0x3c irqs=80 bytes=80 kbd gsi=1 rte=0x0000000000000024 aux gsi=12 rte=0x0000000000000024
[kernel 11.854 cpu6] heartbeat: cpu0 last reached one 7.235s ago
[kernel 12.105 cpu6] heartbeat: t=12.105s alive=7/8 mask=0xfe ran=0 gap=0.250s
[kernel 12.105 cpu6] i8042: line status=0x3c irqs=80 bytes=80 kbd gsi=1 rte=0x0000000000000024 aux gsi=12 rte=0x0000000000000024
[kernel 12.105 cpu6] heartbeat: cpu0 last reached one 7.486s ago
[kernel 12.363 cpu2] heartbeat: t=12.363s alive=7/8 mask=0xfe ran=0 gap=0.257s
[kernel 12.363 cpu2] i8042: line status=0x3c irqs=80 bytes=80 kbd gsi=1 rte=0x0000000000000024 aux gsi=12 rte=0x0000000000000024
[kernel 12.363 cpu2] heartbeat: cpu0 last reached one 7.743s ago
[kernel 12.464 cpu2] i8042: 80 interrupts, 80 bytes, 14 keys, 21 motion, 3 undecoded, 0 discarded, 0 overruns, 0 dropped, 0 lost edges — last byte at 6627ms
[kernel 12.629 cpu1] heartbeat: t=12.629s alive=7/8 mask=0xfe ran=0 gap=0.266s
[kernel 12.629 cpu1] i8042: line status=0x3c irqs=80 bytes=80 kbd gsi=1 rte=0x0000000000000024 aux gsi=12 rte=0x0000000000000024
[kernel 12.629 cpu1] heartbeat: cpu0 last reached one 8.010s ago
[kernel 12.906 cpu2] heartbeat: t=12.906s alive=7/8 mask=0xfe ran=0 gap=0.276s
[kernel 12.906 cpu2] i8042: line status=0x3c irqs=80 bytes=80 kbd gsi=1 rte=0x0000000000000024 aux gsi=12 rte=0x0000000000000024
[kernel 12.906 cpu2] heartbeat: cpu0 last reached one 8.286s ago
[kernel 13.159 cpu1] heartbeat: t=13.159s alive=7/8 mask=0xfe ran=0 gap=0.253s
[kernel 13.159 cpu1] i8042: line status=0x3c irqs=80 bytes=80 kbd gsi=1 rte=0x0000000000000024 aux gsi=12 rte=0x0000000000000024
[kernel 13.159 cpu1] heartbeat: cpu0 last reached one 8.540s ago
[kernel 13.434 cpu3] heartbeat: t=13.434s alive=7/8 mask=0xfe ran=0 gap=0.275s
[kernel 13.434 cpu3] i8042: line status=0x3c irqs=80 bytes=80 kbd gsi=1 rte=0x0000000000000024 aux gsi=12 rte=0x0000000000000024
[kernel 13.434 cpu3] heartbeat: cpu0 last reached one 8.815s ago
[kernel 13.708 cpu7] heartbeat: t=13.708s alive=7/8 mask=0xfe ran=0 gap=0.273s
[kernel 13.708 cpu7] i8042: line status=0x3c irqs=80 bytes=80 kbd gsi=1 rte=0x0000000000000024 aux gsi=12 rte=0x0000000000000024
[kernel 13.708 cpu7] heartbeat: cpu0 last reached one 9.089s ago
[kernel 13.964 cpu3] heartbeat: t=13.964s alive=7/8 mask=0xfe ran=0 gap=0.256s
[kernel 13.964 cpu3] i8042: line status=0x3c irqs=80 bytes=80 kbd gsi=1 rte=0x0000000000000024 aux gsi=12 rte=0x0000000000000024
[kernel 13.964 cpu3] heartbeat: cpu0 last reached one 9.345s ago
[kernel 14.227 cpu7] heartbeat: t=14.227s alive=7/8 mask=0xfe ran=0 gap=0.263s
[kernel 14.227 cpu7] i8042: line status=0x3c irqs=80 bytes=80 kbd gsi=1 rte=0x0000000000000024 aux gsi=12 rte=0x0000000000000024
[kernel 14.227 cpu7] heartbeat: cpu0 last reached one 9.608s ago
[kernel 14.480 cpu3] heartbeat: t=14.480s alive=7/8 mask=0xfe ran=0 gap=0.252s
[kernel 14.480 cpu3] i8042: line status=0x3c irqs=80 bytes=80 kbd gsi=1 rte=0x0000000000000024 aux gsi=12 rte=0x0000000000000024
[kernel 14.480 cpu3] heartbeat: cpu0 last reached one 9.861s ago
[kernel 14.738 cpu4] heartbeat: t=14.738s alive=7/8 mask=0xfe ran=0 gap=0.258s
[kernel 14.738 cpu4] i8042: line status=0x3c irqs=80 bytes=80 kbd gsi=1 rte=0x0000000000000024 aux gsi=12 rte=0x0000000000000024
[kernel 14.739 cpu4] heartbeat: cpu0 last reached one 10.119s ago
[kernel 14.991 cpu3] heartbeat: t=14.991s alive=7/8 mask=0xfe ran=0 gap=0.252s
[kernel 14.991 cpu3] i8042: line status=0x3c irqs=80 bytes=80 kbd gsi=1 rte=0x0000000000000024 aux gsi=12 rte=0x0000000000000024
[kernel 14.991 cpu3] heartbeat: cpu0 last reached one 10.372s ago
[kernel 15.242 cpu2] heartbeat: t=15.242s alive=7/8 mask=0xfe ran=0 gap=0.250s
[kernel 15.242 cpu2] i8042: line status=0x3c irqs=80 bytes=80 kbd gsi=1 rte=0x0000000000000024 aux gsi=12 rte=0x0000000000000024
[kernel 15.242 cpu2] heartbeat: cpu0 last reached one 10.622s ago
[kernel 15.496 cpu3] heartbeat: t=15.496s alive=7/8 mask=0xfe ran=0 gap=0.253s
[kernel 15.496 cpu3] i8042: line status=0x3c irqs=80 bytes=80 kbd gsi=1 rte=0x0000000000000024 aux gsi=12 rte=0x0000000000000024
[kernel 15.496 cpu3] heartbeat: cpu0 last reached one 10.876s ago
[kernel 15.747 cpu3] heartbeat: t=15.747s alive=7/8 mask=0xfe ran=0 gap=0.251s
[kernel 15.747 cpu3] i8042: line status=0x3c irqs=80 bytes=80 kbd gsi=1 rte=0x0000000000000024 aux gsi=12 rte=0x0000000000000024
[kernel 15.747 cpu3] heartbeat: cpu0 last reached one 11.128s ago
[kernel 15.998 cpu3] heartbeat: t=15.998s alive=7/8 mask=0xfe ran=0 gap=0.250s
[kernel 15.998 cpu3] i8042: line status=0x3c irqs=80 bytes=80 kbd gsi=1 rte=0x0000000000000024 aux gsi=12 rte=0x0000000000000024
[kernel 15.998 cpu3] heartbeat: cpu0 last reached one 11.378s ago
[kernel 16.252 cpu7] heartbeat: t=16.252s alive=7/8 mask=0xfe ran=0 gap=0.254s
[kernel 16.252 cpu7] i8042: line status=0x3c irqs=80 bytes=80 kbd gsi=1 rte=0x0000000000000024 aux gsi=12 rte=0x0000000000000024
[kernel 16.252 cpu7] heartbeat: cpu0 last reached one 11.632s ago
[kernel 16.508 cpu5] heartbeat: t=16.508s alive=7/8 mask=0xfe ran=0 gap=0.256s
[kernel 16.508 cpu5] i8042: line status=0x3c irqs=80 bytes=80 kbd gsi=1 rte=0x0000000000000024 aux gsi=12 rte=0x0000000000000024
[kernel 16.508 cpu5] heartbeat: cpu0 last reached one 11.889s ago
[kernel 16.784 cpu1] heartbeat: t=16.784s alive=7/8 mask=0xfe ran=0 gap=0.275s
[kernel 16.784 cpu1] i8042: line status=0x3c irqs=80 bytes=80 kbd gsi=1 rte=0x0000000000000024 aux gsi=12 rte=0x0000000000000024
[kernel 16.784 cpu1] heartbeat: cpu0 last reached one 12.165s ago
[kernel 17.047 cpu4] heartbeat: t=17.047s alive=7/8 mask=0xfe ran=0 gap=0.263s
[kernel 17.047 cpu4] i8042: line status=0x3c irqs=80 bytes=80 kbd gsi=1 rte=0x0000000000000024 aux gsi=12 rte=0x0000000000000024
[kernel 17.048 cpu4] heartbeat: cpu0 last reached one 12.428s ago
[kernel 17.301 cpu2] heartbeat: t=17.301s alive=7/8 mask=0xfe ran=0 gap=0.253s
[kernel 17.301 cpu2] i8042: line status=0x3c irqs=80 bytes=80 kbd gsi=1 rte=0x0000000000000024 aux gsi=12 rte=0x0000000000000024
[kernel 17.301 cpu2] heartbeat: cpu0 last reached one 12.681s ago
[kernel 17.553 cpu6] heartbeat: t=17.553s alive=7/8 mask=0xfe ran=0 gap=0.252s
[kernel 17.553 cpu6] i8042: line status=0x3c irqs=80 bytes=80 kbd gsi=1 rte=0x0000000000000024 aux gsi=12 rte=0x0000000000000024
[kernel 17.553 cpu6] heartbeat: cpu0 last reached one 12.933s ago
[kernel 17.811 cpu1] heartbeat: t=17.811s alive=7/8 mask=0xfe ran=0 gap=0.257s
[kernel 17.811 cpu1] i8042: line status=0x3c irqs=80 bytes=80 kbd gsi=1 rte=0x0000000000000024 aux gsi=12 rte=0x0000000000000024
[kernel 17.811 cpu1] heartbeat: cpu0 last reached one 13.191s ago
[kernel 18.072 cpu6] heartbeat: t=18.072s alive=7/8 mask=0xfe ran=0 gap=0.261s
[kernel 18.072 cpu6] i8042: line status=0x3c irqs=80 bytes=80 kbd gsi=1 rte=0x0000000000000024 aux gsi=12 rte=0x0000000000000024
[kernel 18.072 cpu6] heartbeat: cpu0 last reached one 13.453s ago
[kernel 18.333 cpu3] heartbeat: t=18.333s alive=7/8 mask=0xfe ran=0 gap=0.260s
[kernel 18.333 cpu3] i8042: line status=0x3c irqs=80 bytes=80 kbd gsi=1 rte=0x0000000000000024 aux gsi=12 rte=0x0000000000000024
[kernel 18.333 cpu3] heartbeat: cpu0 last reached one 13.714s ago
[kernel 18.586 cpu6] heartbeat: t=18.586s alive=7/8 mask=0xfe ran=0 gap=0.253s
[kernel 18.586 cpu6] i8042: line status=0x3c irqs=80 bytes=80 kbd gsi=1 rte=0x0000000000000024 aux gsi=12 rte=0x0000000000000024
[kernel 18.586 cpu6] heartbeat: cpu0 last reached one 13.967s ago
[kernel 18.837 cpu1] heartbeat: t=18.837s alive=7/8 mask=0xfe ran=0 gap=0.250s
[kernel 18.837 cpu1] i8042: line status=0x3c irqs=80 bytes=80 kbd gsi=1 rte=0x0000000000000024 aux gsi=12 rte=0x0000000000000024
[kernel 18.837 cpu1] heartbeat: cpu0 last reached one 14.218s ago
[kernel 19.094 cpu7] heartbeat: t=19.094s alive=7/8 mask=0xfe ran=0 gap=0.257s
[kernel 19.094 cpu7] i8042: line status=0x3c irqs=80 bytes=80 kbd gsi=1 rte=0x0000000000000024 aux gsi=12 rte=0x0000000000000024
[kernel 19.094 cpu7] heartbeat: cpu0 last reached one 14.475s ago
[kernel 19.349 cpu5] heartbeat: t=19.349s alive=7/8 mask=0xfe ran=0 gap=0.254s
[kernel 19.349 cpu5] i8042: line status=0x3c irqs=80 bytes=80 kbd gsi=1 rte=0x0000000000000024 aux gsi=12 rte=0x0000000000000024
[kernel 19.349 cpu5] heartbeat: cpu0 last reached one 14.729s ago
[kernel 19.600 cpu5] heartbeat: t=19.600s alive=7/8 mask=0xfe ran=0 gap=0.251s
[kernel 19.600 cpu5] i8042: line status=0x3c irqs=80 bytes=80 kbd gsi=1 rte=0x0000000000000024 aux gsi=12 rte=0x0000000000000024
[kernel 19.600 cpu5] heartbeat: cpu0 last reached one 14.981s ago
[kernel 19.851 cpu5] heartbeat: t=19.851s alive=7/8 mask=0xfe ran=0 gap=0.250s
[kernel 19.851 cpu5] i8042: line status=0x3c irqs=80 bytes=80 kbd gsi=1 rte=0x0000000000000024 aux gsi=12 rte=0x0000000000000024
[kernel 19.851 cpu5] heartbeat: cpu0 last reached one 15.231s ago
[kernel 20.122 cpu2] heartbeat: t=20.122s alive=7/8 mask=0xfe ran=0 gap=0.271s
[kernel 20.122 cpu2] i8042: line status=0x3c irqs=80 bytes=80 kbd gsi=1 rte=0x0000000000000024 aux gsi=12 rte=0x0000000000000024
[kernel 20.122 cpu2] heartbeat: cpu0 last reached one 15.503s ago
[kernel 20.382 cpu4] heartbeat: t=20.382s alive=7/8 mask=0xfe ran=0 gap=0.260s
[kernel 20.382 cpu4] i8042: line status=0x3c irqs=80 bytes=80 kbd gsi=1 rte=0x0000000000000024 aux gsi=12 rte=0x0000000000000024
[kernel 20.383 cpu4] heartbeat: cpu0 last reached one 15.763s ago
[kernel 20.642 cpu1] heartbeat: t=20.642s alive=7/8 mask=0xfe ran=0 gap=0.259s
[kernel 20.642 cpu1] i8042: line status=0x3c irqs=80 bytes=80 kbd gsi=1 rte=0x0000000000000024 aux gsi=12 rte=0x0000000000000024
[kernel 20.642 cpu1] heartbeat: cpu0 last reached one 16.023s ago
[kernel 20.896 cpu6] heartbeat: t=20.896s alive=7/8 mask=0xfe ran=0 gap=0.253s
[kernel 20.896 cpu6] i8042: line status=0x3c irqs=80 bytes=80 kbd gsi=1 rte=0x0000000000000024 aux gsi=12 rte=0x0000000000000024
[kernel 20.896 cpu6] heartbeat: cpu0 last reached one 16.276s ago
[kernel 21.153 cpu7] heartbeat: t=21.153s alive=7/8 mask=0xfe ran=0 gap=0.257s
[kernel 21.153 cpu7] i8042: line status=0x3c irqs=80 bytes=80 kbd gsi=1 rte=0x0000000000000024 aux gsi=12 rte=0x0000000000000024
[kernel 21.153 cpu7] heartbeat: cpu0 last reached one 16.534s ago
[kernel 21.254 cpu2] sched: cpu=2 ready=0 parked=0 current=None
[kernel 21.254 cpu2] PMM: 178/15962MB used (7892 pages free)
[kernel 21.254 cpu2]   kernel-heap  alloc=     6 free=     0 held=     6 (12MB) rate=0/s
[kernel 21.254 cpu2]   demand-page  alloc=     7 free=     1 held=     6 (12MB) rate=0/s
[kernel 21.254 cpu2]   mmap         alloc=    27 free=     1 held=    26 (52MB) rate=0/s
[kernel 21.254 cpu2]   shared-mem   alloc=     9 free=     0 held=     9 (18MB) rate=0/s
[kernel 21.254 cpu2]   pipe         alloc=     4 free=     0 held=     4 (8MB) rate=0/s
[kernel 21.254 cpu2]   elf          alloc=     6 free=     1 held=     5 (10MB) rate=0/s
[kernel 21.254 cpu2]   dma          alloc=     6 free=     0 held=     6 (12MB) rate=0/s
[kernel 21.254 cpu2]   framebuffer  alloc=     1 free=     0 held=     1 (2MB) rate=0/s
[kernel 21.254 cpu2]   stack        alloc=    24 free=     4 held=    20 (40MB) rate=0/s
[kernel 21.254 cpu2]   init-tls     alloc=     7 free=     1 held=     6 (12MB) rate=0/s
[kernel 21.274 cpu7] sched: cpu=7 ready=0 parked=0 current=None
[kernel 21.296 cpu5] sched: cpu=5 ready=0 parked=1 current=None
[kernel 21.344 cpu3] sched: cpu=3 ready=0 parked=1 current=None
[kernel 21.368 cpu1] sched: cpu=1 ready=0 parked=1 current=None
[kernel 21.407 cpu5] heartbeat: t=21.407s alive=7/8 mask=0xfe ran=0 gap=0.253s
[kernel 21.407 cpu5] i8042: line status=0x3c irqs=80 bytes=80 kbd gsi=1 rte=0x0000000000000024 aux gsi=12 rte=0x0000000000000024
[kernel 21.407 cpu5] heartbeat: cpu0 last reached one 16.788s ago
[kernel 21.423 cpu4] sched: cpu=4 ready=0 parked=1 current=None
[kernel 21.431 cpu6] sched: cpu=6 ready=0 parked=1 current=None
[kernel 21.671 cpu2] heartbeat: t=21.671s alive=7/8 mask=0xfe ran=0 gap=0.264s
[kernel 21.671 cpu2] i8042: line status=0x3c irqs=80 bytes=80 kbd gsi=1 rte=0x0000000000000024 aux gsi=12 rte=0x0000000000000024
[kernel 21.671 cpu2] heartbeat: cpu0 last reached one 17.052s ago
[kernel 21.927 cpu4] heartbeat: t=21.927s alive=7/8 mask=0xfe ran=0 gap=0.256s
[kernel 21.927 cpu4] i8042: line status=0x3c irqs=80 bytes=80 kbd gsi=1 rte=0x0000000000000024 aux gsi=12 rte=0x0000000000000024
[kernel 21.928 cpu4] heartbeat: cpu0 last reached one 17.308s ago
[kernel 22.194 cpu7] heartbeat: t=22.194s alive=7/8 mask=0xfe ran=0 gap=0.266s
[kernel 22.194 cpu7] i8042: line status=0x3c irqs=80 bytes=80 kbd gsi=1 rte=0x0000000000000024 aux gsi=12 rte=0x0000000000000024
[kernel 22.194 cpu7] heartbeat: cpu0 last reached one 17.575s ago
[kernel 22.453 cpu3] heartbeat: t=22.453s alive=7/8 mask=0xfe ran=0 gap=0.258s
[kernel 22.453 cpu3] i8042: line status=0x1c irqs=82 bytes=82 kbd gsi=1 rte=0x0000000000000024 aux gsi=12 rte=0x0000000000000024
[kernel 22.453 cpu3] heartbeat: cpu0 last reached one 17.834s ago
[kernel 22.473 cpu1] i8042: 82 interrupts, 82 bytes, 16 keys, 21 motion, 3 undecoded, 0 discarded, 0 overruns, 0 dropped, 0 lost edges — last byte at 22362ms
[kernel 22.530 cpu4] === blocked-task dump: 8 cpu(s), and this report takes the screen ===
[kernel 22.530 cpu4]   cpu4 running nothing
[kernel 22.530 cpu4]   cpu4 pid=3 tid=0 ipc parked 21000ms no deadline
[kernel 22.530 cpu2]   cpu2 running nothing
[kernel 22.530 cpu5]   cpu5 running nothing
[kernel 22.530 cpu3]   cpu3 running nothing
[kernel 22.530 cpu7]   cpu7 running nothing
[kernel 22.530 cpu6]   cpu6 running nothing
[kernel 22.530 cpu5]   cpu5 pid=4 tid=0 io parked 18245ms no deadline
[kernel 22.530 cpu3]   cpu3 pid=1 tid=1 io parked 21281ms no deadline
[kernel 22.530 cpu6]   cpu6 pid=5 tid=0 pipe parked 18305ms no deadline
[kernel 22.572 cpu1]   cpu1 running nothing
[kernel 22.572 cpu1]   cpu1 pid=1 tid=0 io parked 21323ms no deadline rt
[kernel 22.738 cpu3] heartbeat: t=22.738s alive=7/8 mask=0xfe ran=0 gap=0.285s
[kernel 22.738 cpu3] i8042: line status=0x1c irqs=86 bytes=86 kbd gsi=1 rte=0x0000000000000024 aux gsi=12 rte=0x0000000000000024
[kernel 22.739 cpu3] heartbeat: cpu0 last reached one 18.119s ago
[kernel 22.780 cpu4]   cpu0 !! no answer: it did not reach a scheduler pass
[kernel 22.780 cpu4]   cpu0 NMI answered, it is here:
[kernel 22.780 cpu4]     0xffff80005be35b78  kernel::arch::idt::timer::timer_entry+0x0
[kernel 22.780 cpu4]   ready: pid=0 tid=0 compositor cpu=256ms
[kernel 22.780 cpu4] == census: 6 thread(s) — 0 running, 1 ready, 5 blocked, 0 zombie, 0 unscheduled
[kernel 22.780 cpu4] == sched: 7/8 cpu(s) answered — 0 running, 0 queued, 5 parked
[kernel 22.780 cpu4] == deadlines: 5 event-only, 0 pending, 0 OVERDUE, 0 ABSURD
[kernel 22.780 cpu4] == VERDICT: 0 overdue, 0 absurd, 1 unheld, 0 never ran (of the cpus that answered)
[kernel 22.780 cpu4] === end of dump ===
[kernel 23.002 cpu6] heartbeat: t=23.002s alive=7/8 mask=0xfe ran=0 gap=0.263s
[kernel 23.002 cpu6] i8042: line status=0x1c irqs=86 bytes=86 kbd gsi=1 rte=0x0000000000000024 aux gsi=12 rte=0x0000000000000024
[kernel 23.002 cpu6] heartbeat: cpu0 last reached one 18.383s ago
[kernel 23.263 cpu3] heartbeat: t=23.263s alive=7/8 mask=0xfe ran=0 gap=0.261s
[kernel 23.263 cpu3] i8042: line status=0x1c irqs=86 bytes=86 kbd gsi=1 rte=0x0000000000000024 aux gsi=12 rte=0x0000000000000024
[kernel 23.264 cpu3] heartbeat: cpu0 last reached one 18.644s ago
[kernel 23.518 cpu6] heartbeat: t=23.518s alive=7/8 mask=0xfe ran=0 gap=0.254s
[kernel 23.518 cpu6] i8042: line status=0x1c irqs=86 bytes=86 kbd gsi=1 rte=0x0000000000000024 aux gsi=12 rte=0x0000000000000024
[kernel 23.518 cpu6] heartbeat: cpu0 last reached one 18.899s ago
[kernel 23.772 cpu2] heartbeat: t=23.772s alive=7/8 mask=0xfe ran=0 gap=0.254s
[kernel 23.772 cpu2] i8042: line status=0x1c irqs=86 bytes=86 kbd gsi=1 rte=0x0000000000000024 aux gsi=12 rte=0x0000000000000024
[kernel 23.772 cpu2] heartbeat: cpu0 last reached one 19.153s ago
[kernel 24.027 cpu1] heartbeat: t=24.027s alive=7/8 mask=0xfe ran=0 gap=0.255s
[kernel 24.027 cpu1] i8042: line status=0x1c irqs=86 bytes=86 kbd gsi=1 rte=0x0000000000000024 aux gsi=12 rte=0x0000000000000024
[kernel 24.027 cpu1] heartbeat: cpu0 last reached one 19.408s ago
[kernel 24.279 cpu3] heartbeat: t=24.279s alive=7/8 mask=0xfe ran=0 gap=0.251s
[kernel 24.279 cpu3] i8042: line status=0x1c irqs=86 bytes=86 kbd gsi=1 rte=0x0000000000000024 aux gsi=12 rte=0x0000000000000024
[kernel 24.279 cpu3] heartbeat: cpu0 last reached one 19.660s ago
[kernel 24.532 cpu4] heartbeat: t=24.532s alive=7/8 mask=0xfe ran=0 gap=0.253s
[kernel 24.532 cpu4] i8042: line status=0x1c irqs=86 bytes=86 kbd gsi=1 rte=0x0000000000000024 aux gsi=12 rte=0x0000000000000024
[kernel 24.532 cpu4] heartbeat: cpu0 last reached one 19.913s ago
[kernel 24.825 cpu2] heartbeat: t=24.825s alive=7/8 mask=0xfe ran=0 gap=0.292s
[kernel 24.825 cpu2] i8042: line status=0x1c irqs=86 bytes=86 kbd gsi=1 rte=0x0000000000000024 aux gsi=12 rte=0x0000000000000024
[kernel 24.825 cpu2] heartbeat: cpu0 last reached one 20.206s ago
[kernel 25.075 cpu5] heartbeat: t=25.075s alive=7/8 mask=0xfe ran=0 gap=0.250s
[kernel 25.075 cpu5] i8042: line status=0x1c irqs=86 bytes=86 kbd gsi=1 rte=0x0000000000000024 aux gsi=12 rte=0x0000000000000024
[kernel 25.076 cpu5] heartbeat: cpu0 last reached one 20.456s ago
[kernel 25.372 cpu3] heartbeat: t=25.372s alive=7/8 mask=0xfe ran=0 gap=0.296s
[kernel 25.372 cpu3] i8042: line status=0x1c irqs=86 bytes=86 kbd gsi=1 rte=0x0000000000000024 aux gsi=12 rte=0x0000000000000024
[kernel 25.372 cpu3] heartbeat: cpu0 last reached one 20.753s ago
[kernel 25.625 cpu7] heartbeat: t=25.625s alive=7/8 mask=0xfe ran=0 gap=0.252s
[kernel 25.625 cpu7] i8042: line status=0x1c irqs=86 bytes=86 kbd gsi=1 rte=0x0000000000000024 aux gsi=12 rte=0x0000000000000024
[kernel 25.625 cpu7] heartbeat: cpu0 last reached one 21.006s ago
[kernel 25.888 cpu6] heartbeat: t=25.888s alive=7/8 mask=0xfe ran=0 gap=0.263s
[kernel 25.888 cpu6] i8042: line status=0x1c irqs=86 bytes=86 kbd gsi=1 rte=0x0000000000000024 aux gsi=12 rte=0x0000000000000024
[kernel 25.888 cpu6] heartbeat: cpu0 last reached one 21.269s ago
[kernel 26.162 cpu1] heartbeat: t=26.162s alive=7/8 mask=0xfe ran=0 gap=0.273s
[kernel 26.162 cpu1] i8042: line status=0x1c irqs=86 bytes=86 kbd gsi=1 rte=0x0000000000000024 aux gsi=12 rte=0x0000000000000024
[kernel 26.162 cpu1] heartbeat: cpu0 last reached one 21.543s ago
[kernel 26.414 cpu2] heartbeat: t=26.414s alive=7/8 mask=0xfe ran=0 gap=0.252s
[kernel 26.414 cpu2] i8042: line status=0x1c irqs=86 bytes=86 kbd gsi=1 rte=0x0000000000000024 aux gsi=12 rte=0x0000000000000024
[kernel 26.415 cpu2] heartbeat: cpu0 last reached one 21.795s ago
[kernel 26.665 cpu6] heartbeat: t=26.665s alive=7/8 mask=0xfe ran=0 gap=0.250s
[kernel 26.665 cpu6] i8042: line status=0x1c irqs=86 bytes=86 kbd gsi=1 rte=0x0000000000000024 aux gsi=12 rte=0x0000000000000024
[kernel 26.665 cpu6] heartbeat: cpu0 last reached one 22.045s ago
[kernel 26.915 cpu3] heartbeat: t=26.915s alive=7/8 mask=0xfe ran=0 gap=0.250s
[kernel 26.915 cpu3] i8042: line status=0x1c irqs=86 bytes=86 kbd gsi=1 rte=0x0000000000000024 aux gsi=12 rte=0x0000000000000024
[kernel 26.915 cpu3] heartbeat: cpu0 last reached one 22.295s ago
[kernel 27.191 cpu4] heartbeat: t=27.191s alive=7/8 mask=0xfe ran=0 gap=0.276s
[kernel 27.191 cpu4] i8042: line status=0x1c irqs=86 bytes=86 kbd gsi=1 rte=0x0000000000000024 aux gsi=12 rte=0x0000000000000024
[kernel 27.191 cpu4] heartbeat: cpu0 last reached one 22.571s ago
[kernel 27.491 cpu5] heartbeat: t=27.491s alive=7/8 mask=0xfe ran=0 gap=0.300s
[kernel 27.491 cpu5] i8042: line status=0x1c irqs=86 bytes=86 kbd gsi=1 rte=0x0000000000000024 aux gsi=12 rte=0x0000000000000024
[kernel 27.491 cpu5] heartbeat: cpu0 last reached one 22.872s ago
[kernel 27.801 cpu7] heartbeat: t=27.801s alive=7/8 mask=0xfe ran=0 gap=0.310s
[kernel 27.801 cpu7] i8042: line status=0x1c irqs=86 bytes=86 kbd gsi=1 rte=0x0000000000000024 aux gsi=12 rte=0x0000000000000024
[kernel 27.801 cpu7] heartbeat: cpu0 last reached one 23.182s ago
[kernel 28.106 cpu4] heartbeat: t=28.106s alive=7/8 mask=0xfe ran=0 gap=0.304s
[kernel 28.106 cpu4] i8042: line status=0x1c irqs=86 bytes=86 kbd gsi=1 rte=0x0000000000000024 aux gsi=12 rte=0x0000000000000024
[kernel 28.106 cpu4] heartbeat: cpu0 last reached one 23.487s ago
[kernel 28.364 cpu6] heartbeat: t=28.364s alive=7/8 mask=0xfe ran=0 gap=0.257s
[kernel 28.364 cpu6] i8042: line status=0x1c irqs=86 bytes=86 kbd gsi=1 rte=0x0000000000000024 aux gsi=12 rte=0x0000000000000024
[kernel 28.364 cpu6] heartbeat: cpu0 last reached one 23.744s ago
[kernel 28.616 cpu2] heartbeat: t=28.616s alive=7/8 mask=0xfe ran=0 gap=0.252s
[kernel 28.616 cpu2] i8042: line status=0x1c irqs=86 bytes=86 kbd gsi=1 rte=0x0000000000000024 aux gsi=12 rte=0x0000000000000024
[kernel 28.616 cpu2] heartbeat: cpu0 last reached one 23.997s ago
[kernel 28.906 cpu3] heartbeat: t=28.906s alive=7/8 mask=0xfe ran=0 gap=0.290s
[kernel 28.906 cpu3] i8042: line status=0x1c irqs=86 bytes=86 kbd gsi=1 rte=0x0000000000000024 aux gsi=12 rte=0x0000000000000024
[kernel 28.906 cpu3] heartbeat: cpu0 last reached one 24.287s ago
[kernel 29.157 cpu6] heartbeat: t=29.157s alive=7/8 mask=0xfe ran=0 gap=0.250s
[kernel 29.157 cpu6] i8042: line status=0x1c irqs=86 bytes=86 kbd gsi=1 rte=0x0000000000000024 aux gsi=12 rte=0x0000000000000024
[kernel 29.157 cpu6] heartbeat: cpu0 last reached one 24.538s ago
[kernel 29.452 cpu3] heartbeat: t=29.452s alive=7/8 mask=0xfe ran=0 gap=0.295s
[kernel 29.452 cpu3] i8042: line status=0x1c irqs=86 bytes=86 kbd gsi=1 rte=0x0000000000000024 aux gsi=12 rte=0x0000000000000024
[kernel 29.452 cpu3] heartbeat: cpu0 last reached one 24.833s ago
[kernel 29.764 cpu2] heartbeat: t=29.764s alive=7/8 mask=0xfe ran=0 gap=0.311s
[kernel 29.764 cpu2] i8042: line status=0x1c irqs=86 bytes=86 kbd gsi=1 rte=0x0000000000000024 aux gsi=12 rte=0x0000000000000024
[kernel 29.764 cpu2] heartbeat: cpu0 last reached one 25.144s ago
[kernel 30.064 cpu5] heartbeat: t=30.064s alive=7/8 mask=0xfe ran=0 gap=0.300s
[kernel 30.064 cpu5] i8042: line status=0x1c irqs=86 bytes=86 kbd gsi=1 rte=0x0000000000000024 aux gsi=12 rte=0x0000000000000024
[kernel 30.064 cpu5] heartbeat: cpu0 last reached one 25.445s ago
[kernel 30.325 cpu6] heartbeat: t=30.325s alive=7/8 mask=0xfe ran=0 gap=0.261s
[kernel 30.325 cpu6] i8042: line status=0x1c irqs=86 bytes=86 kbd gsi=1 rte=0x0000000000000024 aux gsi=12 rte=0x0000000000000024
[kernel 30.325 cpu6] heartbeat: cpu0 last reached one 25.706s ago
[kernel 30.601 cpu4] heartbeat: t=30.601s alive=7/8 mask=0xfe ran=0 gap=0.275s
[kernel 30.601 cpu4] i8042: line status=0x1c irqs=86 bytes=86 kbd gsi=1 rte=0x0000000000000024 aux gsi=12 rte=0x0000000000000024
[kernel 30.601 cpu4] heartbeat: cpu0 last reached one 25.981s ago
[kernel 30.857 cpu6] heartbeat: t=30.857s alive=7/8 mask=0xfe ran=0 gap=0.256s
[kernel 30.857 cpu6] i8042: line status=0x1c irqs=86 bytes=86 kbd gsi=1 rte=0x0000000000000024 aux gsi=12 rte=0x0000000000000024
[kernel 30.857 cpu6] heartbeat: cpu0 last reached one 26.238s ago
[kernel 31.122 cpu3] heartbeat: t=31.122s alive=7/8 mask=0xfe ran=0 gap=0.264s
[kernel 31.122 cpu3] i8042: line status=0x1c irqs=86 bytes=86 kbd gsi=1 rte=0x0000000000000024 aux gsi=12 rte=0x0000000000000024
[kernel 31.122 cpu3] heartbeat: cpu0 last reached one 26.503s ago
[kernel 31.264 cpu7] PMM: 178/15962MB used (7892 pages free)
[kernel 31.264 cpu7]   kernel-heap  alloc=     6 free=     0 held=     6 (12MB) rate=0/s
[kernel 31.264 cpu7]   demand-page  alloc=     7 free=     1 held=     6 (12MB) rate=0/s
[kernel 31.264 cpu7]   mmap         alloc=    27 free=     1 held=    26 (52MB) rate=0/s
[kernel 31.264 cpu7]   shared-mem   alloc=     9 free=     0 held=     9 (18MB) rate=0/s
[kernel 31.264 cpu7]   pipe         alloc=     4 free=     0 held=     4 (8MB) rate=0/s
[kernel 31.264 cpu7]   elf          alloc=     6 free=     1 held=     5 (10MB) rate=0/s
[kernel 31.264 cpu7]   dma          alloc=     6 free=     0 held=     6 (12MB) rate=0/s
[kernel 31.264 cpu7]   framebuffer  alloc=     1 free=     0 held=     1 (2MB) rate=0/s
[kernel 31.264 cpu7]   stack        alloc=    24 free=     4 held=    20 (40MB) rate=0/s
[kernel 31.264 cpu7]   init-tls     alloc=     7 free=     1 held=     6 (12MB) rate=0/s
[kernel 31.274 cpu7] sched: cpu=7 ready=0 parked=0 current=None
[kernel 31.301 cpu5] sched: cpu=5 ready=0 parked=1 current=None
[kernel 31.301 cpu2] sched: cpu=2 ready=0 parked=0 current=None
[kernel 31.375 cpu1] sched: cpu=1 ready=0 parked=1 current=None
[kernel 31.375 cpu1] heartbeat: t=31.375s alive=7/8 mask=0xfe ran=0 gap=0.252s
[kernel 31.375 cpu1] i8042: line status=0x1c irqs=86 bytes=86 kbd gsi=1 rte=0x0000000000000024 aux gsi=12 rte=0x0000000000000024
[kernel 31.375 cpu1] heartbeat: cpu0 last reached one 26.756s ago
[kernel 31.388 cpu3] sched: cpu=3 ready=0 parked=1 current=None
[kernel 31.441 cpu4] sched: cpu=4 ready=0 parked=1 current=None
[kernel 31.488 cpu6] sched: cpu=6 ready=0 parked=1 current=None
[kernel 31.639 cpu3] heartbeat: t=31.639s alive=7/8 mask=0xfe ran=0 gap=0.263s
[kernel 31.639 cpu3] i8042: line status=0x1c irqs=86 bytes=86 kbd gsi=1 rte=0x0000000000000024 aux gsi=12 rte=0x0000000000000024
[kernel 31.639 cpu3] heartbeat: cpu0 last reached one 27.019s ago
[kernel 31.921 cpu3] heartbeat: t=31.921s alive=7/8 mask=0xfe ran=0 gap=0.282s
[kernel 31.921 cpu3] i8042: line status=0x1c irqs=86 bytes=86 kbd gsi=1 rte=0x0000000000000024 aux gsi=12 rte=0x0000000000000024
[kernel 31.921 cpu3] heartbeat: cpu0 last reached one 27.302s ago
[kernel 32.186 cpu7] heartbeat: t=32.186s alive=7/8 mask=0xfe ran=0 gap=0.264s
[kernel 32.186 cpu7] i8042: line status=0x1c irqs=86 bytes=86 kbd gsi=1 rte=0x0000000000000024 aux gsi=12 rte=0x0000000000000024
[kernel 32.186 cpu7] heartbeat: cpu0 last reached one 27.567s ago
[kernel 32.439 cpu1] heartbeat: t=32.439s alive=7/8 mask=0xfe ran=0 gap=0.252s
[kernel 32.439 cpu1] i8042: line status=0x1c irqs=86 bytes=86 kbd gsi=1 rte=0x0000000000000024 aux gsi=12 rte=0x0000000000000024
[kernel 32.439 cpu1] heartbeat: cpu0 last reached one 27.819s ago
[kernel 32.473 cpu4] i8042: 86 interrupts, 86 bytes, 19 keys, 21 motion, 4 undecoded, 0 discarded, 0 overruns, 0 dropped, 0 lost edges — last byte at 22668ms
[kernel 32.700 cpu4] heartbeat: t=32.700s alive=7/8 mask=0xfe ran=0 gap=0.261s
[kernel 32.700 cpu4] i8042: line status=0x1c irqs=86 bytes=86 kbd gsi=1 rte=0x0000000000000024 aux gsi=12 rte=0x0000000000000024
[kernel 32.700 cpu4] heartbeat: cpu0 last reached one 28.081s ago
[kernel 32.975 cpu1] heartbeat: t=32.975s alive=7/8 mask=0xfe ran=0 gap=0.275s
[kernel 32.975 cpu1] i8042: line status=0x1c irqs=86 bytes=86 kbd gsi=1 rte=0x0000000000000024 aux gsi=12 rte=0x0000000000000024
[kernel 32.976 cpu1] heartbeat: cpu0 last reached one 28.356s ago
[kernel 33.228 cpu7] heartbeat: t=33.228s alive=7/8 mask=0xfe ran=0 gap=0.252s
[kernel 33.228 cpu7] i8042: line status=0x1c irqs=86 bytes=86 kbd gsi=1 rte=0x0000000000000024 aux gsi=12 rte=0x0000000000000024
[kernel 33.228 cpu7] heartbeat: cpu0 last reached one 28.609s ago
[kernel 33.497 cpu1] heartbeat: t=33.497s alive=7/8 mask=0xfe ran=0 gap=0.268s
[kernel 33.497 cpu1] i8042: line status=0x1c irqs=86 bytes=86 kbd gsi=1 rte=0x0000000000000024 aux gsi=12 rte=0x0000000000000024
[kernel 33.497 cpu1] heartbeat: cpu0 last reached one 28.878s ago
[kernel 33.755 cpu5] heartbeat: t=33.755s alive=7/8 mask=0xfe ran=0 gap=0.257s
[kernel 33.755 cpu5] i8042: line status=0x1c irqs=86 bytes=86 kbd gsi=1 rte=0x0000000000000024 aux gsi=12 rte=0x0000000000000024
[kernel 33.755 cpu5] heartbeat: cpu0 last reached one 29.135s ago
[kernel 34.013 cpu3] heartbeat: t=34.013s alive=7/8 mask=0xfe ran=0 gap=0.258s
[kernel 34.013 cpu3] i8042: line status=0x1c irqs=86 bytes=86 kbd gsi=1 rte=0x0000000000000024 aux gsi=12 rte=0x0000000000000024
[kernel 34.013 cpu3] heartbeat: cpu0 last reached one 29.394s ago
[kernel 34.276 cpu5] heartbeat: t=34.276s alive=7/8 mask=0xfe ran=0 gap=0.262s
[kernel 34.276 cpu5] i8042: line status=0x1c irqs=86 bytes=86 kbd gsi=1 rte=0x0000000000000024 aux gsi=12 rte=0x0000000000000024
[kernel 34.276 cpu5] heartbeat: cpu0 last reached one 29.656s ago
[kernel 34.527 cpu1] heartbeat: t=34.527s alive=7/8 mask=0xfe ran=0 gap=0.251s
[kernel 34.527 cpu1] i8042: line status=0x1c irqs=86 bytes=86 kbd gsi=1 rte=0x0000000000000024 aux gsi=12 rte=0x0000000000000024
[kernel 34.527 cpu1] heartbeat: cpu0 last reached one 29.908s ago
[kernel 34.780 cpu7] heartbeat: t=34.780s alive=7/8 mask=0xfe ran=0 gap=0.253s
[kernel 34.780 cpu7] i8042: line status=0x1c irqs=86 bytes=86 kbd gsi=1 rte=0x0000000000000024 aux gsi=12 rte=0x0000000000000024
[kernel 34.781 cpu7] heartbeat: cpu0 last reached one 30.161s ago
[kernel 35.032 cpu1] heartbeat: t=35.032s alive=7/8 mask=0xfe ran=0 gap=0.251s
[kernel 35.032 cpu1] i8042: line status=0x1c irqs=86 bytes=86 kbd gsi=1 rte=0x0000000000000024 aux gsi=12 rte=0x0000000000000024
[kernel 35.032 cpu1] heartbeat: cpu0 last reached one 30.413s ago
[kernel 35.283 cpu7] heartbeat: t=35.283s alive=7/8 mask=0xfe ran=0 gap=0.250s
[kernel 35.283 cpu7] i8042: line status=0x1c irqs=86 bytes=86 kbd gsi=1 rte=0x0000000000000024 aux gsi=12 rte=0x0000000000000024
[kernel 35.283 cpu7] heartbeat: cpu0 last reached one 30.664s ago
[kernel 35.585 cpu5] heartbeat: t=35.585s alive=7/8 mask=0xfe ran=0 gap=0.301s
[kernel 35.585 cpu5] i8042: line status=0x1c irqs=86 bytes=86 kbd gsi=1 rte=0x0000000000000024 aux gsi=12 rte=0x0000000000000024
[kernel 35.585 cpu5] heartbeat: cpu0 last reached one 30.966s ago
