[kernel 0.000 boot] panic console: framebuffer at 0x4000000000 is above the boot map, armed after mm::init
[kernel 0.000 boot] serial: 16550 loopback read 0xff (absent or wrong port)
[kernel 0.000 boot] PAT: IA32_PAT=0x0007040100070406, entry 4 = WC
[kernel 0.000 boot] KernelArgs { memory_map_addr: 1672929304, memory_map_size: 1992, kernel_memory_addr: 1541406720, kernel_memory_size: 11657216, kernel_stack_addr: 3268608, kernel_stack_size: 8388608, rsdp_addr: 2495602708, initrd_addr: 1553379352, initrd_size: 82747392, init_program_addr: 1645157984, init_program_len: 37, kernel_elf_addr: 1636130840, kernel_elf_size: 3834464, gop_framebuffer: 274877906944, gop_framebuffer_size: 8294400, gop_width: 1920, gop_height: 1080, gop_stride: 1920, gop_pixel_format: 1, boot_pml4_addr: 1672876032, boot_partition_start_lba: 2048, boot_partition_blocks: 181136, boot_partition_guid: [192, 220, 226, 252, 233, 180, 121, 72, 145, 90, 7, 246, 6, 119, 182, 10], boot_partition_present: 1, log_partition_guid: [69, 97, 83, 174, 254, 222, 49, 72, 185, 195, 207, 109, 146, 195, 68, 96], rtc_utc_offset_minutes: 0, rtc_utc_offset_known: 0 }
[kernel 0.000 boot] ACPI: MADT cpus=[0, 2, 4, 6, 1, 3, 5, 7]
[kernel 0.000 boot] LAPIC: x2APIC enabled (ID 0)
[kernel 0.000 cpu0] percpu: BSP cpu_id=0 lapic_id=0 smep=on smap=on pcid=on
[kernel 0.000 cpu0] ioapic: id=2 at 0xfec00000 ver=0x20 gsi 0..119 masked 120/120
[kernel 0.000 cpu0] ioapic: iso bus:irq->gsi [0:0->2 edge/high, 0:9->9 level/high]
[kernel 0.000 cpu0] symbols: loaded 5152 kernel symbols
[kernel 0.000 cpu0] ACPI: HPET at 0xfed00000
[kernel 0.050 cpu0] TSC: 2419MHz (period=413308fs, calibrated over 50ms)
[kernel 0.050 cpu0] ACPI: the FADT puts the RTC century register at CMOS 0x32
[kernel 0.050 cpu0] clock: the RTC reads 2026-08-08 11:58:41; firmware named no zone, so it is taken as UTC
[kernel 0.060 cpu0] LAPIC timer: 384052 ticks/10ms
[kernel 0.060 cpu0] Boot: CPU ready (60ms)
[kernel 0.065 cpu0] ACPI: RSDP at 0x94bfe014
[kernel 0.065 cpu0] ACPI: MCFG found at 0x8f428000
[kernel 0.065 cpu0] ACPI: ECAM base address: 0xc0000000
[kernel 0.065 cpu0] PCI: Enumerating devices...
[kernel 0.065 cpu0]   PCI 00:00.0 [0600] vendor=8086 device=9a14 prog_if=00
[kernel 0.065 cpu0]   PCI 00:02.0 [0300] vendor=8086 device=9a49 prog_if=00
[kernel 0.065 cpu0]   PCI 00:04.0 [1180] vendor=8086 device=9a03 prog_if=00
[kernel 0.065 cpu0]   PCI 00:06.0 [0604] vendor=8086 device=9a09 prog_if=00
[kernel 0.065 cpu0]   PCI 00:07.0 [0604] vendor=8086 device=9a25 prog_if=00
[kernel 0.065 cpu0]   PCI 00:07.2 [0604] vendor=8086 device=9a27 prog_if=00
[kernel 0.065 cpu0]   PCI 00:0a.0 [1180] vendor=8086 device=9a0d prog_if=00
[kernel 0.066 cpu0]   PCI 00:0d.0 [0c03] vendor=8086 device=9a13 prog_if=30
[kernel 0.066 cpu0]   PCI 00:0d.2 [0c03] vendor=8086 device=9a1b prog_if=40
[kernel 0.066 cpu0]   PCI 00:0d.3 [0c03] vendor=8086 device=9a1d prog_if=40
[kernel 0.066 cpu0]   PCI 00:14.0 [0c03] vendor=8086 device=a0ed prog_if=30
[kernel 0.066 cpu0]   PCI 00:14.2 [0500] vendor=8086 device=a0ef prog_if=00
[kernel 0.066 cpu0]   PCI 00:16.0 [0780] vendor=8086 device=a0e0 prog_if=00
[kernel 0.066 cpu0]   PCI 00:1c.0 [0604] vendor=8086 device=a0b8 prog_if=00
[kernel 0.066 cpu0]   PCI 00:1c.4 [0604] vendor=8086 device=a0bc prog_if=00
[kernel 0.066 cpu0]   PCI 00:1c.7 [0604] vendor=8086 device=a0bf prog_if=00
[kernel 0.066 cpu0]   PCI 00:1f.0 [0601] vendor=8086 device=a082 prog_if=00
[kernel 0.066 cpu0]   PCI 00:1f.3 [0403] vendor=8086 device=a0c8 prog_if=80
[kernel 0.066 cpu0]   PCI 00:1f.4 [0c05] vendor=8086 device=a0a3 prog_if=00
[kernel 0.066 cpu0]   PCI 00:1f.5 [0c80] vendor=8086 device=a0a4 prog_if=00
[kernel 0.066 cpu0]   PCI 00:1f.6 [0200] vendor=8086 device=15fc prog_if=00
[kernel 0.067 cpu0]   PCI 04:00.0 [0108] vendor=1c5c device=1327 prog_if=02
[kernel 0.069 cpu0]   PCI 09:00.0 [0280] vendor=8086 device=2725 prog_if=00
[kernel 0.073 cpu0]   PCI 0a:00.0 [0805] vendor=17a0 device=9750 prog_if=01
[kernel 0.145 cpu0] PCI: Enumeration complete, 24 functions.
[kernel 0.145 cpu0] iommu: DMAR haw=39 flags=0x05 intr_remap=y x2apic_opt_out=n dma_ctrl_opt_in=y
[kernel 0.145 cpu0] iommu: unit0 @0xfed90000 seg=0 pci_all=n ver=4.0 cap=0x01c0000c40660462 ecap=0x0000029a00f0505e aw=48 sagaw=0x04 mgaw=39 nd=256 sps2m=y cm=n psi=n nfr=1 fro=0x400 qi=y ir=y eim=y pt=y coherent=n sc=n
[kernel 0.145 cpu0] iommu: unit0 scope pci-endpoint 00:02.0 id=0
[kernel 0.147 cpu0] iommu: identity domain aw=48 covers 0x0..0x45f800000 in 8956 2 MiB leaves
[kernel 0.147 cpu0] iommu: unit0 @0xfed90000 translating gsts=0xc4000000 tes=y qies=y root=0x1014000 domain=1 aw=48 streams=24
[kernel 0.147 cpu0] iommu: unit1 @0xfed85000 seg=0 pci_all=n ver=1.0 cap=0x00d2008c40660462 ecap=0x0000000000f050da aw=48 sagaw=0x04 mgaw=39 nd=256 sps2m=y cm=n psi=y nfr=1 fro=0x400 qi=y ir=y eim=y pt=y coherent=n sc=y
[kernel 0.147 cpu0] iommu: unit1 scope pci-bridge 00:07.0 id=0
[kernel 0.147 cpu0] iommu: unit1 @0xfed85000 translating gsts=0xc4000000 tes=y qies=y root=0x101b000 domain=1 aw=48 streams=24
[kernel 0.147 cpu0] iommu: unit2 @0xfed86000 seg=0 pci_all=n ver=1.0 cap=0x00d2008c40660462 ecap=0x0000000000f050da aw=48 sagaw=0x04 mgaw=39 nd=256 sps2m=y cm=n psi=y nfr=1 fro=0x400 qi=y ir=y eim=y pt=y coherent=n sc=y
[kernel 0.147 cpu0] iommu: unit2 scope pci-bridge 00:07.2 id=0
[kernel 0.148 cpu0] iommu: unit2 @0xfed86000 translating gsts=0xc4000000 tes=y qies=y root=0x1022000 domain=1 aw=48 streams=24
[kernel 0.148 cpu0] iommu: unit3 @0xfed91000 seg=0 pci_all=y ver=1.0 cap=0x00d2008c40660462 ecap=0x0000000000f050da aw=48 sagaw=0x04 mgaw=39 nd=256 sps2m=y cm=n psi=y nfr=1 fro=0x400 qi=y ir=y eim=y pt=y coherent=n sc=y
[kernel 0.148 cpu0] iommu: unit3 scope ioapic 00:1e.7 id=2
[kernel 0.148 cpu0] iommu: unit3 scope hpet 00:1e.6 id=0
[kernel 0.148 cpu0] iommu: unit3 @0xfed91000 translating gsts=0xc4000000 tes=y qies=y root=0x1029000 domain=1 aw=48 streams=24
[kernel 0.148 cpu0] iommu: rmrr0 seg=0 0x000000009c000000..0x00000000a07fffff
[kernel 0.148 cpu0] iommu: rmrr0 scope pci-endpoint 00:02.0 id=0
[kernel 0.148 cpu0] file cache: budget 63864 pages (249 MiB)
[kernel 0.148 cpu0] gpt: the boot volume names AE536145-DEFE-4831-B9C3-CF6D92C34460 as the log partition
[kernel 0.148 cpu0] gpt: firmware booted us from partition FCE2DCC0-B4E9-4879-915A-07F60677B60A at LBA 2048+181136
[kernel 0.148 cpu0] NVMe: found at PCI 04:00.0
[kernel 0.148 cpu0] NVMe: BAR0=0xbce00000
[kernel 0.148 cpu0] NVMe: controller enabled
[kernel 0.148 cpu0] NVMe: NS1 size=500118192 sectors, sector_size=512
[kernel 0.148 cpu0] NVMe: block device id=1 blocks=62514774 (244198MB)
[kernel 0.149 cpu0] gpt: device 1 has 4 partitions and none of them is ours
[kernel 0.149 cpu0] page cache: 62514774 device blocks, index sized for 7168 cached blocks, cap 4096 slots
[kernel 0.149 cpu0] storage: no ToyOS volume and no designation stamp at block 0 — this disk is not ours and nothing will be written to it
[kernel 0.149 cpu0] Boot: storage ready (83ms)
[kernel 0.159 cpu0] xHCI: found at PCI 00:0d.0
[kernel 0.159 cpu0] xHCI: BAR0=0x603dbb0000
[kernel 0.159 cpu0] xHCI: MSI enabled (vector 0x21)
[kernel 0.159 cpu0] xHCI: max_slots=64 max_ports=5 ctx_size=32 pagesize=0x1
[kernel 0.159 cpu0] xHCI: dma 2048 KiB: scratchpad=34 device blocks=64 of 12288 B (max_slots=64)
[kernel 0.159 cpu0] xHCI: firmware did not claim the controller (USBLEGSUP 0x01002201)
[kernel 0.159 cpu0] xHCI: USBLEGCTLSTS 0xe0000000 -> 0x00000000 (SMI generation off)
[kernel 0.159 cpu0] xHCI: USB 2.0 on ports 1..=1
[kernel 0.159 cpu0] xHCI: USB 3.1 on ports 2..=5
[kernel 0.159 cpu0] xHCI: 1 USB2 and 4 USB3 port register(s) of 5 named, 0 capability(ies) refused
[kernel 0.159 cpu0] xHCI: controller reset
[kernel 0.160 cpu0] xHCI: 34 scratchpad buffers configured
[kernel 0.160 cpu0] xHCI: controller started
[kernel 0.160 cpu0] xHCI: 5/5 root-hub ports powered (PPC=0)
[kernel 0.160 cpu0] xHCI: found at PCI 00:14.0
[kernel 0.160 cpu0] xHCI: BAR0=0x603dba0000
[kernel 0.160 cpu0] xHCI: MSI enabled (vector 0x21)
[kernel 0.160 cpu0] xHCI: max_slots=64 max_ports=16 ctx_size=32 pagesize=0x1
[kernel 0.160 cpu0] xHCI: dma 2048 KiB: scratchpad=34 device blocks=64 of 12288 B (max_slots=64)
[kernel 0.160 cpu0] xHCI: firmware did not claim the controller (USBLEGSUP 0x01002201)
[kernel 0.160 cpu0] xHCI: USBLEGCTLSTS 0xe0000000 -> 0x00000000 (SMI generation off)
[kernel 0.160 cpu0] xHCI: USB 2.0 on ports 1..=12
[kernel 0.160 cpu0] xHCI: USB 3.1 on ports 13..=16
[kernel 0.160 cpu0] xHCI: 12 USB2 and 4 USB3 port register(s) of 16 named, 0 capability(ies) refused
[kernel 0.160 cpu0] xHCI: controller reset
[kernel 0.160 cpu0] xHCI: 34 scratchpad buffers configured
[kernel 0.160 cpu0] xHCI: controller started
[kernel 0.160 cpu0] xHCI: 16/16 root-hub ports powered (PPC=0)
[kernel 0.282 cpu0] xHCI: no HID devices on the controller at 00:0d.0
[kernel 0.282 cpu0] xHCI: port 3 connected
[kernel 0.337 cpu0] xHCI: port 3 enabled, speed=1
[kernel 0.337 cpu0] xHCI: slot 1 enabled (dma +0x50000)
[kernel 0.337 cpu0] xHCI: device addressed
[kernel 0.338 cpu0] xHCI: device class=0xff vendor=06cb product=00bd
[kernel 0.338 cpu0] xHCI: no HID boot interface found on port 3, skipping it
[kernel 0.338 cpu0] xHCI: port 4 connected
[kernel 0.393 cpu0] xHCI: port 4 enabled, speed=3
[kernel 0.393 cpu0] xHCI: slot 2 enabled (dma +0x53000)
[kernel 0.393 cpu0] xHCI: device addressed
[kernel 0.393 cpu0] xHCI: device class=0xef vendor=13d3 product=5406
[kernel 0.394 cpu0] xHCI: no HID boot interface found on port 4, skipping it
[kernel 0.394 cpu0] xHCI: port 6 connected
[kernel 0.499 cpu0] xHCI: port 6 enabled, speed=3
[kernel 0.499 cpu0] xHCI: slot 3 enabled (dma +0x56000)
[kernel 0.560 cpu0] xHCI: device addressed
[kernel 0.560 cpu0] xHCI: device class=0x0 vendor=0781 product=5581
[kernel 0.560 cpu0] xHCI: mass storage iface=0 in=0x81/512 out=0x2/512
[kernel 0.560 cpu0] xHCI: configuration set
[kernel 0.560 cpu0] xHCI: endpoint configured
[kernel 0.561 cpu0] usb-storage: slot 3 vendor "SanDisk." product "Ultra..........."
[kernel 0.561 cpu0] usb-storage: disk 0 ready on slot 3, 7507812 blocks of 512 B (29327 MiB), msc_block +0x30000
[kernel 0.561 cpu0] xHCI: port 9 connected
[kernel 0.616 cpu0] xHCI: port 9 enabled, speed=1
[kernel 0.616 cpu0] xHCI: slot 4 enabled (dma +0x59000)
[kernel 0.616 cpu0] xHCI: device addressed
[kernel 0.617 cpu0] xHCI: device class=0x0 vendor=058f product=9540
[kernel 0.622 cpu0] xHCI: no HID boot interface found on port 9, skipping it
[kernel 0.622 cpu0] xHCI: port 10 connected
[kernel 0.677 cpu0] xHCI: port 10 enabled, speed=1
[kernel 0.677 cpu0] xHCI: slot 5 enabled (dma +0x5c000)
[kernel 0.678 cpu0] xHCI: device addressed
[kernel 0.678 cpu0] xHCI: port 10 EP0 packet size 8 -> 64
[kernel 0.678 cpu0] xHCI: device class=0xe0 vendor=8087 product=0032
[kernel 0.678 cpu0] xHCI: no HID boot interface found on port 10, skipping it
[kernel 0.678 cpu0] xHCI: no HID devices on the controller at 00:14.0
[kernel 0.678 cpu0] xHCI: 2 controller(s), 0 HID device(s)
[kernel 0.678 cpu0] usb-storage: 1 device(s)
[kernel 0.690 cpu0] gpt: device 16 carries the log partition AE536145-DEFE-4831-B9C3-CF6D92C34460 at LBA 184320+69632, entry 1 of 2
[kernel 0.690 cpu0] gpt: device 16 carries the boot partition at LBA 2048+181136 (512-byte blocks), entry 0 of 2 on disk 6132B94B-D792-4199-A7BA-954CE184A20C
[kernel 0.690 cpu0] i8042: FADT rev 6 iapc_boot_arch=0x0011, bit 1 (8042) clear — probing either way
[kernel 0.691 cpu0] i8042: ok selftest=0x55 cfg=0x77->0x64 port1=ok port2=ok
[kernel 0.692 cpu0] i8042: kbd will not report its scancode set (0xF0 0x00 answered 0xee); firmware's own cfg 0x77 has translate on, so the wire is set 1
[kernel 1.084 cpu0] i8042: kbd set2+xlat (assumed, the set query was refused) scanning on, GSI 1 -> vec 0x24 apic 0 on
[kernel 1.084 cpu0] i8042: aux rate=100 res=8/mm, GSI 12 -> vec 0x24 apic 0
[kernel 1.084 cpu0] ACPI: PM1a=0x1804 SLP_TYPa=7
[kernel 1.084 cpu0] Boot: peripherals ready (924ms)
[kernel 1.106 cpu0] SMP: AP cpu1 lapic=2 online
[kernel 1.119 cpu0] SMP: AP cpu2 lapic=4 online
[kernel 1.131 cpu0] SMP: AP cpu3 lapic=6 online
[kernel 1.143 cpu0] SMP: AP cpu4 lapic=1 online
[kernel 1.155 cpu0] SMP: AP cpu5 lapic=3 online
[kernel 1.167 cpu0] SMP: AP cpu6 lapic=5 online
[kernel 1.180 cpu0] SMP: AP cpu7 lapic=7 online
[kernel 1.180 cpu0] storage: /home is a tmpfs — it will not survive a reboot
[kernel 1.180 cpu0] boot-volume: partition mounted, 92741632 bytes of a 92741632-byte partition at device offset 1048576, 512-byte sectors, 512-byte clusters, 178340 clusters
[kernel 1.181 cpu0] log-volume: partition mounted, 35651584 bytes of a 35651584-byte partition at device offset 94371840, 512-byte sectors, 512-byte clusters, 68552 clusters
[kernel 1.187 cpu0] log-file: this boot's kernel log is /log/2026-08-08-115842.log
[kernel 1.187 cpu0] Boot: subsystems ready (93ms)
[kernel 1.201 cpu0] virtio-console: no device found
[kernel 1.205 cpu0] VirtIO net: no device found
[kernel 1.213 cpu0] hda: 00:1f.3 8086:a0c8 version 1.0 gcap=0x9701 statests=0x0005
[kernel 1.214 cpu0] hda: 00:1f.3 bound, statests=0x0005, output stream 7 at 0x160, tag 1, 8 periods of 512 bytes
[kernel 1.217 cpu0] GPU: using UEFI GOP
[kernel 1.217 cpu0] GOP: 1920x1080 stride=1920 format=1 at 0x4000000000 tokens=[SharedToken(2), SharedToken(3)]
[kernel 1.217 cpu0] GOP: scanout memory type WC (MTRR UC, PAT entry 4)
[kernel 1.218 cpu0] mouse: rel scale x=36 y=64 (screen 1920x1080)
[kernel 1.218 cpu0] Boot: devices ready (20ms)
[kernel 1.230 cpu0] ELF: 9110 relocations indexed (RELATIVE + GLOB_DAT + TPOFF)
[kernel 1.230 cpu0] spawn: TLS 1 modules, total_memsz=144
[kernel 1.230 cpu0] spawn: /bin/compositor pid=0 tid=0 base=0x10000000000 entry=0x100001e81e4 cr3=0x1e24000 symbols=2048KiB (layout=0ms relocs=0ms deps=0ms tls=1ms total=2ms)
[kernel 1.230 cpu0] spawned /bin/compositor pid=0
[kernel 1.231 cpu0] ELF: 3162 relocations indexed (RELATIVE + GLOB_DAT + TPOFF)
[kernel 1.231 cpu0] spawn: TLS 1 modules, total_memsz=144
[kernel 1.231 cpu0] spawn: /bin/soundd pid=1 tid=0 base=0x10000000000 entry=0x10000038b04 cr3=0xdf9000 symbols=2048KiB (layout=0ms relocs=0ms deps=0ms tls=0ms total=1ms)
[kernel 1.231 cpu0] spawned /bin/soundd pid=1
[kernel 1.232 cpu0] ELF: 3167 relocations indexed (RELATIVE + GLOB_DAT + TPOFF)
[kernel 1.232 cpu0] spawn: TLS 1 modules, total_memsz=144
[kernel 1.233 cpu0] spawn: /bin/netd pid=2 tid=0 base=0x10000000000 entry=0x1000003a0a4 cr3=0x1e57000 symbols=2048KiB (layout=0ms relocs=0ms deps=0ms tls=0ms total=1ms)
[kernel 1.233 cpu0] spawned /bin/netd pid=2
[kernel 1.233 cpu0] log: no serial console - this boot is in /log/2026-08-08-115842.log and on the screen
[kernel 1.233 cpu0] Boot: complete (1233ms)
[kernel 1.242 cpu4] CPU 4: joining scheduler
[kernel 1.242 cpu7] CPU 7: joining scheduler
[kernel 1.242 cpu3] CPU 3: joining scheduler
[kernel 1.242 cpu6] CPU 6: joining scheduler
[kernel 1.242 cpu0] sched: cpu=0 ready=0 parked=0 current=None
[kernel 1.242 cpu2] CPU 2: joining scheduler
[kernel 1.242 cpu4] sched: cpu=4 ready=0 parked=0 current=None
[kernel 1.242 cpu7] sched: cpu=7 ready=0 parked=0 current=None
[kernel 1.242 cpu3] sched: cpu=3 ready=0 parked=0 current=None
[kernel 1.242 cpu5] CPU 5: joining scheduler
[kernel 1.242 cpu1] CPU 1: joining scheduler
[kernel 1.242 cpu5] sched: cpu=5 ready=0 parked=0 current=None
[kernel 1.242 cpu6] sched: cpu=6 ready=0 parked=0 current=None
[kernel 1.242 cpu1] sched: cpu=1 ready=0 parked=0 current=None
[kernel 1.242 cpu2] sched: cpu=2 ready=0 parked=0 current=None
[kernel 1.242 cpu3] i8042: armed at 1084ms, idle at 1242ms, 0 interrupts — the pin has never asserted (kbd GSI 1, aux GSI 12)
netd: no NIC on this machine, exiting
[kernel 1.243 cpu2 tid=0] syscalls: pid=2 total=7 syscall_wall=0ms 0=1 6=1 31=1 63=1
[kernel 1.243 cpu2 tid=0] memory: pid=2 peak=2MB allocs=2 frees=0
[kernel 1.243 cpu2 tid=0] exit: netd pid=2 code=0 cpu=1ms
soundd: hda codec0 vendor=10ec device=0257, 1 function group(s)
soundd: hda codec2 vendor=8086 device=2812, 1 function group(s)
soundd: hda codec0 group 0x01 converter 0x02 -> pin 0x14 (speaker), headphone 0x21, format 0x2011 (44100 Hz 2 ch 16-bit)
soundd: hda path configured in 14 verbs, stream tag 1
soundd: ready, 8 buffers, 44100Hz 2ch, 512 bytes/period, 128 frames/period
soundd: suspended
[kernel 1.400 cpu0] usb-storage: disk 0 does not implement SYNCHRONIZE CACHE (sense 0x05/0x20/0x00); its writes are durable once they complete
[kernel 1.401 cpu0 tid=0] shm: 0x4000000000 mapped WriteCombining into pid 0
[kernel 1.500 cpu2] heartbeat: t=1.500s alive=8/8 mask=0xff ran=4 gap=0.257s
[kernel 1.500 cpu2] i8042: line status=0x1c irqs=0 bytes=0 kbd gsi=1 rte=0x0000000000000024 aux gsi=12 rte=0x0000000000000024
compositor: wallpaper 1920x1080, scaling to 1920x1080
compositor: at most 221 windows (8 MiB each of 15966 MiB total)
compositor: ready
[kernel 1.576 cpu0 tid=0] ELF: 3548 relocations indexed (RELATIVE + GLOB_DAT + TPOFF)
[kernel 1.576 cpu0 tid=0] spawn: TLS 1 modules, total_memsz=144
[kernel 1.577 cpu0 tid=0] spawn: /bin/filepicker pid=3 tid=0 base=0x10000000000 entry=0x10000017df4 cr3=0x1e57000 symbols=2048KiB (layout=0ms relocs=0ms deps=0ms tls=1ms total=1ms)
[kernel 1.756 cpu1] heartbeat: t=1.756s alive=8/8 mask=0xff ran=11 gap=0.256s
[kernel 1.756 cpu1] i8042: line status=0x1c irqs=0 bytes=0 kbd gsi=1 rte=0x0000000000000024 aux gsi=12 rte=0x0000000000000024
[kernel 2.014 cpu5] heartbeat: t=2.014s alive=8/8 mask=0xff ran=0 gap=0.257s
[kernel 2.014 cpu5] i8042: line status=0x1c irqs=0 bytes=0 kbd gsi=1 rte=0x0000000000000024 aux gsi=12 rte=0x0000000000000024
[kernel 2.291 cpu4] heartbeat: t=2.291s alive=7/8 mask=0xfe ran=0 gap=0.276s
[kernel 2.291 cpu4] i8042: line status=0x1c irqs=0 bytes=0 kbd gsi=1 rte=0x0000000000000024 aux gsi=12 rte=0x0000000000000024
[kernel 2.291 cpu4] heartbeat: cpu0 last reached one 0.527s ago
[kernel 2.433 cpu4] i8042: the pin asserts — 3 interrupts, 3 bytes, 0 keys, 1 motion, first seen at 2422ms
[kernel 2.560 cpu2] heartbeat: t=2.560s alive=7/8 mask=0xfe ran=0 gap=0.268s
[kernel 2.560 cpu2] i8042: line status=0x3c irqs=33 bytes=33 kbd gsi=1 rte=0x0000000000000024 aux gsi=12 rte=0x0000000000000024
[kernel 2.560 cpu2] heartbeat: cpu0 last reached one 0.796s ago
[kernel 2.814 cpu6] heartbeat: t=2.814s alive=7/8 mask=0xfe ran=0 gap=0.254s
[kernel 2.814 cpu6] i8042: line status=0x3c irqs=78 bytes=78 kbd gsi=1 rte=0x0000000000000024 aux gsi=12 rte=0x0000000000000024
[kernel 2.815 cpu6] heartbeat: cpu0 last reached one 1.051s ago
[kernel 3.074 cpu2] heartbeat: t=3.074s alive=7/8 mask=0xfe ran=0 gap=0.259s
[kernel 3.074 cpu2] i8042: line status=0x3c irqs=97 bytes=90 kbd gsi=1 rte=0x0000000000000024 aux gsi=12 rte=0x0000000000000024
[kernel 3.074 cpu2] heartbeat: cpu0 last reached one 1.311s ago
[kernel 3.341 cpu6] heartbeat: t=3.341s alive=7/8 mask=0xfe ran=0 gap=0.266s
[kernel 3.341 cpu6] i8042: line status=0x3c irqs=114 bytes=114 kbd gsi=1 rte=0x0000000000000024 aux gsi=12 rte=0x0000000000000024
[kernel 3.341 cpu6] heartbeat: cpu0 last reached one 1.577s ago
[kernel 3.595 cpu2] heartbeat: t=3.595s alive=7/8 mask=0xfe ran=0 gap=0.254s
[kernel 3.595 cpu2] i8042: line status=0x3c irqs=156 bytes=156 kbd gsi=1 rte=0x0000000000000024 aux gsi=12 rte=0x0000000000000024
[kernel 3.596 cpu2] heartbeat: cpu0 last reached one 1.832s ago
[kernel 3.860 cpu6] heartbeat: t=3.860s alive=7/8 mask=0xfe ran=0 gap=0.264s
[kernel 3.860 cpu6] i8042: line status=0x3c irqs=174 bytes=174 kbd gsi=1 rte=0x0000000000000024 aux gsi=12 rte=0x0000000000000024
[kernel 3.860 cpu6] heartbeat: cpu0 last reached one 2.097s ago
[kernel 4.115 cpu7] heartbeat: t=4.115s alive=7/8 mask=0xfe ran=0 gap=0.254s
[kernel 4.115 cpu7] i8042: line status=0x3c irqs=174 bytes=174 kbd gsi=1 rte=0x0000000000000024 aux gsi=12 rte=0x0000000000000024
[kernel 4.115 cpu7] heartbeat: cpu0 last reached one 2.351s ago
[kernel 4.375 cpu6] heartbeat: t=4.375s alive=7/8 mask=0xfe ran=0 gap=0.259s
[kernel 4.375 cpu6] i8042: line status=0x3c irqs=174 bytes=174 kbd gsi=1 rte=0x0000000000000024 aux gsi=12 rte=0x0000000000000024
[kernel 4.375 cpu6] heartbeat: cpu0 last reached one 2.611s ago
[kernel 4.625 cpu7] heartbeat: t=4.625s alive=7/8 mask=0xfe ran=0 gap=0.250s
[kernel 4.625 cpu7] i8042: line status=0x1c irqs=176 bytes=176 kbd gsi=1 rte=0x0000000000000024 aux gsi=12 rte=0x0000000000000024
[kernel 4.626 cpu7] heartbeat: cpu0 last reached one 2.862s ago
[kernel 4.884 cpu6] heartbeat: t=4.884s alive=7/8 mask=0xfe ran=0 gap=0.258s
[kernel 4.884 cpu6] i8042: line status=0x1c irqs=176 bytes=176 kbd gsi=1 rte=0x0000000000000024 aux gsi=12 rte=0x0000000000000024
[kernel 4.884 cpu6] heartbeat: cpu0 last reached one 3.120s ago
[kernel 5.141 cpu3] heartbeat: t=5.141s alive=7/8 mask=0xfe ran=0 gap=0.257s
[kernel 5.141 cpu3] i8042: line status=0x1c irqs=178 bytes=178 kbd gsi=1 rte=0x0000000000000024 aux gsi=12 rte=0x0000000000000024
[kernel 5.141 cpu3] heartbeat: cpu0 last reached one 3.378s ago
[kernel 5.393 cpu3] heartbeat: t=5.393s alive=7/8 mask=0xfe ran=0 gap=0.251s
[kernel 5.393 cpu3] i8042: line status=0x1c irqs=181 bytes=181 kbd gsi=1 rte=0x0000000000000024 aux gsi=12 rte=0x0000000000000024
[kernel 5.393 cpu3] heartbeat: cpu0 last reached one 3.629s ago
[kernel 5.643 cpu3] heartbeat: t=5.643s alive=7/8 mask=0xfe ran=0 gap=0.250s
[kernel 5.643 cpu3] i8042: line status=0x1c irqs=184 bytes=184 kbd gsi=1 rte=0x0000000000000024 aux gsi=12 rte=0x0000000000000024
[kernel 5.643 cpu3] heartbeat: cpu0 last reached one 3.879s ago
[kernel 5.686 cpu5] === blocked-task dump: 8 cpu(s), and this report takes the screen ===
[kernel 5.686 cpu4]   cpu4 running nothing
[kernel 5.686 cpu7]   cpu7 running nothing
[kernel 5.686 cpu5]   cpu5 running nothing
[kernel 5.686 cpu4]   cpu4 pid=3 tid=0 ipc parked 4058ms no deadline
[kernel 5.686 cpu1]   cpu1 running nothing
[kernel 5.686 cpu1]   cpu1 pid=1 tid=0 io parked 4433ms no deadline rt
[kernel 5.686 cpu2]   cpu2 running nothing
[kernel 5.686 cpu6]   cpu6 running nothing
[kernel 5.690 cpu3]   cpu3 running nothing
[kernel 5.690 cpu3]   cpu3 pid=1 tid=1 io parked 4437ms no deadline
[kernel 5.925 cpu4] heartbeat: t=5.925s alive=7/8 mask=0xfe ran=0 gap=0.282s
[kernel 5.925 cpu4] i8042: line status=0x1c irqs=188 bytes=188 kbd gsi=1 rte=0x0000000000000024 aux gsi=12 rte=0x0000000000000024
[kernel 5.925 cpu4] heartbeat: cpu0 last reached one 4.161s ago
[kernel 5.936 cpu5]   cpu0 !! no answer: it did not reach a scheduler pass
[kernel 5.936 cpu5]   cpu0 NMI answered, it is here:
[kernel 5.936 cpu5]     0xffff80005bee6d53  kernel::arch::apic::arm_one_shot+0x143
[kernel 5.936 cpu5]   ready: pid=0 tid=0 compositor cpu=179ms
[kernel 5.936 cpu5] == census: 4 thread(s) — 0 running, 1 ready, 3 blocked, 0 zombie, 0 unscheduled
[kernel 5.936 cpu5] == sched: 7/8 cpu(s) answered — 0 running, 0 queued, 3 parked
[kernel 5.936 cpu5] == deadlines: 3 event-only, 0 pending, 0 OVERDUE, 0 ABSURD
[kernel 5.936 cpu5] == VERDICT: 0 overdue, 0 absurd, 1 unheld, 0 never ran (of the cpus that answered)
[kernel 5.936 cpu5] === end of dump ===
[kernel 6.185 cpu4] heartbeat: t=6.185s alive=7/8 mask=0xfe ran=0 gap=0.259s
[kernel 6.185 cpu4] i8042: line status=0x1c irqs=188 bytes=188 kbd gsi=1 rte=0x0000000000000024 aux gsi=12 rte=0x0000000000000024
[kernel 6.185 cpu4] heartbeat: cpu0 last reached one 4.421s ago
[kernel 6.462 cpu2] heartbeat: t=6.462s alive=7/8 mask=0xfe ran=0 gap=0.277s
[kernel 6.462 cpu2] i8042: line status=0x1c irqs=188 bytes=188 kbd gsi=1 rte=0x0000000000000024 aux gsi=12 rte=0x0000000000000024
[kernel 6.462 cpu2] heartbeat: cpu0 last reached one 4.698s ago
[kernel 6.725 cpu6] heartbeat: t=6.725s alive=7/8 mask=0xfe ran=0 gap=0.263s
[kernel 6.725 cpu6] i8042: line status=0x1c irqs=188 bytes=188 kbd gsi=1 rte=0x0000000000000024 aux gsi=12 rte=0x0000000000000024
[kernel 6.725 cpu6] heartbeat: cpu0 last reached one 4.962s ago
[kernel 6.988 cpu2] heartbeat: t=6.988s alive=7/8 mask=0xfe ran=0 gap=0.262s
[kernel 6.988 cpu2] i8042: line status=0x1c irqs=188 bytes=188 kbd gsi=1 rte=0x0000000000000024 aux gsi=12 rte=0x0000000000000024
[kernel 6.988 cpu2] heartbeat: cpu0 last reached one 5.225s ago
[kernel 7.247 cpu6] heartbeat: t=7.247s alive=7/8 mask=0xfe ran=0 gap=0.258s
[kernel 7.247 cpu6] i8042: line status=0x1c irqs=188 bytes=188 kbd gsi=1 rte=0x0000000000000024 aux gsi=12 rte=0x0000000000000024
[kernel 7.247 cpu6] heartbeat: cpu0 last reached one 5.483s ago
[kernel 7.499 cpu5] heartbeat: t=7.499s alive=7/8 mask=0xfe ran=0 gap=0.252s
[kernel 7.499 cpu5] i8042: line status=0x1c irqs=188 bytes=188 kbd gsi=1 rte=0x0000000000000024 aux gsi=12 rte=0x0000000000000024
[kernel 7.499 cpu5] heartbeat: cpu0 last reached one 5.736s ago
[kernel 7.752 cpu6] heartbeat: t=7.752s alive=7/8 mask=0xfe ran=0 gap=0.252s
[kernel 7.752 cpu6] i8042: line status=0x1c irqs=188 bytes=188 kbd gsi=1 rte=0x0000000000000024 aux gsi=12 rte=0x0000000000000024
[kernel 7.752 cpu6] heartbeat: cpu0 last reached one 5.988s ago
[kernel 8.002 cpu1] heartbeat: t=8.002s alive=7/8 mask=0xfe ran=0 gap=0.250s
[kernel 8.002 cpu1] i8042: line status=0x1c irqs=188 bytes=188 kbd gsi=1 rte=0x0000000000000024 aux gsi=12 rte=0x0000000000000024
[kernel 8.003 cpu1] heartbeat: cpu0 last reached one 6.239s ago
[kernel 8.253 cpu1] heartbeat: t=8.253s alive=7/8 mask=0xfe ran=0 gap=0.250s
[kernel 8.253 cpu1] i8042: line status=0x1c irqs=188 bytes=188 kbd gsi=1 rte=0x0000000000000024 aux gsi=12 rte=0x0000000000000024
[kernel 8.253 cpu1] heartbeat: cpu0 last reached one 6.489s ago
[kernel 8.519 cpu2] heartbeat: t=8.519s alive=7/8 mask=0xfe ran=0 gap=0.265s
[kernel 8.519 cpu2] i8042: line status=0x1c irqs=188 bytes=188 kbd gsi=1 rte=0x0000000000000024 aux gsi=12 rte=0x0000000000000024
[kernel 8.519 cpu2] heartbeat: cpu0 last reached one 6.755s ago
[kernel 8.795 cpu6] heartbeat: t=8.795s alive=7/8 mask=0xfe ran=0 gap=0.276s
[kernel 8.795 cpu6] i8042: line status=0x1c irqs=188 bytes=188 kbd gsi=1 rte=0x0000000000000024 aux gsi=12 rte=0x0000000000000024
[kernel 8.795 cpu6] heartbeat: cpu0 last reached one 7.031s ago
[kernel 9.058 cpu5] heartbeat: t=9.058s alive=7/8 mask=0xfe ran=0 gap=0.263s
[kernel 9.058 cpu5] i8042: line status=0x1c irqs=188 bytes=188 kbd gsi=1 rte=0x0000000000000024 aux gsi=12 rte=0x0000000000000024
[kernel 9.058 cpu5] heartbeat: cpu0 last reached one 7.294s ago
[kernel 9.326 cpu3] heartbeat: t=9.326s alive=7/8 mask=0xfe ran=0 gap=0.268s
[kernel 9.326 cpu3] i8042: line status=0x1c irqs=188 bytes=188 kbd gsi=1 rte=0x0000000000000024 aux gsi=12 rte=0x0000000000000024
[kernel 9.327 cpu3] heartbeat: cpu0 last reached one 7.563s ago
[kernel 9.589 cpu7] heartbeat: t=9.589s alive=7/8 mask=0xfe ran=0 gap=0.263s
[kernel 9.589 cpu7] i8042: line status=0x1c irqs=188 bytes=188 kbd gsi=1 rte=0x0000000000000024 aux gsi=12 rte=0x0000000000000024
[kernel 9.590 cpu7] heartbeat: cpu0 last reached one 7.826s ago
[kernel 9.853 cpu3] heartbeat: t=9.853s alive=7/8 mask=0xfe ran=0 gap=0.263s
[kernel 9.853 cpu3] i8042: line status=0x1c irqs=188 bytes=188 kbd gsi=1 rte=0x0000000000000024 aux gsi=12 rte=0x0000000000000024
[kernel 9.853 cpu3] heartbeat: cpu0 last reached one 8.089s ago
[kernel 10.105 cpu2] heartbeat: t=10.105s alive=7/8 mask=0xfe ran=0 gap=0.251s
[kernel 10.105 cpu2] i8042: line status=0x1c irqs=188 bytes=188 kbd gsi=1 rte=0x0000000000000024 aux gsi=12 rte=0x0000000000000024
[kernel 10.105 cpu2] heartbeat: cpu0 last reached one 8.341s ago
[kernel 10.384 cpu3] heartbeat: t=10.384s alive=7/8 mask=0xfe ran=0 gap=0.279s
[kernel 10.384 cpu3] i8042: line status=0x1c irqs=188 bytes=188 kbd gsi=1 rte=0x0000000000000024 aux gsi=12 rte=0x0000000000000024
[kernel 10.384 cpu3] heartbeat: cpu0 last reached one 8.620s ago
[kernel 10.635 cpu2] heartbeat: t=10.635s alive=7/8 mask=0xfe ran=0 gap=0.250s
[kernel 10.635 cpu2] i8042: line status=0x1c irqs=188 bytes=188 kbd gsi=1 rte=0x0000000000000024 aux gsi=12 rte=0x0000000000000024
[kernel 10.635 cpu2] heartbeat: cpu0 last reached one 8.871s ago
[kernel 10.900 cpu3] heartbeat: t=10.900s alive=7/8 mask=0xfe ran=0 gap=0.265s
[kernel 10.900 cpu3] i8042: line status=0x1c irqs=188 bytes=188 kbd gsi=1 rte=0x0000000000000024 aux gsi=12 rte=0x0000000000000024
[kernel 10.900 cpu3] heartbeat: cpu0 last reached one 9.136s ago
[kernel 11.221 cpu5] heartbeat: t=11.221s alive=7/8 mask=0xfe ran=0 gap=0.320s
[kernel 11.221 cpu5] i8042: line status=0x1c irqs=188 bytes=188 kbd gsi=1 rte=0x0000000000000024 aux gsi=12 rte=0x0000000000000024
[kernel 11.221 cpu5] heartbeat: cpu0 last reached one 9.457s ago
[kernel 11.246 cpu2] sched: cpu=2 ready=0 parked=0 current=None
[kernel 11.246 cpu2] PMM: 114/15966MB used (7926 pages free)
[kernel 11.246 cpu2]   kernel-heap  alloc=     6 free=     0 held=     6 (12MB) rate=0/s
[kernel 11.246 cpu2]   demand-page  alloc=     5 free=     1 held=     4 (8MB) rate=0/s
[kernel 11.246 cpu2]   mmap         alloc=    19 free=     1 held=    18 (36MB) rate=0/s
[kernel 11.246 cpu2]   shared-mem   alloc=     3 free=     0 held=     3 (6MB) rate=0/s
[kernel 11.246 cpu2]   elf          alloc=     4 free=     1 held=     3 (6MB) rate=0/s
[kernel 11.246 cpu2]   dma          alloc=     6 free=     0 held=     6 (12MB) rate=0/s
[kernel 11.246 cpu2]   framebuffer  alloc=     1 free=     0 held=     1 (2MB) rate=0/s
[kernel 11.246 cpu2]   stack        alloc=    16 free=     4 held=    12 (24MB) rate=0/s
[kernel 11.246 cpu2]   init-tls     alloc=     5 free=     1 held=     4 (8MB) rate=0/s
[kernel 11.321 cpu7] sched: cpu=7 ready=0 parked=0 current=None
[kernel 11.321 cpu6] sched: cpu=6 ready=0 parked=0 current=None
[kernel 11.321 cpu3] sched: cpu=3 ready=0 parked=1 current=None
[kernel 11.325 cpu4] sched: cpu=4 ready=0 parked=1 current=None
[kernel 11.329 cpu1] sched: cpu=1 ready=0 parked=1 current=None
[kernel 11.330 cpu5] sched: cpu=5 ready=0 parked=0 current=None
[kernel 11.502 cpu2] heartbeat: t=11.502s alive=7/8 mask=0xfe ran=0 gap=0.281s
[kernel 11.502 cpu2] i8042: line status=0x1c irqs=188 bytes=188 kbd gsi=1 rte=0x0000000000000024 aux gsi=12 rte=0x0000000000000024
[kernel 11.502 cpu2] heartbeat: cpu0 last reached one 9.738s ago
[kernel 11.757 cpu6] heartbeat: t=11.757s alive=7/8 mask=0xfe ran=0 gap=0.255s
[kernel 11.757 cpu6] i8042: line status=0x1c irqs=188 bytes=188 kbd gsi=1 rte=0x0000000000000024 aux gsi=12 rte=0x0000000000000024
[kernel 11.757 cpu6] heartbeat: cpu0 last reached one 9.994s ago
[kernel 12.029 cpu6] heartbeat: t=12.029s alive=7/8 mask=0xfe ran=0 gap=0.271s
[kernel 12.029 cpu6] i8042: line status=0x1c irqs=188 bytes=188 kbd gsi=1 rte=0x0000000000000024 aux gsi=12 rte=0x0000000000000024
[kernel 12.029 cpu6] heartbeat: cpu0 last reached one 10.265s ago
[kernel 12.289 cpu3] heartbeat: t=12.289s alive=7/8 mask=0xfe ran=0 gap=0.260s
[kernel 12.289 cpu3] i8042: line status=0x1c irqs=188 bytes=188 kbd gsi=1 rte=0x0000000000000024 aux gsi=12 rte=0x0000000000000024
[kernel 12.289 cpu3] heartbeat: cpu0 last reached one 10.526s ago
[kernel 12.444 cpu2] i8042: 188 interrupts, 188 bytes, 5 keys, 58 motion, 9 undecoded, 0 discarded, 0 overruns, 0 dropped, 0 lost edges — last byte at 5779ms
[kernel 12.557 cpu7] heartbeat: t=12.557s alive=7/8 mask=0xfe ran=0 gap=0.268s
[kernel 12.557 cpu7] i8042: line status=0x1c irqs=188 bytes=188 kbd gsi=1 rte=0x0000000000000024 aux gsi=12 rte=0x0000000000000024
[kernel 12.558 cpu7] heartbeat: cpu0 last reached one 10.794s ago
[kernel 12.808 cpu7] heartbeat: t=12.808s alive=7/8 mask=0xfe ran=0 gap=0.250s
[kernel 12.808 cpu7] i8042: line status=0x1c irqs=188 bytes=188 kbd gsi=1 rte=0x0000000000000024 aux gsi=12 rte=0x0000000000000024
[kernel 12.808 cpu7] heartbeat: cpu0 last reached one 11.045s ago
[kernel 13.089 cpu4] heartbeat: t=13.089s alive=7/8 mask=0xfe ran=0 gap=0.280s
[kernel 13.089 cpu4] i8042: line status=0x1c irqs=188 bytes=188 kbd gsi=1 rte=0x0000000000000024 aux gsi=12 rte=0x0000000000000024
[kernel 13.089 cpu4] heartbeat: cpu0 last reached one 11.325s ago
[kernel 13.389 cpu6] heartbeat: t=13.389s alive=7/8 mask=0xfe ran=0 gap=0.300s
[kernel 13.389 cpu6] i8042: line status=0x1c irqs=188 bytes=188 kbd gsi=1 rte=0x0000000000000024 aux gsi=12 rte=0x0000000000000024
[kernel 13.389 cpu6] heartbeat: cpu0 last reached one 11.625s ago
[kernel 13.700 cpu1] heartbeat: t=13.700s alive=7/8 mask=0xfe ran=0 gap=0.310s
[kernel 13.700 cpu1] i8042: line status=0x1c irqs=188 bytes=188 kbd gsi=1 rte=0x0000000000000024 aux gsi=12 rte=0x0000000000000024
[kernel 13.700 cpu1] heartbeat: cpu0 last reached one 11.936s ago
[kernel 14.005 cpu5] heartbeat: t=14.005s alive=7/8 mask=0xfe ran=0 gap=0.305s
[kernel 14.005 cpu5] i8042: line status=0x1c irqs=188 bytes=188 kbd gsi=1 rte=0x0000000000000024 aux gsi=12 rte=0x0000000000000024
[kernel 14.005 cpu5] heartbeat: cpu0 last reached one 12.241s ago
[kernel 14.310 cpu2] heartbeat: t=14.310s alive=7/8 mask=0xfe ran=0 gap=0.304s
[kernel 14.310 cpu2] i8042: line status=0x1c irqs=188 bytes=188 kbd gsi=1 rte=0x0000000000000024 aux gsi=12 rte=0x0000000000000024
[kernel 14.310 cpu2] heartbeat: cpu0 last reached one 12.546s ago
[kernel 14.569 cpu2] heartbeat: t=14.569s alive=7/8 mask=0xfe ran=0 gap=0.259s
[kernel 14.569 cpu2] i8042: line status=0x1c irqs=188 bytes=188 kbd gsi=1 rte=0x0000000000000024 aux gsi=12 rte=0x0000000000000024
[kernel 14.569 cpu2] heartbeat: cpu0 last reached one 12.805s ago
[kernel 14.819 cpu1] heartbeat: t=14.819s alive=7/8 mask=0xfe ran=0 gap=0.250s
[kernel 14.819 cpu1] i8042: line status=0x1c irqs=188 bytes=188 kbd gsi=1 rte=0x0000000000000024 aux gsi=12 rte=0x0000000000000024
[kernel 14.819 cpu1] heartbeat: cpu0 last reached one 13.056s ago
[kernel 15.111 cpu6] heartbeat: t=15.111s alive=7/8 mask=0xfe ran=0 gap=0.291s
[kernel 15.111 cpu6] i8042: line status=0x1c irqs=188 bytes=188 kbd gsi=1 rte=0x0000000000000024 aux gsi=12 rte=0x0000000000000024
[kernel 15.111 cpu6] heartbeat: cpu0 last reached one 13.347s ago
[kernel 15.414 cpu5] heartbeat: t=15.414s alive=7/8 mask=0xfe ran=0 gap=0.303s
[kernel 15.414 cpu5] i8042: line status=0x1c irqs=188 bytes=188 kbd gsi=1 rte=0x0000000000000024 aux gsi=12 rte=0x0000000000000024
[kernel 15.415 cpu5] heartbeat: cpu0 last reached one 13.651s ago
[kernel 15.688 cpu2] heartbeat: t=15.688s alive=7/8 mask=0xfe ran=0 gap=0.273s
[kernel 15.688 cpu2] i8042: line status=0x1c irqs=188 bytes=188 kbd gsi=1 rte=0x0000000000000024 aux gsi=12 rte=0x0000000000000024
[kernel 15.688 cpu2] heartbeat: cpu0 last reached one 13.925s ago
[kernel 15.957 cpu4] heartbeat: t=15.957s alive=7/8 mask=0xfe ran=0 gap=0.268s
[kernel 15.957 cpu4] i8042: line status=0x1c irqs=188 bytes=188 kbd gsi=1 rte=0x0000000000000024 aux gsi=12 rte=0x0000000000000024
[kernel 15.957 cpu4] heartbeat: cpu0 last reached one 14.193s ago
[kernel 16.220 cpu6] heartbeat: t=16.220s alive=7/8 mask=0xfe ran=0 gap=0.263s
[kernel 16.220 cpu6] i8042: line status=0x1c irqs=188 bytes=188 kbd gsi=1 rte=0x0000000000000024 aux gsi=12 rte=0x0000000000000024
[kernel 16.220 cpu6] heartbeat: cpu0 last reached one 14.456s ago
[kernel 16.483 cpu4] heartbeat: t=16.483s alive=7/8 mask=0xfe ran=0 gap=0.263s
[kernel 16.483 cpu4] i8042: line status=0x1c irqs=188 bytes=188 kbd gsi=1 rte=0x0000000000000024 aux gsi=12 rte=0x0000000000000024
[kernel 16.483 cpu4] heartbeat: cpu0 last reached one 14.719s ago
[kernel 16.736 cpu4] heartbeat: t=16.736s alive=7/8 mask=0xfe ran=0 gap=0.252s
[kernel 16.736 cpu4] i8042: line status=0x1c irqs=188 bytes=188 kbd gsi=1 rte=0x0000000000000024 aux gsi=12 rte=0x0000000000000024
[kernel 16.736 cpu4] heartbeat: cpu0 last reached one 14.972s ago
[kernel 17.015 cpu1] heartbeat: t=17.015s alive=7/8 mask=0xfe ran=0 gap=0.278s
[kernel 17.015 cpu1] i8042: line status=0x1c irqs=188 bytes=188 kbd gsi=1 rte=0x0000000000000024 aux gsi=12 rte=0x0000000000000024
[kernel 17.015 cpu1] heartbeat: cpu0 last reached one 15.251s ago
[kernel 17.284 cpu5] heartbeat: t=17.284s alive=7/8 mask=0xfe ran=0 gap=0.268s
[kernel 17.284 cpu5] i8042: line status=0x1c irqs=188 bytes=188 kbd gsi=1 rte=0x0000000000000024 aux gsi=12 rte=0x0000000000000024
[kernel 17.284 cpu5] heartbeat: cpu0 last reached one 15.520s ago
[kernel 17.547 cpu1] heartbeat: t=17.547s alive=7/8 mask=0xfe ran=0 gap=0.263s
[kernel 17.547 cpu1] i8042: line status=0x1c irqs=188 bytes=188 kbd gsi=1 rte=0x0000000000000024 aux gsi=12 rte=0x0000000000000024
[kernel 17.547 cpu1] heartbeat: cpu0 last reached one 15.783s ago
[kernel 17.798 cpu5] heartbeat: t=17.798s alive=7/8 mask=0xfe ran=0 gap=0.251s
[kernel 17.798 cpu5] i8042: line status=0x1c irqs=188 bytes=188 kbd gsi=1 rte=0x0000000000000024 aux gsi=12 rte=0x0000000000000024
[kernel 17.798 cpu5] heartbeat: cpu0 last reached one 16.034s ago
[kernel 18.058 cpu3] heartbeat: t=18.058s alive=7/8 mask=0xfe ran=0 gap=0.259s
[kernel 18.058 cpu3] i8042: line status=0x1c irqs=188 bytes=188 kbd gsi=1 rte=0x0000000000000024 aux gsi=12 rte=0x0000000000000024
[kernel 18.058 cpu3] heartbeat: cpu0 last reached one 16.294s ago
[kernel 18.331 cpu7] heartbeat: t=18.331s alive=7/8 mask=0xfe ran=0 gap=0.273s
[kernel 18.331 cpu7] i8042: line status=0x1c irqs=188 bytes=188 kbd gsi=1 rte=0x0000000000000024 aux gsi=12 rte=0x0000000000000024
[kernel 18.331 cpu7] heartbeat: cpu0 last reached one 16.568s ago
[kernel 18.590 cpu1] heartbeat: t=18.590s alive=7/8 mask=0xfe ran=0 gap=0.258s
[kernel 18.590 cpu1] i8042: line status=0x1c irqs=188 bytes=188 kbd gsi=1 rte=0x0000000000000024 aux gsi=12 rte=0x0000000000000024
[kernel 18.590 cpu1] heartbeat: cpu0 last reached one 16.826s ago
[kernel 18.842 cpu5] heartbeat: t=18.842s alive=7/8 mask=0xfe ran=0 gap=0.252s
[kernel 18.842 cpu5] i8042: line status=0x1c irqs=188 bytes=188 kbd gsi=1 rte=0x0000000000000024 aux gsi=12 rte=0x0000000000000024
[kernel 18.842 cpu5] heartbeat: cpu0 last reached one 17.078s ago
[kernel 19.136 cpu6] heartbeat: t=19.136s alive=7/8 mask=0xfe ran=0 gap=0.294s
[kernel 19.136 cpu6] i8042: line status=0x1c irqs=188 bytes=188 kbd gsi=1 rte=0x0000000000000024 aux gsi=12 rte=0x0000000000000024
[kernel 19.136 cpu6] heartbeat: cpu0 last reached one 17.372s ago
[kernel 19.389 cpu3] heartbeat: t=19.389s alive=7/8 mask=0xfe ran=0 gap=0.253s
[kernel 19.389 cpu3] i8042: line status=0x1c irqs=188 bytes=188 kbd gsi=1 rte=0x0000000000000024 aux gsi=12 rte=0x0000000000000024
[kernel 19.389 cpu3] heartbeat: cpu0 last reached one 17.625s ago
[kernel 19.642 cpu1] heartbeat: t=19.642s alive=7/8 mask=0xfe ran=0 gap=0.253s
[kernel 19.642 cpu1] i8042: line status=0x1c irqs=188 bytes=188 kbd gsi=1 rte=0x0000000000000024 aux gsi=12 rte=0x0000000000000024
[kernel 19.642 cpu1] heartbeat: cpu0 last reached one 17.879s ago
[kernel 19.921 cpu4] heartbeat: t=19.921s alive=7/8 mask=0xfe ran=0 gap=0.278s
[kernel 19.921 cpu4] i8042: line status=0x1c irqs=188 bytes=188 kbd gsi=1 rte=0x0000000000000024 aux gsi=12 rte=0x0000000000000024
[kernel 19.921 cpu4] heartbeat: cpu0 last reached one 18.157s ago
