[kernel 0.000 boot] panic console: framebuffer at 0x4000000000 is above the boot map, armed after mm::init
[kernel 0.000 boot] serial: 16550 loopback read 0xff (absent or wrong port)
[kernel 0.000 boot] PAT: IA32_PAT=0x0007040100070406, entry 4 = WC
[kernel 0.000 boot] KernelArgs { memory_map_addr: 1672929304, memory_map_size: 1992, kernel_memory_addr: 1541406720, kernel_memory_size: 11657216, kernel_stack_addr: 3268608, kernel_stack_size: 8388608, rsdp_addr: 2495602708, initrd_addr: 1553379352, initrd_size: 82747392, init_program_addr: 1645157984, init_program_len: 37, kernel_elf_addr: 1636130840, kernel_elf_size: 3834464, gop_framebuffer: 274877906944, gop_framebuffer_size: 8294400, gop_width: 1920, gop_height: 1080, gop_stride: 1920, gop_pixel_format: 1, boot_pml4_addr: 1672876032, boot_partition_start_lba: 2048, boot_partition_blocks: 181136, boot_partition_guid: [192, 220, 226, 252, 233, 180, 121, 72, 145, 90, 7, 246, 6, 119, 182, 10], boot_partition_present: 1, log_partition_guid: [69, 97, 83, 174, 254, 222, 49, 72, 185, 195, 207, 109, 146, 195, 68, 96], rtc_utc_offset_minutes: 0, rtc_utc_offset_known: 0 }
[kernel 0.000 boot] ACPI: MADT cpus=[0, 2, 4, 6, 1, 3, 5, 7]
[kernel 0.000 boot] LAPIC: x2APIC enabled (ID 0)
[kernel 0.000 cpu0] percpu: BSP cpu_id=0 lapic_id=0 smep=on smap=on pcid=on
[kernel 0.000 cpu0] ioapic: id=2 at 0xfec00000 ver=0x20 gsi 0..119 masked 120/120
[kernel 0.000 cpu0] ioapic: iso bus:irq->gsi [0:0->2 edge/high, 0:9->9 level/high]
[kernel 0.000 cpu0] symbols: loaded 5152 kernel symbols
[kernel 0.000 cpu0] ACPI: HPET at 0xfed00000
[kernel 0.050 cpu0] TSC: 2419MHz (period=413293fs, calibrated over 50ms)
[kernel 0.050 cpu0] ACPI: the FADT puts the RTC century register at CMOS 0x32
[kernel 0.050 cpu0] clock: the RTC reads 2026-08-08 11:59:18; firmware named no zone, so it is taken as UTC
[kernel 0.060 cpu0] LAPIC timer: 384065 ticks/10ms
[kernel 0.060 cpu0] Boot: CPU ready (60ms)
[kernel 0.065 cpu0] ACPI: RSDP at 0x94bfe014
[kernel 0.065 cpu0] ACPI: MCFG found at 0x8f428000
[kernel 0.065 cpu0] ACPI: ECAM base address: 0xc0000000
[kernel 0.065 cpu0] PCI: Enumerating devices...
[kernel 0.065 cpu0]   PCI 00:00.0 [0600] vendor=8086 device=9a14 prog_if=00
[kernel 0.065 cpu0]   PCI 00:02.0 [0300] vendor=8086 device=9a49 prog_if=00
[kernel 0.065 cpu0]   PCI 00:04.0 [1180] vendor=8086 device=9a03 prog_if=00
[kernel 0.065 cpu0]   PCI 00:06.0 [0604] vendor=8086 device=9a09 prog_if=00
[kernel 0.065 cpu0]   PCI 00:07.0 [0604] vendor=8086 device=9a25 prog_if=00
[kernel 0.065 cpu0]   PCI 00:07.2 [0604] vendor=8086 device=9a27 prog_if=00
[kernel 0.066 cpu0]   PCI 00:0a.0 [1180] vendor=8086 device=9a0d prog_if=00
[kernel 0.066 cpu0]   PCI 00:0d.0 [0c03] vendor=8086 device=9a13 prog_if=30
[kernel 0.066 cpu0]   PCI 00:0d.2 [0c03] vendor=8086 device=9a1b prog_if=40
[kernel 0.066 cpu0]   PCI 00:0d.3 [0c03] vendor=8086 device=9a1d prog_if=40
[kernel 0.066 cpu0]   PCI 00:14.0 [0c03] vendor=8086 device=a0ed prog_if=30
[kernel 0.066 cpu0]   PCI 00:14.2 [0500] vendor=8086 device=a0ef prog_if=00
[kernel 0.066 cpu0]   PCI 00:16.0 [0780] vendor=8086 device=a0e0 prog_if=00
[kernel 0.066 cpu0]   PCI 00:1c.0 [0604] vendor=8086 device=a0b8 prog_if=00
[kernel 0.066 cpu0]   PCI 00:1c.4 [0604] vendor=8086 device=a0bc prog_if=00
[kernel 0.066 cpu0]   PCI 00:1c.7 [0604] vendor=8086 device=a0bf prog_if=00
[kernel 0.066 cpu0]   PCI 00:1f.0 [0601] vendor=8086 device=a082 prog_if=00
[kernel 0.066 cpu0]   PCI 00:1f.3 [0403] vendor=8086 device=a0c8 prog_if=80
[kernel 0.066 cpu0]   PCI 00:1f.4 [0c05] vendor=8086 device=a0a3 prog_if=00
[kernel 0.066 cpu0]   PCI 00:1f.5 [0c80] vendor=8086 device=a0a4 prog_if=00
[kernel 0.066 cpu0]   PCI 00:1f.6 [0200] vendor=8086 device=15fc prog_if=00
[kernel 0.068 cpu0]   PCI 04:00.0 [0108] vendor=1c5c device=1327 prog_if=02
[kernel 0.069 cpu0]   PCI 09:00.0 [0280] vendor=8086 device=2725 prog_if=00
[kernel 0.073 cpu0]   PCI 0a:00.0 [0805] vendor=17a0 device=9750 prog_if=01
[kernel 0.145 cpu0] PCI: Enumeration complete, 24 functions.
[kernel 0.145 cpu0] iommu: DMAR haw=39 flags=0x05 intr_remap=y x2apic_opt_out=n dma_ctrl_opt_in=y
[kernel 0.145 cpu0] iommu: unit0 @0xfed90000 seg=0 pci_all=n ver=4.0 cap=0x01c0000c40660462 ecap=0x0000029a00f0505e aw=48 sagaw=0x04 mgaw=39 nd=256 sps2m=y cm=n psi=n nfr=1 fro=0x400 qi=y ir=y eim=y pt=y coherent=n sc=n
[kernel 0.145 cpu0] iommu: unit0 scope pci-endpoint 00:02.0 id=0
[kernel 0.148 cpu0] iommu: identity domain aw=48 covers 0x0..0x45f800000 in 8956 2 MiB leaves
[kernel 0.148 cpu0] iommu: unit0 @0xfed90000 translating gsts=0xc4000000 tes=y qies=y root=0x1014000 domain=1 aw=48 streams=24
[kernel 0.148 cpu0] iommu: unit1 @0xfed85000 seg=0 pci_all=n ver=1.0 cap=0x00d2008c40660462 ecap=0x0000000000f050da aw=48 sagaw=0x04 mgaw=39 nd=256 sps2m=y cm=n psi=y nfr=1 fro=0x400 qi=y ir=y eim=y pt=y coherent=n sc=y
[kernel 0.148 cpu0] iommu: unit1 scope pci-bridge 00:07.0 id=0
[kernel 0.148 cpu0] iommu: unit1 @0xfed85000 translating gsts=0xc4000000 tes=y qies=y root=0x101b000 domain=1 aw=48 streams=24
[kernel 0.148 cpu0] iommu: unit2 @0xfed86000 seg=0 pci_all=n ver=1.0 cap=0x00d2008c40660462 ecap=0x0000000000f050da aw=48 sagaw=0x04 mgaw=39 nd=256 sps2m=y cm=n psi=y nfr=1 fro=0x400 qi=y ir=y eim=y pt=y coherent=n sc=y
[kernel 0.148 cpu0] iommu: unit2 scope pci-bridge 00:07.2 id=0
[kernel 0.148 cpu0] iommu: unit2 @0xfed86000 translating gsts=0xc4000000 tes=y qies=y root=0x1022000 domain=1 aw=48 streams=24
[kernel 0.148 cpu0] iommu: unit3 @0xfed91000 seg=0 pci_all=y ver=1.0 cap=0x00d2008c40660462 ecap=0x0000000000f050da aw=48 sagaw=0x04 mgaw=39 nd=256 sps2m=y cm=n psi=y nfr=1 fro=0x400 qi=y ir=y eim=y pt=y coherent=n sc=y
[kernel 0.148 cpu0] iommu: unit3 scope ioapic 00:1e.7 id=2
[kernel 0.148 cpu0] iommu: unit3 scope hpet 00:1e.6 id=0
[kernel 0.148 cpu0] iommu: unit3 @0xfed91000 translating gsts=0xc4000000 tes=y qies=y root=0x1029000 domain=1 aw=48 streams=24
[kernel 0.148 cpu0] iommu: rmrr0 seg=0 0x000000009c000000..0x00000000a07fffff
[kernel 0.148 cpu0] iommu: rmrr0 scope pci-endpoint 00:02.0 id=0
[kernel 0.148 cpu0] file cache: budget 63848 pages (249 MiB)
[kernel 0.148 cpu0] gpt: the boot volume names AE536145-DEFE-4831-B9C3-CF6D92C34460 as the log partition
[kernel 0.148 cpu0] gpt: firmware booted us from partition FCE2DCC0-B4E9-4879-915A-07F60677B60A at LBA 2048+181136
[kernel 0.148 cpu0] NVMe: found at PCI 04:00.0
[kernel 0.148 cpu0] NVMe: BAR0=0xbce00000
[kernel 0.149 cpu0] NVMe: controller enabled
[kernel 0.149 cpu0] NVMe: NS1 size=500118192 sectors, sector_size=512
[kernel 0.149 cpu0] NVMe: block device id=1 blocks=62514774 (244198MB)
[kernel 0.149 cpu0] gpt: device 1 has 4 partitions and none of them is ours
[kernel 0.149 cpu0] page cache: 62514774 device blocks, index sized for 7168 cached blocks, cap 4096 slots
[kernel 0.149 cpu0] storage: no ToyOS volume and no designation stamp at block 0 — this disk is not ours and nothing will be written to it
[kernel 0.149 cpu0] Boot: storage ready (84ms)
[kernel 0.161 cpu0] xHCI: found at PCI 00:0d.0
[kernel 0.161 cpu0] xHCI: BAR0=0x603dbb0000
[kernel 0.161 cpu0] xHCI: MSI enabled (vector 0x21)
[kernel 0.161 cpu0] xHCI: max_slots=64 max_ports=5 ctx_size=32 pagesize=0x1
[kernel 0.161 cpu0] xHCI: dma 2048 KiB: scratchpad=34 device blocks=64 of 12288 B (max_slots=64)
[kernel 0.161 cpu0] xHCI: firmware did not claim the controller (USBLEGSUP 0x01002201)
[kernel 0.161 cpu0] xHCI: USBLEGCTLSTS 0xe0000000 -> 0x00000000 (SMI generation off)
[kernel 0.161 cpu0] xHCI: USB 2.0 on ports 1..=1
[kernel 0.161 cpu0] xHCI: USB 3.1 on ports 2..=5
[kernel 0.161 cpu0] xHCI: 1 USB2 and 4 USB3 port register(s) of 5 named, 0 capability(ies) refused
[kernel 0.161 cpu0] xHCI: controller reset
[kernel 0.161 cpu0] xHCI: 34 scratchpad buffers configured
[kernel 0.161 cpu0] xHCI: controller started
[kernel 0.161 cpu0] xHCI: 5/5 root-hub ports powered (PPC=0)
[kernel 0.161 cpu0] xHCI: found at PCI 00:14.0
[kernel 0.161 cpu0] xHCI: BAR0=0x603dba0000
[kernel 0.161 cpu0] xHCI: MSI enabled (vector 0x21)
[kernel 0.161 cpu0] xHCI: max_slots=64 max_ports=16 ctx_size=32 pagesize=0x1
[kernel 0.161 cpu0] xHCI: dma 2048 KiB: scratchpad=34 device blocks=64 of 12288 B (max_slots=64)
[kernel 0.161 cpu0] xHCI: firmware did not claim the controller (USBLEGSUP 0x01002201)
[kernel 0.161 cpu0] xHCI: USBLEGCTLSTS 0xe0000000 -> 0x00000000 (SMI generation off)
[kernel 0.161 cpu0] xHCI: USB 2.0 on ports 1..=12
[kernel 0.161 cpu0] xHCI: USB 3.1 on ports 13..=16
[kernel 0.161 cpu0] xHCI: 12 USB2 and 4 USB3 port register(s) of 16 named, 0 capability(ies) refused
[kernel 0.161 cpu0] xHCI: controller reset
[kernel 0.162 cpu0] xHCI: 34 scratchpad buffers configured
[kernel 0.162 cpu0] xHCI: controller started
[kernel 0.162 cpu0] xHCI: 16/16 root-hub ports powered (PPC=0)
[kernel 0.283 cpu0] xHCI: no HID devices on the controller at 00:0d.0
[kernel 0.283 cpu0] xHCI: port 3 connected
[kernel 0.338 cpu0] xHCI: port 3 enabled, speed=1
[kernel 0.338 cpu0] xHCI: slot 1 enabled (dma +0x50000)
[kernel 0.339 cpu0] xHCI: device addressed
[kernel 0.339 cpu0] xHCI: device class=0xff vendor=06cb product=00bd
[kernel 0.339 cpu0] xHCI: no HID boot interface found on port 3, skipping it
[kernel 0.339 cpu0] xHCI: port 4 connected
[kernel 0.394 cpu0] xHCI: port 4 enabled, speed=3
[kernel 0.394 cpu0] xHCI: slot 2 enabled (dma +0x53000)
[kernel 0.394 cpu0] xHCI: device addressed
[kernel 0.395 cpu0] xHCI: device class=0xef vendor=13d3 product=5406
[kernel 0.395 cpu0] xHCI: no HID boot interface found on port 4, skipping it
[kernel 0.395 cpu0] xHCI: port 6 connected
[kernel 0.502 cpu0] xHCI: port 6 enabled, speed=3
[kernel 0.502 cpu0] xHCI: slot 3 enabled (dma +0x56000)
[kernel 0.563 cpu0] xHCI: device addressed
[kernel 0.563 cpu0] xHCI: device class=0x0 vendor=0781 product=5581
[kernel 0.563 cpu0] xHCI: mass storage iface=0 in=0x81/512 out=0x2/512
[kernel 0.564 cpu0] xHCI: configuration set
[kernel 0.564 cpu0] xHCI: endpoint configured
[kernel 0.564 cpu0] usb-storage: slot 3 vendor "SanDisk." product "Ultra..........."
[kernel 0.564 cpu0] usb-storage: disk 0 ready on slot 3, 7507812 blocks of 512 B (29327 MiB), msc_block +0x30000
[kernel 0.564 cpu0] xHCI: port 9 connected
[kernel 0.619 cpu0] xHCI: port 9 enabled, speed=1
[kernel 0.619 cpu0] xHCI: slot 4 enabled (dma +0x59000)
[kernel 0.620 cpu0] xHCI: device addressed
[kernel 0.621 cpu0] xHCI: device class=0x0 vendor=058f product=9540
[kernel 0.626 cpu0] xHCI: no HID boot interface found on port 9, skipping it
[kernel 0.626 cpu0] xHCI: port 10 connected
[kernel 0.681 cpu0] xHCI: port 10 enabled, speed=1
[kernel 0.681 cpu0] xHCI: slot 5 enabled (dma +0x5c000)
[kernel 0.681 cpu0] xHCI: device addressed
[kernel 0.681 cpu0] xHCI: port 10 EP0 packet size 8 -> 64
[kernel 0.681 cpu0] xHCI: device class=0xe0 vendor=8087 product=0032
[kernel 0.681 cpu0] xHCI: no HID boot interface found on port 10, skipping it
[kernel 0.682 cpu0] xHCI: no HID devices on the controller at 00:14.0
[kernel 0.682 cpu0] xHCI: 2 controller(s), 0 HID device(s)
[kernel 0.682 cpu0] usb-storage: 1 device(s)
[kernel 0.694 cpu0] gpt: device 16 carries the log partition AE536145-DEFE-4831-B9C3-CF6D92C34460 at LBA 184320+69632, entry 1 of 2
[kernel 0.694 cpu0] gpt: device 16 carries the boot partition at LBA 2048+181136 (512-byte blocks), entry 0 of 2 on disk 6132B94B-D792-4199-A7BA-954CE184A20C
[kernel 0.694 cpu0] i8042: FADT rev 6 iapc_boot_arch=0x0011, bit 1 (8042) clear — probing either way
[kernel 0.695 cpu0] i8042: ok selftest=0x55 cfg=0x77->0x64 port1=ok port2=ok
[kernel 0.695 cpu0] i8042: kbd will not report its scancode set (0xF0 0x00 answered 0xee); firmware's own cfg 0x77 has translate on, so the wire is set 1
[kernel 1.089 cpu0] i8042: kbd set2+xlat (assumed, the set query was refused) scanning on, GSI 1 -> vec 0x24 apic 0 on
[kernel 1.089 cpu0] i8042: aux rate=100 res=8/mm, GSI 12 -> vec 0x24 apic 0
[kernel 1.089 cpu0] ACPI: PM1a=0x1804 SLP_TYPa=7
[kernel 1.089 cpu0] Boot: peripherals ready (928ms)
[kernel 1.111 cpu0] SMP: AP cpu1 lapic=2 online
[kernel 1.123 cpu0] SMP: AP cpu2 lapic=4 online
[kernel 1.136 cpu0] SMP: AP cpu3 lapic=6 online
[kernel 1.148 cpu0] SMP: AP cpu4 lapic=1 online
[kernel 1.160 cpu0] SMP: AP cpu5 lapic=3 online
[kernel 1.172 cpu0] SMP: AP cpu6 lapic=5 online
[kernel 1.184 cpu0] SMP: AP cpu7 lapic=7 online
[kernel 1.184 cpu0] storage: /home is a tmpfs — it will not survive a reboot
[kernel 1.185 cpu0] boot-volume: partition mounted, 92741632 bytes of a 92741632-byte partition at device offset 1048576, 512-byte sectors, 512-byte clusters, 178340 clusters
[kernel 1.186 cpu0] log-volume: partition mounted, 35651584 bytes of a 35651584-byte partition at device offset 94371840, 512-byte sectors, 512-byte clusters, 68552 clusters
[kernel 1.200 cpu0] log-file: this boot's kernel log is /log/2026-08-08-115919.log
[kernel 1.200 cpu0] Boot: subsystems ready (101ms)
[kernel 1.214 cpu0] virtio-console: no device found
[kernel 1.218 cpu0] VirtIO net: no device found
[kernel 1.226 cpu0] hda: 00:1f.3 8086:a0c8 version 1.0 gcap=0x9701 statests=0x0005
[kernel 1.227 cpu0] hda: 00:1f.3 bound, statests=0x0005, output stream 7 at 0x160, tag 1, 8 periods of 512 bytes
[kernel 1.230 cpu0] GPU: using UEFI GOP
[kernel 1.230 cpu0] GOP: 1920x1080 stride=1920 format=1 at 0x4000000000 tokens=[SharedToken(2), SharedToken(3)]
[kernel 1.230 cpu0] GOP: scanout memory type WC (MTRR UC, PAT entry 4)
[kernel 1.231 cpu0] mouse: rel scale x=36 y=64 (screen 1920x1080)
[kernel 1.231 cpu0] Boot: devices ready (20ms)
[kernel 1.243 cpu0] ELF: 9110 relocations indexed (RELATIVE + GLOB_DAT + TPOFF)
[kernel 1.243 cpu0] spawn: TLS 1 modules, total_memsz=144
[kernel 1.243 cpu0] spawn: /bin/compositor pid=0 tid=0 base=0x10000000000 entry=0x100001e81e4 cr3=0x1e24000 symbols=2048KiB (layout=0ms relocs=0ms deps=0ms tls=1ms total=2ms)
[kernel 1.243 cpu0] spawned /bin/compositor pid=0
[kernel 1.244 cpu0] ELF: 3162 relocations indexed (RELATIVE + GLOB_DAT + TPOFF)
[kernel 1.244 cpu0] spawn: TLS 1 modules, total_memsz=144
[kernel 1.245 cpu0] spawn: /bin/soundd pid=1 tid=0 base=0x10000000000 entry=0x10000038b04 cr3=0xdf9000 symbols=2048KiB (layout=0ms relocs=0ms deps=0ms tls=0ms total=1ms)
[kernel 1.245 cpu0] spawned /bin/soundd pid=1
[kernel 1.245 cpu0] ELF: 3167 relocations indexed (RELATIVE + GLOB_DAT + TPOFF)
[kernel 1.245 cpu0] spawn: TLS 1 modules, total_memsz=144
[kernel 1.246 cpu0] spawn: /bin/netd pid=2 tid=0 base=0x10000000000 entry=0x1000003a0a4 cr3=0x1e57000 symbols=2048KiB (layout=0ms relocs=0ms deps=0ms tls=0ms total=1ms)
[kernel 1.246 cpu0] spawned /bin/netd pid=2
[kernel 1.246 cpu0] log: no serial console - this boot is in /log/2026-08-08-115919.log and on the screen
[kernel 1.246 cpu0] Boot: complete (1246ms)
[kernel 1.255 cpu4] CPU 4: joining scheduler
[kernel 1.255 cpu7] CPU 7: joining scheduler
[kernel 1.255 cpu4] sched: cpu=4 ready=0 parked=0 current=None
[kernel 1.255 cpu6] CPU 6: joining scheduler
[kernel 1.255 cpu3] CPU 3: joining scheduler
[kernel 1.255 cpu7] sched: cpu=7 ready=0 parked=0 current=None
[kernel 1.255 cpu6] sched: cpu=6 ready=0 parked=0 current=None
[kernel 1.255 cpu0] sched: cpu=0 ready=0 parked=0 current=None
[kernel 1.255 cpu3] sched: cpu=3 ready=0 parked=0 current=None
[kernel 1.255 cpu2] CPU 2: joining scheduler
[kernel 1.255 cpu2] sched: cpu=2 ready=0 parked=0 current=None
[kernel 1.255 cpu1] CPU 1: joining scheduler
[kernel 1.255 cpu5] CPU 5: joining scheduler
[kernel 1.255 cpu2] i8042: armed at 1089ms, idle at 1255ms, 0 interrupts — the pin has never asserted (kbd GSI 1, aux GSI 12)
[kernel 1.255 cpu5] sched: cpu=5 ready=0 parked=0 current=None
[kernel 1.255 cpu1] sched: cpu=1 ready=0 parked=0 current=None
[kernel 1.263 cpu0 tid=0] shm: 0x4000000000 mapped WriteCombining into pid 0
soundd: hda codec0 vendor=10ec device=0257, 1 function group(s)
soundd: hda codec2 vendor=8086 device=2812, 1 function group(s)
soundd: hda codec0 group 0x01 converter 0x02 -> pin 0x14 (speaker), headphone 0x21, format 0x2011 (44100 Hz 2 ch 16-bit)
netd: no NIC on this machine, exiting
[kernel 1.264 cpu2 tid=0] syscalls: pid=2 total=7 syscall_wall=0ms 0=1 6=1 31=1 63=1
[kernel 1.264 cpu2 tid=0] memory: pid=2 peak=2MB allocs=2 frees=0
[kernel 1.264 cpu2 tid=0] exit: netd pid=2 code=0 cpu=1ms
soundd: hda path configured in 14 verbs, stream tag 1
soundd: ready, 8 buffers, 44100Hz 2ch, 512 bytes/period, 128 frames/period
soundd: suspended
[kernel 1.404 cpu4] usb-storage: disk 0 does not implement SYNCHRONIZE CACHE (sense 0x05/0x20/0x00); its writes are durable once they complete
compositor: wallpaper 1920x1080, scaling to 1920x1080
compositor: at most 221 windows (8 MiB each of 15962 MiB total)
compositor: ready
[kernel 1.487 cpu0 tid=0] ELF: 3548 relocations indexed (RELATIVE + GLOB_DAT + TPOFF)
[kernel 1.487 cpu0 tid=0] spawn: TLS 1 modules, total_memsz=144
[kernel 1.487 cpu0 tid=0] spawn: /bin/filepicker pid=3 tid=0 base=0x10000000000 entry=0x10000017df4 cr3=0x1e57000 symbols=2048KiB (layout=0ms relocs=0ms deps=0ms tls=0ms total=1ms)
[kernel 1.537 cpu4] heartbeat: t=1.537s alive=8/8 mask=0xff ran=5 gap=0.282s
[kernel 1.537 cpu4] i8042: line status=0x1c irqs=0 bytes=0 kbd gsi=1 rte=0x0000000000000024 aux gsi=12 rte=0x0000000000000024
[kernel 1.804 cpu6] heartbeat: t=1.804s alive=7/8 mask=0xfe ran=0 gap=0.266s
[kernel 1.804 cpu6] i8042: line status=0x1c irqs=0 bytes=0 kbd gsi=1 rte=0x0000000000000024 aux gsi=12 rte=0x0000000000000024
[kernel 1.804 cpu6] heartbeat: cpu0 last reached one 0.300s ago
[kernel 2.067 cpu5] heartbeat: t=2.067s alive=7/8 mask=0xfe ran=0 gap=0.262s
[kernel 2.067 cpu5] i8042: line status=0x1c irqs=0 bytes=0 kbd gsi=1 rte=0x0000000000000024 aux gsi=12 rte=0x0000000000000024
[kernel 2.067 cpu5] heartbeat: cpu0 last reached one 0.563s ago
[kernel 2.341 cpu7] heartbeat: t=2.341s alive=7/8 mask=0xfe ran=0 gap=0.274s
[kernel 2.341 cpu7] i8042: line status=0x1c irqs=0 bytes=0 kbd gsi=1 rte=0x0000000000000024 aux gsi=12 rte=0x0000000000000024
[kernel 2.341 cpu7] heartbeat: cpu0 last reached one 0.837s ago
[kernel 2.604 cpu1] heartbeat: t=2.604s alive=7/8 mask=0xfe ran=0 gap=0.263s
[kernel 2.604 cpu1] i8042: line status=0x1c irqs=0 bytes=0 kbd gsi=1 rte=0x0000000000000024 aux gsi=12 rte=0x0000000000000024
[kernel 2.604 cpu1] heartbeat: cpu0 last reached one 1.100s ago
[kernel 2.867 cpu1] heartbeat: t=2.867s alive=7/8 mask=0xfe ran=0 gap=0.262s
[kernel 2.867 cpu1] i8042: line status=0x1c irqs=0 bytes=0 kbd gsi=1 rte=0x0000000000000024 aux gsi=12 rte=0x0000000000000024
[kernel 2.867 cpu1] heartbeat: cpu0 last reached one 1.363s ago
[kernel 3.141 cpu5] heartbeat: t=3.141s alive=7/8 mask=0xfe ran=0 gap=0.273s
[kernel 3.141 cpu5] i8042: line status=0x1c irqs=0 bytes=0 kbd gsi=1 rte=0x0000000000000024 aux gsi=12 rte=0x0000000000000024
[kernel 3.141 cpu5] heartbeat: cpu0 last reached one 1.637s ago
[kernel 3.402 cpu1] heartbeat: t=3.402s alive=7/8 mask=0xfe ran=0 gap=0.261s
[kernel 3.402 cpu1] i8042: line status=0x1c irqs=0 bytes=0 kbd gsi=1 rte=0x0000000000000024 aux gsi=12 rte=0x0000000000000024
[kernel 3.402 cpu1] heartbeat: cpu0 last reached one 1.898s ago
[kernel 3.662 cpu5] heartbeat: t=3.662s alive=7/8 mask=0xfe ran=0 gap=0.260s
[kernel 3.662 cpu5] i8042: line status=0x1c irqs=0 bytes=0 kbd gsi=1 rte=0x0000000000000024 aux gsi=12 rte=0x0000000000000024
[kernel 3.662 cpu5] heartbeat: cpu0 last reached one 2.158s ago
[kernel 3.932 cpu1] heartbeat: t=3.932s alive=7/8 mask=0xfe ran=0 gap=0.269s
[kernel 3.932 cpu1] i8042: line status=0x1c irqs=0 bytes=0 kbd gsi=1 rte=0x0000000000000024 aux gsi=12 rte=0x0000000000000024
[kernel 3.932 cpu1] heartbeat: cpu0 last reached one 2.428s ago
[kernel 4.184 cpu4] heartbeat: t=4.184s alive=7/8 mask=0xfe ran=0 gap=0.252s
[kernel 4.184 cpu4] i8042: line status=0x1c irqs=0 bytes=0 kbd gsi=1 rte=0x0000000000000024 aux gsi=12 rte=0x0000000000000024
[kernel 4.184 cpu4] heartbeat: cpu0 last reached one 2.680s ago
[kernel 4.441 cpu3] heartbeat: t=4.441s alive=7/8 mask=0xfe ran=0 gap=0.256s
[kernel 4.441 cpu3] i8042: line status=0x1c irqs=0 bytes=0 kbd gsi=1 rte=0x0000000000000024 aux gsi=12 rte=0x0000000000000024
[kernel 4.441 cpu3] heartbeat: cpu0 last reached one 2.937s ago
[kernel 4.695 cpu4] heartbeat: t=4.695s alive=7/8 mask=0xfe ran=0 gap=0.253s
[kernel 4.695 cpu4] i8042: line status=0x1c irqs=0 bytes=0 kbd gsi=1 rte=0x0000000000000024 aux gsi=12 rte=0x0000000000000024
[kernel 4.695 cpu4] heartbeat: cpu0 last reached one 3.191s ago
[kernel 4.946 cpu1] heartbeat: t=4.946s alive=7/8 mask=0xfe ran=0 gap=0.251s
[kernel 4.946 cpu1] i8042: line status=0x1c irqs=0 bytes=0 kbd gsi=1 rte=0x0000000000000024 aux gsi=12 rte=0x0000000000000024
[kernel 4.946 cpu1] heartbeat: cpu0 last reached one 3.442s ago
[kernel 5.205 cpu2] heartbeat: t=5.205s alive=7/8 mask=0xfe ran=0 gap=0.258s
[kernel 5.205 cpu2] i8042: line status=0x1c irqs=0 bytes=0 kbd gsi=1 rte=0x0000000000000024 aux gsi=12 rte=0x0000000000000024
[kernel 5.205 cpu2] heartbeat: cpu0 last reached one 3.700s ago
[kernel 5.456 cpu2] heartbeat: t=5.456s alive=7/8 mask=0xfe ran=0 gap=0.251s
[kernel 5.456 cpu2] i8042: line status=0x1c irqs=0 bytes=0 kbd gsi=1 rte=0x0000000000000024 aux gsi=12 rte=0x0000000000000024
[kernel 5.456 cpu2] heartbeat: cpu0 last reached one 3.952s ago
[kernel 5.706 cpu2] heartbeat: t=5.706s alive=7/8 mask=0xfe ran=0 gap=0.250s
[kernel 5.706 cpu2] i8042: line status=0x1c irqs=0 bytes=0 kbd gsi=1 rte=0x0000000000000024 aux gsi=12 rte=0x0000000000000024
[kernel 5.707 cpu2] heartbeat: cpu0 last reached one 4.202s ago
[kernel 5.971 cpu7] heartbeat: t=5.971s alive=7/8 mask=0xfe ran=0 gap=0.264s
[kernel 5.971 cpu7] i8042: line status=0x1c irqs=0 bytes=0 kbd gsi=1 rte=0x0000000000000024 aux gsi=12 rte=0x0000000000000024
[kernel 5.971 cpu7] heartbeat: cpu0 last reached one 4.467s ago
[kernel 6.250 cpu3] heartbeat: t=6.250s alive=7/8 mask=0xfe ran=0 gap=0.278s
[kernel 6.250 cpu3] i8042: line status=0x1c irqs=0 bytes=0 kbd gsi=1 rte=0x0000000000000024 aux gsi=12 rte=0x0000000000000024
[kernel 6.250 cpu3] heartbeat: cpu0 last reached one 4.746s ago
[kernel 6.510 cpu4] heartbeat: t=6.510s alive=7/8 mask=0xfe ran=0 gap=0.259s
[kernel 6.510 cpu4] i8042: line status=0x1c irqs=0 bytes=0 kbd gsi=1 rte=0x0000000000000024 aux gsi=12 rte=0x0000000000000024
[kernel 6.510 cpu4] heartbeat: cpu0 last reached one 5.006s ago
[kernel 6.778 cpu5] heartbeat: t=6.778s alive=7/8 mask=0xfe ran=0 gap=0.268s
[kernel 6.778 cpu5] i8042: line status=0x1c irqs=0 bytes=0 kbd gsi=1 rte=0x0000000000000024 aux gsi=12 rte=0x0000000000000024
[kernel 6.778 cpu5] heartbeat: cpu0 last reached one 5.274s ago
[kernel 7.050 cpu4] heartbeat: t=7.050s alive=7/8 mask=0xfe ran=0 gap=0.271s
[kernel 7.050 cpu4] i8042: line status=0x1c irqs=0 bytes=0 kbd gsi=1 rte=0x0000000000000024 aux gsi=12 rte=0x0000000000000024
[kernel 7.050 cpu4] heartbeat: cpu0 last reached one 5.546s ago
[kernel 7.303 cpu5] heartbeat: t=7.303s alive=7/8 mask=0xfe ran=0 gap=0.252s
[kernel 7.303 cpu5] i8042: line status=0x1c irqs=0 bytes=0 kbd gsi=1 rte=0x0000000000000024 aux gsi=12 rte=0x0000000000000024
[kernel 7.303 cpu5] heartbeat: cpu0 last reached one 5.799s ago
[kernel 7.554 cpu2] heartbeat: t=7.554s alive=7/8 mask=0xfe ran=0 gap=0.250s
[kernel 7.554 cpu2] i8042: line status=0x1c irqs=0 bytes=0 kbd gsi=1 rte=0x0000000000000024 aux gsi=12 rte=0x0000000000000024
[kernel 7.554 cpu2] heartbeat: cpu0 last reached one 6.050s ago
[kernel 7.817 cpu7] heartbeat: t=7.817s alive=7/8 mask=0xfe ran=0 gap=0.263s
[kernel 7.817 cpu7] i8042: line status=0x1c irqs=0 bytes=0 kbd gsi=1 rte=0x0000000000000024 aux gsi=12 rte=0x0000000000000024
[kernel 7.817 cpu7] heartbeat: cpu0 last reached one 6.313s ago
[kernel 8.070 cpu2] heartbeat: t=8.070s alive=7/8 mask=0xfe ran=0 gap=0.252s
[kernel 8.070 cpu2] i8042: line status=0x1c irqs=0 bytes=0 kbd gsi=1 rte=0x0000000000000024 aux gsi=12 rte=0x0000000000000024
[kernel 8.070 cpu2] heartbeat: cpu0 last reached one 6.565s ago
[kernel 8.322 cpu5] heartbeat: t=8.322s alive=7/8 mask=0xfe ran=0 gap=0.252s
[kernel 8.322 cpu5] i8042: line status=0x1c irqs=0 bytes=0 kbd gsi=1 rte=0x0000000000000024 aux gsi=12 rte=0x0000000000000024
[kernel 8.322 cpu5] heartbeat: cpu0 last reached one 6.818s ago
[kernel 8.580 cpu2] heartbeat: t=8.580s alive=7/8 mask=0xfe ran=0 gap=0.258s
[kernel 8.580 cpu2] i8042: line status=0x1c irqs=0 bytes=0 kbd gsi=1 rte=0x0000000000000024 aux gsi=12 rte=0x0000000000000024
[kernel 8.581 cpu2] heartbeat: cpu0 last reached one 7.076s ago
[kernel 8.831 cpu5] heartbeat: t=8.831s alive=7/8 mask=0xfe ran=0 gap=0.250s
[kernel 8.831 cpu5] i8042: line status=0x1c irqs=0 bytes=0 kbd gsi=1 rte=0x0000000000000024 aux gsi=12 rte=0x0000000000000024
[kernel 8.831 cpu5] heartbeat: cpu0 last reached one 7.327s ago
[kernel 9.081 cpu4] heartbeat: t=9.081s alive=7/8 mask=0xfe ran=0 gap=0.250s
[kernel 9.081 cpu4] i8042: line status=0x1c irqs=0 bytes=0 kbd gsi=1 rte=0x0000000000000024 aux gsi=12 rte=0x0000000000000024
[kernel 9.082 cpu4] heartbeat: cpu0 last reached one 7.577s ago
[kernel 9.333 cpu4] heartbeat: t=9.333s alive=7/8 mask=0xfe ran=0 gap=0.251s
[kernel 9.333 cpu4] i8042: line status=0x1c irqs=0 bytes=0 kbd gsi=1 rte=0x0000000000000024 aux gsi=12 rte=0x0000000000000024
[kernel 9.333 cpu4] heartbeat: cpu0 last reached one 7.829s ago
[kernel 9.583 cpu4] heartbeat: t=9.583s alive=7/8 mask=0xfe ran=0 gap=0.250s
[kernel 9.583 cpu4] i8042: line status=0x1c irqs=0 bytes=0 kbd gsi=1 rte=0x0000000000000024 aux gsi=12 rte=0x0000000000000024
[kernel 9.583 cpu4] heartbeat: cpu0 last reached one 8.079s ago
[kernel 9.841 cpu7] heartbeat: t=9.841s alive=7/8 mask=0xfe ran=0 gap=0.258s
[kernel 9.841 cpu7] i8042: line status=0x1c irqs=0 bytes=0 kbd gsi=1 rte=0x0000000000000024 aux gsi=12 rte=0x0000000000000024
[kernel 9.842 cpu7] heartbeat: cpu0 last reached one 8.337s ago
[kernel 10.095 cpu1] heartbeat: t=10.095s alive=7/8 mask=0xfe ran=0 gap=0.253s
[kernel 10.095 cpu1] i8042: line status=0x1c irqs=0 bytes=0 kbd gsi=1 rte=0x0000000000000024 aux gsi=12 rte=0x0000000000000024
[kernel 10.095 cpu1] heartbeat: cpu0 last reached one 8.591s ago
[kernel 10.382 cpu3] heartbeat: t=10.382s alive=7/8 mask=0xfe ran=0 gap=0.286s
[kernel 10.382 cpu3] i8042: line status=0x1c irqs=0 bytes=0 kbd gsi=1 rte=0x0000000000000024 aux gsi=12 rte=0x0000000000000024
[kernel 10.382 cpu3] heartbeat: cpu0 last reached one 8.878s ago
[kernel 10.637 cpu1] heartbeat: t=10.637s alive=7/8 mask=0xfe ran=0 gap=0.254s
[kernel 10.637 cpu1] i8042: line status=0x1c irqs=0 bytes=0 kbd gsi=1 rte=0x0000000000000024 aux gsi=12 rte=0x0000000000000024
[kernel 10.637 cpu1] heartbeat: cpu0 last reached one 9.133s ago
[kernel 10.887 cpu6] heartbeat: t=10.887s alive=7/8 mask=0xfe ran=0 gap=0.250s
[kernel 10.887 cpu6] i8042: line status=0x1c irqs=0 bytes=0 kbd gsi=1 rte=0x0000000000000024 aux gsi=12 rte=0x0000000000000024
[kernel 10.887 cpu6] heartbeat: cpu0 last reached one 9.383s ago
[kernel 11.174 cpu1] heartbeat: t=11.174s alive=7/8 mask=0xfe ran=0 gap=0.286s
[kernel 11.174 cpu1] i8042: line status=0x1c irqs=0 bytes=0 kbd gsi=1 rte=0x0000000000000024 aux gsi=12 rte=0x0000000000000024
[kernel 11.174 cpu1] heartbeat: cpu0 last reached one 9.670s ago
[kernel 11.285 cpu2] sched: cpu=2 ready=0 parked=0 current=None
[kernel 11.285 cpu2] PMM: 114/15962MB used (7924 pages free)
[kernel 11.285 cpu2]   kernel-heap  alloc=     6 free=     0 held=     6 (12MB) rate=0/s
[kernel 11.285 cpu2]   demand-page  alloc=     5 free=     1 held=     4 (8MB) rate=0/s
[kernel 11.285 cpu2]   mmap         alloc=    19 free=     1 held=    18 (36MB) rate=0/s
[kernel 11.285 cpu2]   shared-mem   alloc=     3 free=     0 held=     3 (6MB) rate=0/s
[kernel 11.285 cpu2]   elf          alloc=     4 free=     1 held=     3 (6MB) rate=0/s
[kernel 11.285 cpu2]   dma          alloc=     6 free=     0 held=     6 (12MB) rate=0/s
[kernel 11.285 cpu2]   framebuffer  alloc=     1 free=     0 held=     1 (2MB) rate=0/s
[kernel 11.285 cpu2]   stack        alloc=    16 free=     4 held=    12 (24MB) rate=0/s
[kernel 11.285 cpu2]   init-tls     alloc=     5 free=     1 held=     4 (8MB) rate=0/s
[kernel 11.287 cpu7] sched: cpu=7 ready=0 parked=0 current=None
[kernel 11.290 cpu5] sched: cpu=5 ready=0 parked=0 current=None
[kernel 11.305 cpu1] sched: cpu=1 ready=0 parked=1 current=None
[kernel 11.312 cpu3] sched: cpu=3 ready=0 parked=1 current=None
[kernel 11.320 cpu4] sched: cpu=4 ready=0 parked=1 current=None
[kernel 11.331 cpu6] sched: cpu=6 ready=0 parked=0 current=None
[kernel 11.427 cpu4] heartbeat: t=11.427s alive=7/8 mask=0xfe ran=0 gap=0.253s
[kernel 11.427 cpu4] i8042: line status=0x1c irqs=0 bytes=0 kbd gsi=1 rte=0x0000000000000024 aux gsi=12 rte=0x0000000000000024
[kernel 11.427 cpu4] heartbeat: cpu0 last reached one 9.923s ago
[kernel 11.703 cpu5] heartbeat: t=11.703s alive=7/8 mask=0xfe ran=0 gap=0.275s
[kernel 11.703 cpu5] i8042: line status=0x1c irqs=0 bytes=0 kbd gsi=1 rte=0x0000000000000024 aux gsi=12 rte=0x0000000000000024
[kernel 11.703 cpu5] heartbeat: cpu0 last reached one 10.199s ago
[kernel 11.961 cpu5] heartbeat: t=11.961s alive=7/8 mask=0xfe ran=0 gap=0.257s
[kernel 11.961 cpu5] i8042: line status=0x1c irqs=0 bytes=0 kbd gsi=1 rte=0x0000000000000024 aux gsi=12 rte=0x0000000000000024
[kernel 11.961 cpu5] heartbeat: cpu0 last reached one 10.456s ago
[kernel 12.214 cpu1] heartbeat: t=12.214s alive=7/8 mask=0xfe ran=0 gap=0.253s
[kernel 12.214 cpu1] i8042: line status=0x1c irqs=0 bytes=0 kbd gsi=1 rte=0x0000000000000024 aux gsi=12 rte=0x0000000000000024
[kernel 12.214 cpu1] heartbeat: cpu0 last reached one 10.709s ago
[kernel 12.501 cpu5] heartbeat: t=12.501s alive=7/8 mask=0xfe ran=0 gap=0.287s
[kernel 12.501 cpu5] i8042: line status=0x1c irqs=0 bytes=0 kbd gsi=1 rte=0x0000000000000024 aux gsi=12 rte=0x0000000000000024
[kernel 12.501 cpu5] heartbeat: cpu0 last reached one 10.997s ago
[kernel 12.761 cpu4] heartbeat: t=12.761s alive=7/8 mask=0xfe ran=0 gap=0.259s
[kernel 12.761 cpu4] i8042: line status=0x1c irqs=0 bytes=0 kbd gsi=1 rte=0x0000000000000024 aux gsi=12 rte=0x0000000000000024
[kernel 12.761 cpu4] heartbeat: cpu0 last reached one 11.256s ago
[kernel 13.034 cpu4] heartbeat: t=13.034s alive=7/8 mask=0xfe ran=0 gap=0.273s
[kernel 13.034 cpu4] i8042: line status=0x1c irqs=0 bytes=0 kbd gsi=1 rte=0x0000000000000024 aux gsi=12 rte=0x0000000000000024
[kernel 13.034 cpu4] heartbeat: cpu0 last reached one 11.529s ago
[kernel 13.292 cpu6] heartbeat: t=13.292s alive=7/8 mask=0xfe ran=0 gap=0.258s
[kernel 13.292 cpu6] i8042: line status=0x1c irqs=0 bytes=0 kbd gsi=1 rte=0x0000000000000024 aux gsi=12 rte=0x0000000000000024
[kernel 13.292 cpu6] heartbeat: cpu0 last reached one 11.788s ago
[kernel 13.547 cpu5] heartbeat: t=13.547s alive=7/8 mask=0xfe ran=0 gap=0.254s
[kernel 13.547 cpu5] i8042: line status=0x1c irqs=0 bytes=0 kbd gsi=1 rte=0x0000000000000024 aux gsi=12 rte=0x0000000000000024
[kernel 13.547 cpu5] heartbeat: cpu0 last reached one 12.042s ago
[kernel 13.803 cpu2] heartbeat: t=13.803s alive=7/8 mask=0xfe ran=0 gap=0.256s
[kernel 13.803 cpu2] i8042: line status=0x1c irqs=0 bytes=0 kbd gsi=1 rte=0x0000000000000024 aux gsi=12 rte=0x0000000000000024
[kernel 13.803 cpu2] heartbeat: cpu0 last reached one 12.299s ago
[kernel 13.908 cpu1] i8042: the pin asserts — 2 interrupts, 2 bytes, 1 keys, 0 motion, first seen at 13906ms
[kernel 14.061 cpu3] heartbeat: t=14.061s alive=7/8 mask=0xfe ran=0 gap=0.257s
[kernel 14.061 cpu3] i8042: line status=0x1c irqs=2 bytes=2 kbd gsi=1 rte=0x0000000000000024 aux gsi=12 rte=0x0000000000000024
[kernel 14.061 cpu3] heartbeat: cpu0 last reached one 12.557s ago
[kernel 14.329 cpu1] heartbeat: t=14.329s alive=7/8 mask=0xfe ran=0 gap=0.268s
[kernel 14.329 cpu1] i8042: line status=0x1c irqs=8 bytes=6 kbd gsi=1 rte=0x0000000000000024 aux gsi=12 rte=0x0000000000000024
[kernel 14.329 cpu1] heartbeat: cpu0 last reached one 12.825s ago
[kernel 14.591 cpu3] heartbeat: t=14.591s alive=7/8 mask=0xfe ran=0 gap=0.261s
[kernel 14.591 cpu3] i8042: line status=0x1c irqs=18 bytes=14 kbd gsi=1 rte=0x0000000000000024 aux gsi=12 rte=0x0000000000000024
[kernel 14.591 cpu3] heartbeat: cpu0 last reached one 13.086s ago
[kernel 14.845 cpu1] heartbeat: t=14.845s alive=7/8 mask=0xfe ran=0 gap=0.254s
[kernel 14.845 cpu1] i8042: line status=0x1c irqs=24 bytes=24 kbd gsi=1 rte=0x0000000000000024 aux gsi=12 rte=0x0000000000000024
[kernel 14.845 cpu1] heartbeat: cpu0 last reached one 13.341s ago
[kernel 15.101 cpu3] heartbeat: t=15.101s alive=7/8 mask=0xfe ran=0 gap=0.256s
[kernel 15.101 cpu3] i8042: line status=0x1c irqs=32 bytes=32 kbd gsi=1 rte=0x0000000000000024 aux gsi=12 rte=0x0000000000000024
[kernel 15.101 cpu3] heartbeat: cpu0 last reached one 13.597s ago
[kernel 15.359 cpu2] heartbeat: t=15.359s alive=7/8 mask=0xfe ran=0 gap=0.257s
[kernel 15.359 cpu2] i8042: line status=0x1c irqs=32 bytes=32 kbd gsi=1 rte=0x0000000000000024 aux gsi=12 rte=0x0000000000000024
[kernel 15.359 cpu2] heartbeat: cpu0 last reached one 13.855s ago
[kernel 15.618 cpu2] heartbeat: t=15.618s alive=7/8 mask=0xfe ran=0 gap=0.259s
[kernel 15.618 cpu2] i8042: line status=0x1c irqs=32 bytes=32 kbd gsi=1 rte=0x0000000000000024 aux gsi=12 rte=0x0000000000000024
[kernel 15.618 cpu2] heartbeat: cpu0 last reached one 14.114s ago
[kernel 15.872 cpu5] heartbeat: t=15.872s alive=7/8 mask=0xfe ran=0 gap=0.253s
[kernel 15.872 cpu5] i8042: line status=0x1c irqs=32 bytes=32 kbd gsi=1 rte=0x0000000000000024 aux gsi=12 rte=0x0000000000000024
[kernel 15.872 cpu5] heartbeat: cpu0 last reached one 14.367s ago
[kernel 16.122 cpu5] heartbeat: t=16.122s alive=7/8 mask=0xfe ran=0 gap=0.250s
[kernel 16.122 cpu5] i8042: line status=0x1c irqs=32 bytes=32 kbd gsi=1 rte=0x0000000000000024 aux gsi=12 rte=0x0000000000000024
[kernel 16.122 cpu5] heartbeat: cpu0 last reached one 14.618s ago
[kernel 16.406 cpu3] heartbeat: t=16.406s alive=7/8 mask=0xfe ran=0 gap=0.283s
[kernel 16.406 cpu3] i8042: line status=0x1c irqs=32 bytes=32 kbd gsi=1 rte=0x0000000000000024 aux gsi=12 rte=0x0000000000000024
[kernel 16.406 cpu3] heartbeat: cpu0 last reached one 14.902s ago
[kernel 16.661 cpu7] heartbeat: t=16.661s alive=7/8 mask=0xfe ran=0 gap=0.254s
[kernel 16.661 cpu7] i8042: line status=0x1c irqs=32 bytes=32 kbd gsi=1 rte=0x0000000000000024 aux gsi=12 rte=0x0000000000000024
[kernel 16.661 cpu7] heartbeat: cpu0 last reached one 15.157s ago
[kernel 16.945 cpu6] heartbeat: t=16.945s alive=7/8 mask=0xfe ran=0 gap=0.283s
[kernel 16.945 cpu6] i8042: line status=0x1c irqs=32 bytes=32 kbd gsi=1 rte=0x0000000000000024 aux gsi=12 rte=0x0000000000000024
[kernel 16.945 cpu6] heartbeat: cpu0 last reached one 15.441s ago
[kernel 17.252 cpu3] heartbeat: t=17.252s alive=7/8 mask=0xfe ran=0 gap=0.306s
[kernel 17.252 cpu3] i8042: line status=0x1c irqs=32 bytes=32 kbd gsi=1 rte=0x0000000000000024 aux gsi=12 rte=0x0000000000000024
[kernel 17.252 cpu3] heartbeat: cpu0 last reached one 15.747s ago
[kernel 17.562 cpu2] heartbeat: t=17.562s alive=7/8 mask=0xfe ran=0 gap=0.310s
[kernel 17.562 cpu2] i8042: line status=0x1c irqs=32 bytes=32 kbd gsi=1 rte=0x0000000000000024 aux gsi=12 rte=0x0000000000000024
[kernel 17.562 cpu2] heartbeat: cpu0 last reached one 16.058s ago
[kernel 17.864 cpu4] heartbeat: t=17.864s alive=7/8 mask=0xfe ran=0 gap=0.301s
[kernel 17.864 cpu4] i8042: line status=0x1c irqs=32 bytes=32 kbd gsi=1 rte=0x0000000000000024 aux gsi=12 rte=0x0000000000000024
[kernel 17.864 cpu4] heartbeat: cpu0 last reached one 16.360s ago
[kernel 18.164 cpu1] heartbeat: t=18.164s alive=7/8 mask=0xfe ran=0 gap=0.300s
[kernel 18.164 cpu1] i8042: line status=0x1c irqs=32 bytes=32 kbd gsi=1 rte=0x0000000000000024 aux gsi=12 rte=0x0000000000000024
[kernel 18.165 cpu1] heartbeat: cpu0 last reached one 16.660s ago
[kernel 18.470 cpu5] heartbeat: t=18.470s alive=7/8 mask=0xfe ran=0 gap=0.305s
[kernel 18.470 cpu5] i8042: line status=0x1c irqs=32 bytes=32 kbd gsi=1 rte=0x0000000000000024 aux gsi=12 rte=0x0000000000000024
[kernel 18.470 cpu5] heartbeat: cpu0 last reached one 16.965s ago
[kernel 18.778 cpu3] heartbeat: t=18.778s alive=7/8 mask=0xfe ran=0 gap=0.308s
[kernel 18.778 cpu3] i8042: line status=0x1c irqs=32 bytes=32 kbd gsi=1 rte=0x0000000000000024 aux gsi=12 rte=0x0000000000000024
[kernel 18.778 cpu3] heartbeat: cpu0 last reached one 17.274s ago
[kernel 19.083 cpu4] heartbeat: t=19.083s alive=7/8 mask=0xfe ran=0 gap=0.305s
[kernel 19.083 cpu4] i8042: line status=0x1c irqs=32 bytes=32 kbd gsi=1 rte=0x0000000000000024 aux gsi=12 rte=0x0000000000000024
[kernel 19.083 cpu4] heartbeat: cpu0 last reached one 17.579s ago
[kernel 19.384 cpu5] heartbeat: t=19.384s alive=7/8 mask=0xfe ran=0 gap=0.300s
[kernel 19.384 cpu5] i8042: line status=0x1c irqs=32 bytes=32 kbd gsi=1 rte=0x0000000000000024 aux gsi=12 rte=0x0000000000000024
[kernel 19.384 cpu5] heartbeat: cpu0 last reached one 17.880s ago
[kernel 19.685 cpu6] heartbeat: t=19.685s alive=7/8 mask=0xfe ran=0 gap=0.301s
[kernel 19.685 cpu6] i8042: line status=0x1c irqs=32 bytes=32 kbd gsi=1 rte=0x0000000000000024 aux gsi=12 rte=0x0000000000000024
[kernel 19.686 cpu6] heartbeat: cpu0 last reached one 18.181s ago
[kernel 19.943 cpu6] heartbeat: t=19.943s alive=7/8 mask=0xfe ran=0 gap=0.257s
[kernel 19.943 cpu6] i8042: line status=0x1c irqs=32 bytes=32 kbd gsi=1 rte=0x0000000000000024 aux gsi=12 rte=0x0000000000000024
[kernel 19.943 cpu6] heartbeat: cpu0 last reached one 18.439s ago
[kernel 20.195 cpu6] heartbeat: t=20.195s alive=7/8 mask=0xfe ran=0 gap=0.251s
[kernel 20.195 cpu6] i8042: line status=0x1c irqs=32 bytes=32 kbd gsi=1 rte=0x0000000000000024 aux gsi=12 rte=0x0000000000000024
[kernel 20.195 cpu6] heartbeat: cpu0 last reached one 18.691s ago
[kernel 20.445 cpu6] heartbeat: t=20.445s alive=7/8 mask=0xfe ran=0 gap=0.250s
[kernel 20.445 cpu6] i8042: line status=0x1c irqs=32 bytes=32 kbd gsi=1 rte=0x0000000000000024 aux gsi=12 rte=0x0000000000000024
[kernel 20.445 cpu6] heartbeat: cpu0 last reached one 18.941s ago
[kernel 20.698 cpu2] heartbeat: t=20.698s alive=7/8 mask=0xfe ran=0 gap=0.252s
[kernel 20.698 cpu2] i8042: line status=0x1c irqs=32 bytes=32 kbd gsi=1 rte=0x0000000000000024 aux gsi=12 rte=0x0000000000000024
[kernel 20.698 cpu2] heartbeat: cpu0 last reached one 19.193s ago
[kernel 20.989 cpu5] heartbeat: t=20.989s alive=7/8 mask=0xfe ran=0 gap=0.291s
[kernel 20.989 cpu5] i8042: line status=0x1c irqs=32 bytes=32 kbd gsi=1 rte=0x0000000000000024 aux gsi=12 rte=0x0000000000000024
[kernel 20.989 cpu5] heartbeat: cpu0 last reached one 19.485s ago
[kernel 21.289 cpu3] PMM: 114/15962MB used (7924 pages free)
[kernel 21.289 cpu3]   kernel-heap  alloc=     6 free=     0 held=     6 (12MB) rate=0/s
[kernel 21.289 cpu3]   demand-page  alloc=     5 free=     1 held=     4 (8MB) rate=0/s
[kernel 21.289 cpu3]   mmap         alloc=    19 free=     1 held=    18 (36MB) rate=0/s
[kernel 21.289 cpu3]   shared-mem   alloc=     3 free=     0 held=     3 (6MB) rate=0/s
[kernel 21.289 cpu3]   elf          alloc=     4 free=     1 held=     3 (6MB) rate=0/s
[kernel 21.289 cpu3]   dma          alloc=     6 free=     0 held=     6 (12MB) rate=0/s
[kernel 21.289 cpu3]   framebuffer  alloc=     1 free=     0 held=     1 (2MB) rate=0/s
[kernel 21.289 cpu3]   stack        alloc=    16 free=     4 held=    12 (24MB) rate=0/s
[kernel 21.289 cpu3]   init-tls     alloc=     5 free=     1 held=     4 (8MB) rate=0/s
[kernel 21.289 cpu3] heartbeat: t=21.289s alive=7/8 mask=0xfe ran=0 gap=0.300s
[kernel 21.289 cpu3] i8042: line status=0x1c irqs=32 bytes=32 kbd gsi=1 rte=0x0000000000000024 aux gsi=12 rte=0x0000000000000024
[kernel 21.289 cpu3] heartbeat: cpu0 last reached one 19.785s ago
[kernel 21.293 cpu7] sched: cpu=7 ready=0 parked=0 current=None
[kernel 21.331 cpu5] sched: cpu=5 ready=0 parked=0 current=None
[kernel 21.333 cpu2] sched: cpu=2 ready=0 parked=0 current=None
[kernel 21.391 cpu1] sched: cpu=1 ready=0 parked=1 current=None
[kernel 21.392 cpu4] sched: cpu=4 ready=0 parked=1 current=None
[kernel 21.393 cpu6] sched: cpu=6 ready=0 parked=0 current=None
[kernel 21.416 cpu3] sched: cpu=3 ready=0 parked=1 current=None
[kernel 21.542 cpu7] heartbeat: t=21.542s alive=7/8 mask=0xfe ran=0 gap=0.252s
[kernel 21.542 cpu7] i8042: line status=0x1c irqs=32 bytes=32 kbd gsi=1 rte=0x0000000000000024 aux gsi=12 rte=0x0000000000000024
[kernel 21.542 cpu7] heartbeat: cpu0 last reached one 20.038s ago
[kernel 21.807 cpu6] heartbeat: t=21.807s alive=7/8 mask=0xfe ran=0 gap=0.265s
[kernel 21.807 cpu6] i8042: line status=0x1c irqs=32 bytes=32 kbd gsi=1 rte=0x0000000000000024 aux gsi=12 rte=0x0000000000000024
[kernel 21.807 cpu6] heartbeat: cpu0 last reached one 20.303s ago
[kernel 22.058 cpu2] heartbeat: t=22.058s alive=7/8 mask=0xfe ran=0 gap=0.250s
[kernel 22.058 cpu2] i8042: line status=0x1c irqs=32 bytes=32 kbd gsi=1 rte=0x0000000000000024 aux gsi=12 rte=0x0000000000000024
[kernel 22.058 cpu2] heartbeat: cpu0 last reached one 20.553s ago
[kernel 22.316 cpu6] heartbeat: t=22.316s alive=7/8 mask=0xfe ran=0 gap=0.258s
[kernel 22.316 cpu6] i8042: line status=0x1c irqs=32 bytes=32 kbd gsi=1 rte=0x0000000000000024 aux gsi=12 rte=0x0000000000000024
[kernel 22.316 cpu6] heartbeat: cpu0 last reached one 20.812s ago
[kernel 22.575 cpu6] heartbeat: t=22.575s alive=7/8 mask=0xfe ran=0 gap=0.258s
[kernel 22.575 cpu6] i8042: line status=0x1c irqs=32 bytes=32 kbd gsi=1 rte=0x0000000000000024 aux gsi=12 rte=0x0000000000000024
[kernel 22.575 cpu6] heartbeat: cpu0 last reached one 21.070s ago
[kernel 22.826 cpu6] heartbeat: t=22.826s alive=7/8 mask=0xfe ran=0 gap=0.251s
[kernel 22.826 cpu6] i8042: line status=0x1c irqs=32 bytes=32 kbd gsi=1 rte=0x0000000000000024 aux gsi=12 rte=0x0000000000000024
[kernel 22.826 cpu6] heartbeat: cpu0 last reached one 21.322s ago
[kernel 23.077 cpu6] heartbeat: t=23.077s alive=7/8 mask=0xfe ran=0 gap=0.250s
[kernel 23.077 cpu6] i8042: line status=0x1c irqs=32 bytes=32 kbd gsi=1 rte=0x0000000000000024 aux gsi=12 rte=0x0000000000000024
[kernel 23.077 cpu6] heartbeat: cpu0 last reached one 21.572s ago
[kernel 23.333 cpu4] heartbeat: t=23.333s alive=7/8 mask=0xfe ran=0 gap=0.256s
[kernel 23.333 cpu4] i8042: line status=0x1c irqs=32 bytes=32 kbd gsi=1 rte=0x0000000000000024 aux gsi=12 rte=0x0000000000000024
[kernel 23.333 cpu4] heartbeat: cpu0 last reached one 21.829s ago
[kernel 23.607 cpu1] heartbeat: t=23.607s alive=7/8 mask=0xfe ran=0 gap=0.273s
[kernel 23.607 cpu1] i8042: line status=0x1c irqs=32 bytes=32 kbd gsi=1 rte=0x0000000000000024 aux gsi=12 rte=0x0000000000000024
[kernel 23.607 cpu1] heartbeat: cpu0 last reached one 22.103s ago
[kernel 23.863 cpu2] heartbeat: t=23.863s alive=7/8 mask=0xfe ran=0 gap=0.255s
[kernel 23.863 cpu2] i8042: line status=0x1c irqs=32 bytes=32 kbd gsi=1 rte=0x0000000000000024 aux gsi=12 rte=0x0000000000000024
[kernel 23.863 cpu2] heartbeat: cpu0 last reached one 22.358s ago
[kernel 23.924 cpu6] i8042: 32 interrupts, 32 bytes, 16 keys, 0 motion, 0 undecoded, 0 discarded, 0 overruns, 0 dropped, 0 lost edges — last byte at 15011ms
[kernel 24.142 cpu5] heartbeat: t=24.142s alive=7/8 mask=0xfe ran=0 gap=0.279s
[kernel 24.142 cpu5] i8042: line status=0x1c irqs=32 bytes=32 kbd gsi=1 rte=0x0000000000000024 aux gsi=12 rte=0x0000000000000024
[kernel 24.142 cpu5] heartbeat: cpu0 last reached one 22.638s ago
[kernel 24.403 cpu2] heartbeat: t=24.403s alive=7/8 mask=0xfe ran=0 gap=0.260s
[kernel 24.403 cpu2] i8042: line status=0x1c irqs=32 bytes=32 kbd gsi=1 rte=0x0000000000000024 aux gsi=12 rte=0x0000000000000024
[kernel 24.403 cpu2] heartbeat: cpu0 last reached one 22.899s ago
[kernel 24.656 cpu7] heartbeat: t=24.656s alive=7/8 mask=0xfe ran=0 gap=0.253s
[kernel 24.656 cpu7] i8042: line status=0x1c irqs=32 bytes=32 kbd gsi=1 rte=0x0000000000000024 aux gsi=12 rte=0x0000000000000024
[kernel 24.656 cpu7] heartbeat: cpu0 last reached one 23.152s ago
[kernel 24.924 cpu2] heartbeat: t=24.924s alive=7/8 mask=0xfe ran=0 gap=0.267s
[kernel 24.924 cpu2] i8042: line status=0x1c irqs=32 bytes=32 kbd gsi=1 rte=0x0000000000000024 aux gsi=12 rte=0x0000000000000024
[kernel 24.924 cpu2] heartbeat: cpu0 last reached one 23.420s ago
[kernel 25.176 cpu7] heartbeat: t=25.176s alive=7/8 mask=0xfe ran=0 gap=0.251s
[kernel 25.176 cpu7] i8042: line status=0x1c irqs=34 bytes=34 kbd gsi=1 rte=0x0000000000000024 aux gsi=12 rte=0x0000000000000024
[kernel 25.176 cpu7] heartbeat: cpu0 last reached one 23.672s ago
[kernel 25.268 cpu4] === blocked-task dump: 8 cpu(s), and this report takes the screen ===
[kernel 25.268 cpu4]   cpu4 running nothing
[kernel 25.268 cpu4]   cpu4 pid=3 tid=0 ipc parked 23731ms no deadline
[kernel 25.268 cpu2]   cpu2 running nothing
[kernel 25.268 cpu3]   cpu3 running nothing
[kernel 25.268 cpu7]   cpu7 running nothing
[kernel 25.268 cpu6]   cpu6 running nothing
[kernel 25.268 cpu5]   cpu5 running nothing
[kernel 25.268 cpu3]   cpu3 pid=1 tid=1 io parked 24002ms no deadline
[kernel 25.279 cpu1]   cpu1 running nothing
[kernel 25.279 cpu1]   cpu1 pid=1 tid=0 io parked 24013ms no deadline rt
[kernel 25.479 cpu3] heartbeat: t=25.479s alive=7/8 mask=0xfe ran=0 gap=0.303s
[kernel 25.479 cpu3] i8042: line status=0x1c irqs=38 bytes=38 kbd gsi=1 rte=0x0000000000000024 aux gsi=12 rte=0x0000000000000024
[kernel 25.479 cpu3] heartbeat: cpu0 last reached one 23.975s ago
[kernel 25.518 cpu4]   cpu0 !! no answer: it did not reach a scheduler pass
[kernel 25.518 cpu4]   cpu0 NMI answered, it is here:
[kernel 25.518 cpu4]     0xffff80005be35d0d  kernel::arch::idt::timer::timer_entry+0x195
[kernel 25.518 cpu4]   ready: pid=0 tid=0 compositor cpu=232ms
[kernel 25.518 cpu4] == census: 4 thread(s) — 0 running, 1 ready, 3 blocked, 0 zombie, 0 unscheduled
[kernel 25.518 cpu4] == sched: 7/8 cpu(s) answered — 0 running, 0 queued, 3 parked
[kernel 25.518 cpu4] == deadlines: 3 event-only, 0 pending, 0 OVERDUE, 0 ABSURD
[kernel 25.518 cpu4] == VERDICT: 0 overdue, 0 absurd, 1 unheld, 0 never ran (of the cpus that answered)
[kernel 25.518 cpu4] === end of dump ===
[kernel 25.742 cpu3] heartbeat: t=25.742s alive=7/8 mask=0xfe ran=0 gap=0.263s
[kernel 25.742 cpu3] i8042: line status=0x1c irqs=38 bytes=38 kbd gsi=1 rte=0x0000000000000024 aux gsi=12 rte=0x0000000000000024
[kernel 25.742 cpu3] heartbeat: cpu0 last reached one 24.238s ago
[kernel 25.994 cpu7] heartbeat: t=25.994s alive=7/8 mask=0xfe ran=0 gap=0.251s
[kernel 25.994 cpu7] i8042: line status=0x1c irqs=38 bytes=38 kbd gsi=1 rte=0x0000000000000024 aux gsi=12 rte=0x0000000000000024
[kernel 25.994 cpu7] heartbeat: cpu0 last reached one 24.490s ago
[kernel 26.270 cpu4] heartbeat: t=26.270s alive=7/8 mask=0xfe ran=0 gap=0.275s
[kernel 26.270 cpu4] i8042: line status=0x1c irqs=38 bytes=38 kbd gsi=1 rte=0x0000000000000024 aux gsi=12 rte=0x0000000000000024
[kernel 26.270 cpu4] heartbeat: cpu0 last reached one 24.765s ago
[kernel 26.538 cpu7] heartbeat: t=26.538s alive=7/8 mask=0xfe ran=0 gap=0.268s
[kernel 26.538 cpu7] i8042: line status=0x1c irqs=38 bytes=38 kbd gsi=1 rte=0x0000000000000024 aux gsi=12 rte=0x0000000000000024
[kernel 26.538 cpu7] heartbeat: cpu0 last reached one 25.034s ago
[kernel 26.790 cpu3] heartbeat: t=26.790s alive=7/8 mask=0xfe ran=0 gap=0.251s
[kernel 26.790 cpu3] i8042: line status=0x1c irqs=38 bytes=38 kbd gsi=1 rte=0x0000000000000024 aux gsi=12 rte=0x0000000000000024
[kernel 26.790 cpu3] heartbeat: cpu0 last reached one 25.285s ago
[kernel 27.065 cpu6] heartbeat: t=27.065s alive=7/8 mask=0xfe ran=0 gap=0.275s
[kernel 27.065 cpu6] i8042: line status=0x1c irqs=38 bytes=38 kbd gsi=1 rte=0x0000000000000024 aux gsi=12 rte=0x0000000000000024
[kernel 27.065 cpu6] heartbeat: cpu0 last reached one 25.561s ago
[kernel 27.380 cpu2] heartbeat: t=27.380s alive=7/8 mask=0xfe ran=0 gap=0.314s
[kernel 27.380 cpu2] i8042: line status=0x1c irqs=38 bytes=38 kbd gsi=1 rte=0x0000000000000024 aux gsi=12 rte=0x0000000000000024
[kernel 27.380 cpu2] heartbeat: cpu0 last reached one 25.876s ago
[kernel 27.694 cpu1] heartbeat: t=27.694s alive=7/8 mask=0xfe ran=0 gap=0.314s
[kernel 27.694 cpu1] i8042: line status=0x1c irqs=38 bytes=38 kbd gsi=1 rte=0x0000000000000024 aux gsi=12 rte=0x0000000000000024
[kernel 27.695 cpu1] heartbeat: cpu0 last reached one 26.190s ago
[kernel 28.021 cpu7] heartbeat: t=28.021s alive=7/8 mask=0xfe ran=0 gap=0.326s
[kernel 28.021 cpu7] i8042: line status=0x1c irqs=38 bytes=38 kbd gsi=1 rte=0x0000000000000024 aux gsi=12 rte=0x0000000000000024
[kernel 28.021 cpu7] heartbeat: cpu0 last reached one 26.516s ago
[kernel 28.321 cpu2] heartbeat: t=28.321s alive=7/8 mask=0xfe ran=0 gap=0.300s
[kernel 28.321 cpu2] i8042: line status=0x1c irqs=38 bytes=38 kbd gsi=1 rte=0x0000000000000024 aux gsi=12 rte=0x0000000000000024
[kernel 28.321 cpu2] heartbeat: cpu0 last reached one 26.817s ago
[kernel 28.621 cpu6] heartbeat: t=28.621s alive=7/8 mask=0xfe ran=0 gap=0.300s
[kernel 28.621 cpu6] i8042: line status=0x1c irqs=38 bytes=38 kbd gsi=1 rte=0x0000000000000024 aux gsi=12 rte=0x0000000000000024
[kernel 28.621 cpu6] heartbeat: cpu0 last reached one 27.117s ago
[kernel 28.932 cpu5] heartbeat: t=28.932s alive=7/8 mask=0xfe ran=0 gap=0.310s
[kernel 28.932 cpu5] i8042: line status=0x1c irqs=38 bytes=38 kbd gsi=1 rte=0x0000000000000024 aux gsi=12 rte=0x0000000000000024
[kernel 28.932 cpu5] heartbeat: cpu0 last reached one 27.427s ago
[kernel 29.237 cpu5] heartbeat: t=29.237s alive=7/8 mask=0xfe ran=0 gap=0.304s
[kernel 29.237 cpu5] i8042: line status=0x1c irqs=38 bytes=38 kbd gsi=1 rte=0x0000000000000024 aux gsi=12 rte=0x0000000000000024
[kernel 29.237 cpu5] heartbeat: cpu0 last reached one 27.732s ago
[kernel 29.496 cpu5] heartbeat: t=29.496s alive=7/8 mask=0xfe ran=0 gap=0.258s
[kernel 29.496 cpu5] i8042: line status=0x1c irqs=38 bytes=38 kbd gsi=1 rte=0x0000000000000024 aux gsi=12 rte=0x0000000000000024
[kernel 29.496 cpu5] heartbeat: cpu0 last reached one 27.991s ago
[kernel 29.747 cpu5] heartbeat: t=29.747s alive=7/8 mask=0xfe ran=0 gap=0.251s
[kernel 29.747 cpu5] i8042: line status=0x1c irqs=38 bytes=38 kbd gsi=1 rte=0x0000000000000024 aux gsi=12 rte=0x0000000000000024
[kernel 29.747 cpu5] heartbeat: cpu0 last reached one 28.243s ago
[kernel 29.998 cpu5] heartbeat: t=29.998s alive=7/8 mask=0xfe ran=0 gap=0.250s
[kernel 29.998 cpu5] i8042: line status=0x1c irqs=38 bytes=38 kbd gsi=1 rte=0x0000000000000024 aux gsi=12 rte=0x0000000000000024
[kernel 29.998 cpu5] heartbeat: cpu0 last reached one 28.493s ago
[kernel 30.251 cpu4] heartbeat: t=30.251s alive=7/8 mask=0xfe ran=0 gap=0.253s
[kernel 30.251 cpu4] i8042: line status=0x1c irqs=38 bytes=38 kbd gsi=1 rte=0x0000000000000024 aux gsi=12 rte=0x0000000000000024
[kernel 30.251 cpu4] heartbeat: cpu0 last reached one 28.747s ago
[kernel 30.541 cpu6] heartbeat: t=30.541s alive=7/8 mask=0xfe ran=0 gap=0.290s
[kernel 30.541 cpu6] i8042: line status=0x1c irqs=38 bytes=38 kbd gsi=1 rte=0x0000000000000024 aux gsi=12 rte=0x0000000000000024
[kernel 30.541 cpu6] heartbeat: cpu0 last reached one 29.037s ago
[kernel 30.842 cpu1] heartbeat: t=30.842s alive=7/8 mask=0xfe ran=0 gap=0.300s
[kernel 30.842 cpu1] i8042: line status=0x1c irqs=38 bytes=38 kbd gsi=1 rte=0x0000000000000024 aux gsi=12 rte=0x0000000000000024
[kernel 30.842 cpu1] heartbeat: cpu0 last reached one 29.338s ago
[kernel 31.105 cpu7] heartbeat: t=31.105s alive=7/8 mask=0xfe ran=0 gap=0.262s
[kernel 31.105 cpu7] i8042: line status=0x1c irqs=38 bytes=38 kbd gsi=1 rte=0x0000000000000024 aux gsi=12 rte=0x0000000000000024
[kernel 31.105 cpu7] heartbeat: cpu0 last reached one 29.601s ago
[kernel 31.330 cpu7] sched: cpu=7 ready=0 parked=0 current=None
[kernel 31.330 cpu7] PMM: 114/15962MB used (7924 pages free)
[kernel 31.330 cpu7]   kernel-heap  alloc=     6 free=     0 held=     6 (12MB) rate=0/s
[kernel 31.330 cpu7]   demand-page  alloc=     5 free=     1 held=     4 (8MB) rate=0/s
[kernel 31.330 cpu7]   mmap         alloc=    19 free=     1 held=    18 (36MB) rate=0/s
[kernel 31.330 cpu7]   shared-mem   alloc=     3 free=     0 held=     3 (6MB) rate=0/s
[kernel 31.330 cpu7]   elf          alloc=     4 free=     1 held=     3 (6MB) rate=0/s
[kernel 31.330 cpu7]   dma          alloc=     6 free=     0 held=     6 (12MB) rate=0/s
[kernel 31.330 cpu7]   framebuffer  alloc=     1 free=     0 held=     1 (2MB) rate=0/s
[kernel 31.330 cpu7]   stack        alloc=    16 free=     4 held=    12 (24MB) rate=0/s
[kernel 31.330 cpu7]   init-tls     alloc=     5 free=     1 held=     4 (8MB) rate=0/s
[kernel 31.342 cpu2] sched: cpu=2 ready=0 parked=0 current=None
[kernel 31.355 cpu2] heartbeat: t=31.355s alive=7/8 mask=0xfe ran=0 gap=0.250s
[kernel 31.355 cpu2] i8042: line status=0x1c irqs=38 bytes=38 kbd gsi=1 rte=0x0000000000000024 aux gsi=12 rte=0x0000000000000024
[kernel 31.355 cpu2] heartbeat: cpu0 last reached one 29.851s ago
[kernel 31.369 cpu5] sched: cpu=5 ready=0 parked=0 current=None
[kernel 31.474 cpu1] sched: cpu=1 ready=0 parked=1 current=None
[kernel 31.474 cpu3] sched: cpu=3 ready=0 parked=1 current=None
[kernel 31.482 cpu6] sched: cpu=6 ready=0 parked=0 current=None
[kernel 31.486 cpu4] sched: cpu=4 ready=0 parked=1 current=None
[kernel 31.608 cpu4] heartbeat: t=31.608s alive=7/8 mask=0xfe ran=0 gap=0.252s
[kernel 31.608 cpu4] i8042: line status=0x1c irqs=38 bytes=38 kbd gsi=1 rte=0x0000000000000024 aux gsi=12 rte=0x0000000000000024
[kernel 31.608 cpu4] heartbeat: cpu0 last reached one 30.104s ago
[kernel 31.860 cpu7] heartbeat: t=31.860s alive=7/8 mask=0xfe ran=0 gap=0.251s
[kernel 31.860 cpu7] i8042: line status=0x1c irqs=38 bytes=38 kbd gsi=1 rte=0x0000000000000024 aux gsi=12 rte=0x0000000000000024
[kernel 31.860 cpu7] heartbeat: cpu0 last reached one 30.356s ago
[kernel 32.113 cpu4] heartbeat: t=32.113s alive=7/8 mask=0xfe ran=0 gap=0.252s
[kernel 32.113 cpu4] i8042: line status=0x1c irqs=38 bytes=38 kbd gsi=1 rte=0x0000000000000024 aux gsi=12 rte=0x0000000000000024
[kernel 32.113 cpu4] heartbeat: cpu0 last reached one 30.609s ago
[kernel 32.374 cpu3] heartbeat: t=32.374s alive=7/8 mask=0xfe ran=0 gap=0.260s
[kernel 32.374 cpu3] i8042: line status=0x1c irqs=38 bytes=38 kbd gsi=1 rte=0x0000000000000024 aux gsi=12 rte=0x0000000000000024
[kernel 32.374 cpu3] heartbeat: cpu0 last reached one 30.870s ago
[kernel 32.626 cpu6] heartbeat: t=32.626s alive=7/8 mask=0xfe ran=0 gap=0.252s
[kernel 32.626 cpu6] i8042: line status=0x1c irqs=38 bytes=38 kbd gsi=1 rte=0x0000000000000024 aux gsi=12 rte=0x0000000000000024
[kernel 32.626 cpu6] heartbeat: cpu0 last reached one 31.122s ago
[kernel 32.877 cpu3] heartbeat: t=32.877s alive=7/8 mask=0xfe ran=0 gap=0.250s
[kernel 32.877 cpu3] i8042: line status=0x1c irqs=38 bytes=38 kbd gsi=1 rte=0x0000000000000024 aux gsi=12 rte=0x0000000000000024
[kernel 32.877 cpu3] heartbeat: cpu0 last reached one 31.372s ago
[kernel 33.173 cpu6] heartbeat: t=33.173s alive=7/8 mask=0xfe ran=0 gap=0.295s
[kernel 33.173 cpu6] i8042: line status=0x1c irqs=38 bytes=38 kbd gsi=1 rte=0x0000000000000024 aux gsi=12 rte=0x0000000000000024
[kernel 33.173 cpu6] heartbeat: cpu0 last reached one 31.668s ago
[kernel 33.426 cpu5] heartbeat: t=33.426s alive=7/8 mask=0xfe ran=0 gap=0.253s
[kernel 33.426 cpu5] i8042: line status=0x1c irqs=38 bytes=38 kbd gsi=1 rte=0x0000000000000024 aux gsi=12 rte=0x0000000000000024
[kernel 33.426 cpu5] heartbeat: cpu0 last reached one 31.922s ago
[kernel 33.693 cpu5] heartbeat: t=33.693s alive=7/8 mask=0xfe ran=0 gap=0.266s
[kernel 33.693 cpu5] i8042: line status=0x1c irqs=38 bytes=38 kbd gsi=1 rte=0x0000000000000024 aux gsi=12 rte=0x0000000000000024
[kernel 33.693 cpu5] heartbeat: cpu0 last reached one 32.189s ago
[kernel 33.926 cpu1] i8042: 38 interrupts, 38 bytes, 21 keys, 0 motion, 1 undecoded, 0 discarded, 0 overruns, 0 dropped, 0 lost edges — last byte at 25447ms
[kernel 33.956 cpu2] heartbeat: t=33.956s alive=7/8 mask=0xfe ran=0 gap=0.263s
[kernel 33.956 cpu2] i8042: line status=0x1c irqs=38 bytes=38 kbd gsi=1 rte=0x0000000000000024 aux gsi=12 rte=0x0000000000000024
[kernel 33.956 cpu2] heartbeat: cpu0 last reached one 32.452s ago
[kernel 34.215 cpu6] heartbeat: t=34.215s alive=7/8 mask=0xfe ran=0 gap=0.258s
[kernel 34.215 cpu6] i8042: line status=0x1c irqs=38 bytes=38 kbd gsi=1 rte=0x0000000000000024 aux gsi=12 rte=0x0000000000000024
[kernel 34.215 cpu6] heartbeat: cpu0 last reached one 32.711s ago
[kernel 34.479 cpu3] heartbeat: t=34.479s alive=7/8 mask=0xfe ran=0 gap=0.264s
[kernel 34.479 cpu3] i8042: line status=0x1c irqs=38 bytes=38 kbd gsi=1 rte=0x0000000000000024 aux gsi=12 rte=0x0000000000000024
[kernel 34.479 cpu3] heartbeat: cpu0 last reached one 32.975s ago
[kernel 34.734 cpu7] heartbeat: t=34.734s alive=7/8 mask=0xfe ran=0 gap=0.255s
[kernel 34.734 cpu7] i8042: line status=0x1c irqs=38 bytes=38 kbd gsi=1 rte=0x0000000000000024 aux gsi=12 rte=0x0000000000000024
[kernel 34.735 cpu7] heartbeat: cpu0 last reached one 33.230s ago
[kernel 34.995 cpu3] heartbeat: t=34.995s alive=7/8 mask=0xfe ran=0 gap=0.260s
[kernel 34.995 cpu3] i8042: line status=0x1c irqs=38 bytes=38 kbd gsi=1 rte=0x0000000000000024 aux gsi=12 rte=0x0000000000000024
[kernel 34.995 cpu3] heartbeat: cpu0 last reached one 33.491s ago
[kernel 35.249 cpu4] heartbeat: t=35.249s alive=7/8 mask=0xfe ran=0 gap=0.253s
[kernel 35.249 cpu4] i8042: line status=0x1c irqs=38 bytes=38 kbd gsi=1 rte=0x0000000000000024 aux gsi=12 rte=0x0000000000000024
[kernel 35.249 cpu4] heartbeat: cpu0 last reached one 33.745s ago
[kernel 35.517 cpu3] heartbeat: t=35.517s alive=7/8 mask=0xfe ran=0 gap=0.267s
[kernel 35.517 cpu3] i8042: line status=0x1c irqs=38 bytes=38 kbd gsi=1 rte=0x0000000000000024 aux gsi=12 rte=0x0000000000000024
[kernel 35.517 cpu3] heartbeat: cpu0 last reached one 34.012s ago
[kernel 35.775 cpu3] heartbeat: t=35.775s alive=7/8 mask=0xfe ran=0 gap=0.258s
[kernel 35.775 cpu3] i8042: line status=0x1c irqs=38 bytes=38 kbd gsi=1 rte=0x0000000000000024 aux gsi=12 rte=0x0000000000000024
[kernel 35.775 cpu3] heartbeat: cpu0 last reached one 34.270s ago
[kernel 36.027 cpu3] heartbeat: t=36.027s alive=7/8 mask=0xfe ran=0 gap=0.252s
[kernel 36.027 cpu3] i8042: line status=0x1c irqs=38 bytes=38 kbd gsi=1 rte=0x0000000000000024 aux gsi=12 rte=0x0000000000000024
[kernel 36.027 cpu3] heartbeat: cpu0 last reached one 34.523s ago
[kernel 36.335 cpu5] heartbeat: t=36.335s alive=7/8 mask=0xfe ran=0 gap=0.308s
[kernel 36.335 cpu5] i8042: line status=0x1c irqs=38 bytes=38 kbd gsi=1 rte=0x0000000000000024 aux gsi=12 rte=0x0000000000000024
[kernel 36.335 cpu5] heartbeat: cpu0 last reached one 34.831s ago
[kernel 36.658 cpu1] heartbeat: t=36.658s alive=7/8 mask=0xfe ran=0 gap=0.323s
[kernel 36.658 cpu1] i8042: line status=0x1c irqs=38 bytes=38 kbd gsi=1 rte=0x0000000000000024 aux gsi=12 rte=0x0000000000000024
[kernel 36.658 cpu1] heartbeat: cpu0 last reached one 35.154s ago
[kernel 36.951 cpu1] heartbeat: t=36.951s alive=7/8 mask=0xfe ran=0 gap=0.292s
[kernel 36.951 cpu1] i8042: line status=0x1c irqs=38 bytes=38 kbd gsi=1 rte=0x0000000000000024 aux gsi=12 rte=0x0000000000000024
[kernel 36.951 cpu1] heartbeat: cpu0 last reached one 35.447s ago
[kernel 37.206 cpu3] heartbeat: t=37.206s alive=7/8 mask=0xfe ran=0 gap=0.254s
[kernel 37.206 cpu3] i8042: line status=0x1c irqs=38 bytes=38 kbd gsi=1 rte=0x0000000000000024 aux gsi=12 rte=0x0000000000000024
[kernel 37.206 cpu3] heartbeat: cpu0 last reached one 35.701s ago
[kernel 37.459 cpu4] heartbeat: t=37.459s alive=7/8 mask=0xfe ran=0 gap=0.252s
[kernel 37.459 cpu4] i8042: line status=0x1c irqs=38 bytes=38 kbd gsi=1 rte=0x0000000000000024 aux gsi=12 rte=0x0000000000000024
[kernel 37.459 cpu4] heartbeat: cpu0 last reached one 35.954s ago
[kernel 37.748 cpu5] heartbeat: t=37.748s alive=7/8 mask=0xfe ran=0 gap=0.289s
[kernel 37.748 cpu5] i8042: line status=0x1c irqs=38 bytes=38 kbd gsi=1 rte=0x0000000000000024 aux gsi=12 rte=0x0000000000000024
[kernel 37.748 cpu5] heartbeat: cpu0 last reached one 36.244s ago
[kernel 38.006 cpu6] heartbeat: t=38.006s alive=7/8 mask=0xfe ran=0 gap=0.258s
[kernel 38.006 cpu6] i8042: line status=0x1c irqs=38 bytes=38 kbd gsi=1 rte=0x0000000000000024 aux gsi=12 rte=0x0000000000000024
[kernel 38.006 cpu6] heartbeat: cpu0 last reached one 36.502s ago
[kernel 38.259 cpu6] heartbeat: t=38.259s alive=7/8 mask=0xfe ran=0 gap=0.252s
[kernel 38.259 cpu6] i8042: line status=0x1c irqs=38 bytes=38 kbd gsi=1 rte=0x0000000000000024 aux gsi=12 rte=0x0000000000000024
[kernel 38.259 cpu6] heartbeat: cpu0 last reached one 36.754s ago
[kernel 38.538 cpu2] heartbeat: t=38.538s alive=7/8 mask=0xfe ran=0 gap=0.279s
[kernel 38.538 cpu2] i8042: line status=0x1c irqs=38 bytes=38 kbd gsi=1 rte=0x0000000000000024 aux gsi=12 rte=0x0000000000000024
[kernel 38.538 cpu2] heartbeat: cpu0 last reached one 37.033s ago
[kernel 38.788 cpu6] heartbeat: t=38.788s alive=7/8 mask=0xfe ran=0 gap=0.250s
[kernel 38.788 cpu6] i8042: line status=0x1c irqs=38 bytes=38 kbd gsi=1 rte=0x0000000000000024 aux gsi=12 rte=0x0000000000000024
[kernel 38.789 cpu6] heartbeat: cpu0 last reached one 37.284s ago
[kernel 39.054 cpu2] heartbeat: t=39.054s alive=7/8 mask=0xfe ran=0 gap=0.265s
[kernel 39.054 cpu2] i8042: line status=0x1c irqs=38 bytes=38 kbd gsi=1 rte=0x0000000000000024 aux gsi=12 rte=0x0000000000000024
[kernel 39.054 cpu2] heartbeat: cpu0 last reached one 37.550s ago
[kernel 39.306 cpu7] heartbeat: t=39.306s alive=7/8 mask=0xfe ran=0 gap=0.252s
[kernel 39.306 cpu7] i8042: line status=0x1c irqs=38 bytes=38 kbd gsi=1 rte=0x0000000000000024 aux gsi=12 rte=0x0000000000000024
[kernel 39.307 cpu7] heartbeat: cpu0 last reached one 37.802s ago
[kernel 39.563 cpu2] heartbeat: t=39.563s alive=7/8 mask=0xfe ran=0 gap=0.256s
[kernel 39.563 cpu2] i8042: line status=0x1c irqs=38 bytes=38 kbd gsi=1 rte=0x0000000000000024 aux gsi=12 rte=0x0000000000000024
[kernel 39.563 cpu2] heartbeat: cpu0 last reached one 38.059s ago
[kernel 39.841 cpu2] heartbeat: t=39.841s alive=7/8 mask=0xfe ran=0 gap=0.277s
[kernel 39.841 cpu2] i8042: line status=0x1c irqs=38 bytes=38 kbd gsi=1 rte=0x0000000000000024 aux gsi=12 rte=0x0000000000000024
[kernel 39.841 cpu2] heartbeat: cpu0 last reached one 38.337s ago
[kernel 40.093 cpu2] heartbeat: t=40.093s alive=7/8 mask=0xfe ran=0 gap=0.251s
[kernel 40.093 cpu2] i8042: line status=0x1c irqs=38 bytes=38 kbd gsi=1 rte=0x0000000000000024 aux gsi=12 rte=0x0000000000000024
[kernel 40.093 cpu2] heartbeat: cpu0 last reached one 38.589s ago
[kernel 40.374 cpu5] heartbeat: t=40.374s alive=7/8 mask=0xfe ran=0 gap=0.280s
[kernel 40.374 cpu5] i8042: line status=0x1c irqs=38 bytes=38 kbd gsi=1 rte=0x0000000000000024 aux gsi=12 rte=0x0000000000000024
[kernel 40.374 cpu5] heartbeat: cpu0 last reached one 38.869s ago
[kernel 40.643 cpu2] heartbeat: t=40.643s alive=7/8 mask=0xfe ran=0 gap=0.268s
[kernel 40.643 cpu2] i8042: line status=0x1c irqs=38 bytes=38 kbd gsi=1 rte=0x0000000000000024 aux gsi=12 rte=0x0000000000000024
[kernel 40.643 cpu2] heartbeat: cpu0 last reached one 39.138s ago
